
BKMZGLADVQRTRGRYZCANDBWYROTSJOZOTNQYGYGCGWIQLGRABVADGLKXEPGHSTRBVJBOKEBEUBMUJFSEILBKKMDMJKWZVFSQPCTW
BKMZGLADVQRTRGRYZCANDBWYROTSJOZOTNQYGYGCGWIQLGRABVADGLKXEPGHSTRBVJBOKEBEUBMUJFSEILBKKMDMJKWZVFSQPCTW
BKZGLAVQRTRCNWYRTSJOZNQYGGGAVADGLXEPHTRBJBEMUEILBJKVFSPCWTQZWMDMKKSFJBUEBKOVSGKBRLQIWGCYTOOBDAZYGRDM
KVFSPCWTQZWMDMKKSFJBUEBKOVSGKBRLQIWGCYTOOBDAZYGRDMBKZGLAVQRTRCNWYRTSJOZNQYGGGAVADGLXEPHTRBJBEMUEILBJ
FPWQZDMKUESKBRQIYOOGMBKGQRCWRTSZYGAXEMUILJBEEBJBRTHPLGDAVGGQNOJYNRTVALZDRYZADBTCGWLGVOKBBJFSKMWTCSVK
HPLGDAVGGQNOJYNRTVALZDRYZADBTCGWLGVOKBBJFSKMWTCSVKFPWQZDMKUESKBRQIYOOGMBKGQRCWRTSZYGAXEMUILJBEEBJBRT
HGVGNOJYNTVLDZATGWGKBJKMTCSPWQUSKBRQYMQRCZGXEMJBEJRTBBELIUAYSTRWGKBGOOIEKMDZFKVWSFBOVLCBDYRZARQGADLP
RTBBELIUAYSTRWGKBGOOIEKMDZFKVWSFBOVLCBDYRZARQGADLPHGVGNOJYNTVLDZATGWGKBJKMTCSPWQUSKBRQYMQRCZGXEMJBEJ
RIUAGKBGIZKVFLBYRARDGGOVLZTGKBJKCSWSKRQMQRCZGXEMBJEJYBUQPTMWGADTNYJNVHPLAGQZDCVOBSWFDMKEOOWRTSYLEBBT
RIUAGKBGIZKVFLBYRARDGGOVLZTGKBJKCSWSKRQMQRCZGXEMBJEJYBUQPTMWGADTNYJNVHPLAGQZDCVOBSWFDMKEOOWRTSYLEBBT
IGKILBYRDGGVZCKRQMQRGXJEJPMWADYHPAGDCVBWMERSEBTBLYTWOOKDFSOZQLVNJNTGTQUBYBMEZCSWSKJBKGTLOARFVKZGBAUR
IGKILBYRDGGVZCKRQMQRGXJEJPMWADYHPAGDCVBWMERSEBTBLYTWOOKDFSOZQLVNJNTGTQUBYBMEZCSWSKJBKGTLOARFVKZGBAUR
GBDGGVZKQRGXJWAPAGDCBRSEBYTWODFQLTGTUBYECKBKOZGBAURKVFRALTGJSWSZMBQNJNVZOSKOLBTEMWVHYDMPJEQMRCRYLIKI
GBDGGVZKQRGXJWAPAGDCBRSEBYTWODFQLTGTUBYECKBKOZGBAURKVFRALTGJSWSZMBQNJNVZOSKOLBTEMWVHYDMPJEQMRCRYLIKI
BDGGKQWABSBWODQGUBECBKZVFRALTGSWZMNNVSKOLEMHMQMRYLIIKRCEJPDYVWTBOZJQBSJKRUABGOKYTTLFTYERCDGPAJXGRZVG
BDGGKQWABSBWODQGUBECBKZVFRALTGSWZMNNVSKOLEMHMQMRYLIIKRCEJPDYVWTBOZJQBSJKRUABGOKYTTLFTYERCDGPAJXGRZVG
GQWABBQBEBKZALTSVKHMRLIRCPDWJBBKYLTECDJGRGVZXAPGRYFTTOGAURKJSQZOBTVYJEKIYQMMELOSNNMZWGRFVCUGDOWSKGDB
GQWABBQBEBKZALTSVKHMRLIRCPDWJBBKYLTECDJGRGVZXAPGRYFTTOGAURKJSQZOBTVYJEKIYQMMELOSNNMZWGRFVCUGDOWSKGDB
GWEBALTVHMRIRCKLTECGRGAPGRYFGARKJQVYJIYLOSNZGRFWKGBDSODGUCVWMNEMMQKETBOZSUOTTXZVJDYBBJWDPLKSZKBQBBAQ
BDSODGUCVWMNEMMQKETBOZSUOTTXZVJDYBBJWDPLKSZKBQBBAQGWEBALTVHMRIRCKLTECGRGAPGRYFGARKJQVYJIYLOSNZGRFWKG
SODCVWMQTBOZTVDBJWLZBABATVHRIRLTGAPAQVYJYSZGFWKGRNOLIJKRGFYRGGRCEKCMLEWGQBQBKSKPDBYJZXTOUSEKMENMUGDB
SODCVWMQTBOZTVDBJWLZBABATVHRIRLTGAPAQVYJYSZGFWKGRNOLIJKRGFYRGGRCEKCMLEWGQBQBKSKPDBYJZXTOUSEKMENMUGDB
DCVWQZVBATVRRAPVYYSGFKOIRFRGRCLWKKPDBYJZXOUSEMENMUGDBKTSBQBQGEMCKEGYGKJLNRGWZJQAGTLIHBAZLWJBDTOBTMOS
DCVWQZVBATVRRAPVYYSGFKOIRFRGRCLWKKPDBYJZXOUSEMENMUGDBKTSBQBQGEMCKEGYGKJLNRGWZJQAGTLIHBAZLWJBDTOBTMOS
DCVWQVBTVRRPVSFGCLKBYJZSENBKSBQGECKGGJLNGWZTHAZLWJTMOSBOTDBBILGAQJRKYEMQBTDGUMMEUOXDPKWRRRIOKFGYYAAZ
DCVWQVBTVRRPVSFGCLKBYJZSENBKSBQGECKGGJLNGWZTHAZLWJTMOSBOTDBBILGAQJRKYEMQBTDGUMMEUOXDPKWRRRIOKFGYYAAZ
CVWRVGKSNBKSGCNZLTSODBILQJYEMTGMMODKWRRRKGYYAAZFOIPXUEUDBQKRAGBTBOMJWZAHTWGLJGGKEQBEZJYBLCFSPRVTBVQD
PXUEUDBQKRAGBTBOMJWZAHTWGLJGGKEQBEZJYBLCFSPRVTBVQDCVWRVGKSNBKSGCNZLTSODBILQJYEMTGMMODKWRRRKGYYAAZFOI
PXUDBQKRAGBJWHTWGJGKBEBLRVQCVGKNBKCNZLTBIQYEMTGMMOKRRGYYAZOIFAKRWDJLDOSGSSRWVDBTVPSFCYJZQEGLAZMOBTEU
PXUDBQKRAGBJWHTWGJGKBEBLRVQCVGKNBKCNZLTBIQYEMTGMMOKRRGYYAZOIFAKRWDJLDOSGSSRWVDBTVPSFCYJZQEGLAZMOBTEU
PXQRJGJGKBELRVKNZLBQYTGORGYYFAKRDLDOSFCYJQAZMOUETBLGEZSPVTBDVWRSGSJWIOZARKMMMEITCBNKGVCQBWTHWBGAKBDU
LGEZSPVTBDVWRSGSJWIOZARKMMMEITCBNKGVCQBWTHWBGAKBDUPXQRJGJGKBELRVKNZLBQYTGORGYYFAKRDLDOSFCYJQAZMOUETB
GEVWRGSARMMTCGVCHWBAKDUPQRGGKBLRVKQYGOGYYFAOCJAZOTBEUMQYFSDLDRKRTBLZNEJJXBGTWBQKNBIEMKZOIWJSVDBTPSZL
BEUMQYFSDLDRKRTBLZNEJJXBGTWBQKNBIEMKZOIWJSVDBTPSZLGEVWRGSARMMTCGVCHWBAKDUPQRGGKBLRVKQYGOGYYFAOCJAZOT
BEUMQSDDKTBZNEJTWBQKIEMIWSTZGEGRMMGVBAKUGBRVQYOGYCZOTAJOAFYGKLKGRQPDWHCCTASRWVLSPBDVJOZKBNGBXJLRRLFY
BEUMQSDDKTBZNEJTWBQKIEMIWSTZGEGRMMGVBAKUGBRVQYOGYCZOTAJOAFYGKLKGRQPDWHCCTASRWVLSPBDVJOZKBNGBXJLRRLFY
BEUTEBKIIWTZGGMVBAKUBRVYCAJOKKRQDCTAWDJOBNBXJRLYFRLGKZVBPSLVRSCHWPGLGYFATOZYGOQGGMRESMEQWTJNZBKDDSQM
BEUTEBKIIWTZGGMVBAKUBRVYCAJOKKRQDCTAWDJOBNBXJRLYFRLGKZVBPSLVRSCHWPGLGYFATOZYGOQGGMRESMEQWTJNZBKDDSQM
BEUTEBKIWMVBABRAKWDJONBJRFRZPVPYAOYGESMNDDMQSKBZJTWQERMGGQOZTFGLGWHCSRLSBVKGLYLXBATCDQRKOJCYVUKGGZTI
BEUTEBKIWMVBABRAKWDJONBJRFRZPVPYAOYGESMNDDMQSKBZJTWQERMGGQOZTFGLGWHCSRLSBVKGLYLXBATCDQRKOJCYVUKGGZTI
BEUTEARKDONBJRPOYGEMNDSZTQRMGOZTFLGWCBVKGYXATCDQRKOJYVKGTIZGUCBLLSLRSHGQGEWJBKQMDSAYPVZFRJWABBVMWIKB
BEUTEARKDONBJRPOYGEMNDSZTQRMGOZTFLGWCBVKGYXATCDQRKOJYVKGTIZGUCBLLSLRSHGQGEWJBKQMDSAYPVZFRJWABBVMWIKB
URDNBRPYMNSZRMGZTGVGXACRKYGIZGUCBLSQKQYRABIBKWMVBWJFZVPASDMBJWEGGHSRLLTKVJOQDTYKBCWLFOQTDEGOJOKAETEB
JFZVPASDMBJWEGGHSRLLTKVJOQDTYKBCWLFOQTDEGOJOKAETEBURDNBRPYMNSZRMGZTGVGXACRKYGIZGUCBLSQKQYRABIBKWMVBW
FZPASDBJEHTKDYKBWOOTURNBRZGGXCRKGZUCSQQYBBKWMWBVIARKLBGIYAGVTZMRSNMYPDBEEAKOJGEDTQFLCTQOJVLLRSGGWMVJ
RKLBGIYAGVTZMRSNMYPDBEEAKOJGEDTQFLCTQOJVLLRSGGWMVJFZPASDBJEHTKDYKBWOOTURNBRZGGXCRKGZUCSQQYBBKWMWBVIA
RLGIAGTZSMDKJGLCQOVGGVPAEHYBWOTURRZGXRGCSQBWWBVAIMKBYQUZKCGBNOKDKTJBDSZFJMWSRLLJTFQTDEOAEEBPYNRMVYBK
RLGIAGTZSMDKJGLCQOVGGVPAEHYBWOTURRZGXRGCSQBWWBVAIMKBYQUZKCGBNOKDKTJBDSZFJMWSRLLJTFQTDEOAEEBPYNRMVYBK
RLGATZMKJGQVAEYBTUGCSWBIMYQUGBODKJDFJRLLJTDEEBYMBKYVRNPEAOTQFSWMZSBTKNCKZBKAVWBQGRXZRROWHPVGGOCLDSGI
YVRNPEAOTQFSWMZSBTKNCKZBKAVWBQGRXZRROWHPVGGOCLDSGIRLGATZMKJGQVAEYBTUGCSWBIMYQUGBODKJDFJRLLJTDEEBYMBK
YVREAOTQZSCZKVWBQRROVGCDRLMJVEYTUGCWIMGODJJDEYBKMBETLLRFJKDBUQYBSBAQGKZTAGIGSLOGPHWRZXGABKNKTBMWSFPN
ETLLRFJKDBUQYBSBAQGKZTAGIGSLOGPHWRZXGABKNKTBMWSFPNYVREAOTQZSCZKVWBQRROVGCDRLMJVEYTUGCWIMGODJJDEYBKMB
LFKUQBBAGKGGOPHWRBKNKMWSPYATZCZVWBRVGCRLMVGCWDDYBBMKEJJOGMIUTYEJDORQKSQOERVNFBTAGXZGLSIATZQSYBDJRLTE
MKEJJOGMIUTYEJDORQKSQOERVNFBTAGXZGLSIATZQSYBDJRLTELFKUQBBAGKGGOPHWRBKNKMWSPYATZCZVWBRVGCRLMVGCWDDYBB
MKEJOMUTEJDORQKSOXGIAQBLTLFUQBBKOHWRMWSYZVGCRLMVGYBBDDWCVRBWZCTAPKNKBPGGGAKERJDYSZTSLZGATBFNVREQYIGJ
BBDDWCVRBWZCTAPKNKBPGGGAKERJDYSZTSLZGATBFNVREQYIGJMKEJOMUTEJDORQKSOXGIAQBLTLFUQBBKOHWRMWSYZVGCRLMVGY
BBDDVRBAKNBPGGAKERJYSLTBNQYGKJOQSXLTUBOZVRLVYGMCGYSWMRWHKBQFLBQAIGOKRODJETUMEMJIERVFAGZSTZDGKPTCZWCW
BBDDVRBAKNBPGGAKERJYSLTBNQYGKJOQSXLTUBOZVRLVYGMCGYSWMRWHKBQFLBQAIGOKRODJETUMEMJIERVFAGZSTZDGKPTCZWCW
BBDDVRAKNPGAERQYGJQUBZVYYSWMRBFBAGKRDJEUMEEVFAGZTGPTCWCWZKDZSRIJMTOOIQLQKHWGCMGVLROTLXSOKNBTLSYJKGBB
PTCWCWZKDZSRIJMTOOIQLQKHWGCMGVLROTLXSOKNBTLSYJKGBBBBDDVRAKNPGAERQYGJQUBZVYYSWMRBFBAGKRDJEUMEEVFAGZTG
PCWWKZTOIQWGGLOTXSOKNTLSJKGBBBDNPAEQBZVYSBGDEUEEAGZTGFVMJRKABFRMWYUJGYQRGKARVDBYBLRVMCHKLQOMJIRSDZCT
ZTGFVMJRKABFRMWYUJGYQRGKARVDBYBLRVMCHKLQOMJIRSDZCTPCWWKZTOIQWGGLOTXSOKNTLSJKGBBBDNPAEQBZVYSBGDEUEEAG
ZTMJAFWUJYQKARBBMHQORDTPWKTOIGGOXSOKSKGBDAQZYBGEUGAEEDSVBEPNBBJLTNTLWQZWCCZSIJMLKCVRLYDVGRGYMRBKRVFG
ZTMJAFWUJYQKARBBMHQORDTPWKTOIGGOXSOKSKGBDAQZYBGEUGAEEDSVBEPNBBJLTNTLWQZWCCZSIJMLKCVRLYDVGRGYMRBKRVFG
JAFUARBBMDTOIGOXBDQGEVBEPBJLTWQZWZJLRDVGYMBKFGVRRGRYLVCKMISCCLTNBNSDEAGUEBYZAGKSKOSGKWPTROQHKQYJWMTZ
JAFUARBBMDTOIGOXBDQGEVBEPBJLTWQZWZJLRDVGYMBKFGVRRGRYLVCKMISCCLTNBNSDEAGUEBYZAGKSKOSGKWPTROQHKQYJWMTZ
JFUDOGXDQGEBBLTWQZJLDFGRGYLVCMISCNBNDEGEGKSKOSKWPTROQHKQZTMWJYGAZYBUASTLCKRRVKBMYGVRZWJPEVBOITMBBRAA
ROQHKQZTMWJYGAZYBUASTLCKRRVKBMYGVRZWJPEVBOITMBBRAAJFUDOGXDQGEBBLTWQZJLDFGRGYLVCMISCNBNDEGEGKSKOSKWPT
QKQTMWAZYBUSCKRRVKBYGVZJPEMBRAAJDGQEBTWZJLYLMINDGGSKKWPTSOKEEBNCSCVGRGFDQLBGDXOUFBTIOBVWRMLTAGYJZHOR
SKKWPTSOKEEBNCSCVGRGFDQLBGDXOUFBTIOBVWRMLTAGYJZHORQKQTMWAZYBUSCKRRVKBYGVZJPEMBRAAJDGQEBTWZJLYLMINDGG
KSKBNSVGQGXOFBTIOVWRMLTAQKTMABUCKRVKYGVZJMBAGQBZYLMGGDNILJWTEDJAREPBRSYZWQROHZJYGBUDBLDFGRCCEEOTPWKS
MGGDNILJWTEDJAREPBRSYZWQROHZJYGBUDBLDFGRCCEEOTPWKSKSKBNSVGQGXOFBTIOVWRMLTAQKTMABUCKRVKYGVZJMBAGQBZYL
MGGTDBRSZWQOHYGBLDGCCEESNSGQGXOFTIVRMLTAQMABKKGZMZLYBQGABJVYVRCUTKWOBVBKKSKWPTORFDUBJZRYPERAJEWJLIND
MGGTDBRSZWQOHYGBLDGCCEESNSGQGXOFTIVRMLTAQMABKKGZMZLYBQGABJVYVRCUTKWOBVBKKSKWPTORFDUBJZRYPERAJEWJLIND
MGGTDRZWHGLGCSSGFIRQAKGZYQGABCTWOVKWOFUBPEAEJDNILWJRYRZJDRTPSKKBBKURVYVJBLMZKBMATLMVTOXQGNEECDBYOQSB
JRYRZJDRTPSKKBBKURVYVJBLMZKBMATLMVTOXQGNEECDBYOQSBMGGTDRZWHGLGCSSGFIRQAKGZYQGABCTWOVKWOFUBPEAEJDNILW
YRZTPKKBUVYBBMAVTOXQGEEDBOSBZWHLGCGFRAKGAKOFEEJDLWINAPBUWVOWTCBQYZGQISSGRDTGGMQYCNMLTKZMLJVRKBSRDJRJ
INAPBUWVOWTCBQYZGQISSGRDTGGMQYCNMLTKZMLJVRKBSRDJRJYRZTPKKBUVYBBMAVTOXQGEEDBOSBZWHLGCGFRAKGAKOFEEJDLW
PUVTBQZQGQCMZMRDJJYRZTKBVYBAVOQEDSWLGGFGKOFEWLDJEAKARCHZBOBEGXTMBUKPRRSBKVJLKTLNYMGTDRGSSIGYCWOWBANI
PUVTBQZQGQCMZMRDJJYRZTKBVYBAVOQEDSWLGGFGKOFEWLDJEAKARCHZBOBEGXTMBUKPRRSBKVJLKTLNYMGTDRGSSIGYCWOWBANI
PVBQGMZMJJYZTKBBOQESWGFKOFEWAKARCBXTBKSKVJLNYRGSCWBINAWOYGISDTGMLTKBRRPUMGEOBZHEJDLGGLDVAYVRDRCQQZTU
BINAWOYGISDTGMLTKBRRPUMGEOBZHEJDLGGLDVAYVRDRCQQZTUPVBQGMZMJJYZTKBBOQESWGFKOFEWAKARCBXTBKSKVJLNYRGSCW
BNAOSDBRRPMGOBEJGDVAVRQZUPVQGMZZTOQEWKFEAKABXKSKJRSWCGYNLVBTCRWOFGSBBKYJJMBTQCDRYLGLDHZEUKTLMGTIGYWI
SWCGYNLVBTCRWOFGSBBKYJJMBTQCDRYLGLDHZEUKTLMGTIGYWIBNAOSDBRRPMGOBEJGDVAVRQZUPVQGMZZTOQEWKFEAKABXKSKJR
WCNLVTRSBBYMBTQLTIGWBASDBRPGOBJGDVUPVMOKBKSRJKXAAEFKWEQTZZGQZQRVAEMRONIYGMTKUEZHDLGLYRDCJJKGFOWCBYGS
WCNLVTRSBBYMBTQLTIGWBASDBRPGOBJGDVUPVMOKBKSRJKXAAEFKWEQTZZGQZQRVAEMRONIYGMTKUEZHDLGLYRDCJJKGFOWCBYGS
WCNLTRSBMTLGWARPJGDPMOKBKKXZQQRNIGMTKUEZLGRJJGOWCGSYBFKCDYLDHYORMEAVZGZTQEWKFEAAJRSVUVBOGBDSBITQBYBV
WCNLTRSBMTLGWARPJGDPMOKBKKXZQQRNIGMTKUEZLGRJJGOWCGSYBFKCDYLDHYORMEAVZGZTQEWKFEAAJRSVUVBOGBDSBITQBYBV
CNLSBMTWRJGPOKKZQTKULGRWCBKYDHYOREZGZQKERSUVSBBYBVQTIDBGOBVJAAFWETVAMLDCFYSGOGJJZEMGINRQXKBMDPAGLRTW
CNLSBMTWRJGPOKKZQTKULGRWCBKYDHYOREZGZQKERSUVSBBYBVQTIDBGOBVJAAFWETVAMLDCFYSGOGJJZEMGINRQXKBMDPAGLRTW
NSBTWJKZTKULHORZKESBQIBOBAFADGEMIQKDPGRTWLAMBXRNGZJJOGSYFCLMVTEWAJVGDTVBYBVUSRQGZEYDYKBCWRGQKOPGRMLC
NSBTWJKZTKULHORZKESBQIBOBAFADGEMIQKDPGRTWLAMBXRNGZJJOGSYFCLMVTEWAJVGDTVBYBVUSRQGZEYDYKBCWRGQKOPGRMLC
BTZZKSQBAFAEIKPGRLXRNGGSFVTWAJVGBYBVURQDKBCWQLCMRGPOKGRYYEZGSVTDEMLCYOJJZBMAWTDQMGDBOIBEROHLUKTKJWSN
POKGRYYEZGSVTDEMLCYOJJZBMAWTDQMGDBOIBEROHLUKTKJWSNBTZZKSQBAFAEIKPGRLXRNGGSFVTWAJVGBYBVURQDKBCWQLCMRG
KGRYEZVTDELCOJBMWQMGDOIEOLUTBQFAEIPGRLXSFVWVYURKBCWQLCRGMDQVBBGJATGGNRKABSKZZTNSWJKKHRBBDTAZJYMSGYOP
WQLCRGMDQVBBGJATGGNRKABSKZZTNSWJKKHRBBDTAZJYMSGYOPKGRYEZVTDELCOJBMWQMGDOIEOLUTBQFAEIPGRLXSFVWVYURKBC
WLCDVJAGNSZTSWKHDTAZJYMGOKRZEOJMDOIUFEPGRFVWVUKCBRYSXLIAQBTLOEGMQWBCLDTVEYGPYSBBRKJNZKBAKRGTGBBQMGRQ
WLCDVJAGNSZTSWKHDTAZJYMGOKRZEOJMDOIUFEPGRFVWVUKCBRYSXLIAQBTLOEGMQWBCLDTVEYGPYSBBRKJNZKBAKRGTGBBQMGRQ
WJGZTSTAZJMGOREMOUFEPGRFVUKCBRYTOEWCDYGKJBKGQRGMQBBGTRAKZNRBBSYPEVTLBQMGLBQAILXSWVIDJOZKYDHKWSNAVDCL
WJGZTSTAZJMGOREMOUFEPGRFVUKCBRYTOEWCDYGKJBKGQRGMQBBGTRAKZNRBBSYPEVTLBQMGLBQAILXSWVIDJOZKYDHKWSNAVDCL
WZTAZREEPBRYECDYGRGAKZNRBBSTQLQVIJOZYKNADCLVSWHDKDWSXLIABGMBLVEPYRTBBQMGQGKBJKWOTCKUVFRGFUOMOGMJTSGJ
WSXLIABGMBLVEPYRTBBQMGQGKBJKWOTCKUVFRGFUOMOGMJTSGJWZTAZREEPBRYECDYGRGAKZNRBBSTQLQVIJOZYKNADCLVSWHDKD
LMLVPYRBBQMGQGKJKOTCKUGUMMJZZREEPBYEZNBTQOYNDSKDDHWVLCAKZJIVQLSBRKAGRGYDCRATWGSTJGOOFRFVWBTEBGBAIXSW
LMLVPYRBBQMGQGKJKOTCKUGUMMJZZREEPBYEZNBTQOYNDSKDDHWVLCAKZJIVQLSBRKAGRGYDCRATWGSTJGOOFRFVWBTEBGBAIXSW
LLVPBGQGOCUGUMZREBNBTNSWLCKIVQLSRKARTGSTJOOVWBTBAWSXIBGEFRFGWARCDYGGBJZAVHDDKDYOQZEYPEZJMKTKJKMQBRYM
SXIBGEFRFGWARCDYGGBJZAVHDDKDYOQZEYPEZJMKTKJKMQBRYMLLVPBGQGOCUGUMZREBNBTNSWLCKIVQLSRKARTGSTJOOVWBTBAW
SXBGEFFGWDYGGDDYQZYPZJMTKMRMLLVBQGOUGUZRENTNLILSRSTJOVBTBAWWOGTRAKQVKCWSBBMCGPYBQKJKEEOKDHVAZJBCRARI
TJOVBTBAWWOGTRAKQVKCWSBBMCGPYBQKJKEEOKDHVAZJBCRARISXBGEFFGWDYGGDDYQZYPZJMTKMRMLLVBQGOUGUZRENTNLILSRS
JOBBWOTAKQVKCWSBCQKJEOVAJRARGFGWDGGDYQZYPZMKMRMLLQOUZTLILRSSNNERUGGBVTJDYFEBXSICBZHDKEKBYPGMBRGWATVT
JOBBWOTAKQVKCWSBCQKJEOVAJRARGFGWDGGDYQZYPZMKMRMLLQOUZTLILRSSNNERUGGBVTJDYFEBXSICBZHDKEKBYPGMBRGWATVT
BBWOTAQKWSBCJEJRGFWDZYMMLZTLRNGVTFBXICZDKGWATTVGRBMPYBKEHBSEYDJBGURENSSLIUOQLRMKZPQYDGGGARAVOKQCVKOJ
BBWOTAQKWSBCJEJRGFWDZYMMLZTLRNGVTFBXICZDKGWATTVGRBMPYBKEHBSEYDJBGURENSSLIUOQLRMKZPQYDGGGARAVOKQCVKOJ
TKSEJRGWMLNGTFBXZGRBYBSDJGURNSSLUOQQGGARAKQJOKVCOVGDYPZKMRLIEBYEHEKBPMVTTAWGKDCIVRTZLMYZDFJCBWQAOWBB
GDYPZKMRLIEBYEHEKBPMVTTAWGKDCIVRTZLMYZDFJCBWQAOWBBTKSEJRGWMLNGTFBXZGRBYBSDJGURNSSLUOQQGGARAKQJOKVCOV
DYPZKRLBYEHKBTAKDCIRTZYDJCBWAWBTEJWMNBYJSQQGAKOKCVOVJQRAGOULSNRUGDSBBRGZXFTGLGRSKBOQFZMLVGWTVMPEEIMG
DYPZKRLBYEHKBTAKDCIRTZYDJCBWAWBTEJWMNBYJSQQGAKOKCVOVJQRAGOULSNRUGDSBBRGZXFTGLGRSKBOQFZMLVGWTVMPEEIMG
YPZREHDCZYBABEJWJGAKOOVJRAGOULSNRGDSBRGZXLSKBOMVWMPIMGEEVTGLZFQRGGTFBUQVCKQQSYBNMTWWCJDTRIKATBKYBLKD
YPZREHDCZYBABEJWJGAKOOVJRAGOULSNRGDSBRGZXLSKBOMVWMPIMGEEVTGLZFQRGGTFBUQVCKQQSYBNMTWWCJDTRIKATBKYBLKD
YZEDYBAWGKVJGURXSKVWMPGETQGTFBQVCKQNTWJIKATKDLBYKBRTDCWMBYSQUGRFZLGVEMIMOBLZGRBSDGNSLOAROOAJJEBZCHRP
YZEDYBAWGKVJGURXSKVWMPGETQGTFBQVCKQNTWJIKATKDLBYKBRTDCWMBYSQUGRFZLGVEMIMOBLZGRBSDGNSLOAROOAJJEBZCHRP
YEDBGJRXSVPGTQFBCNWJIATDLYKTCWMBSQUGEMMBLZGRNSAOJEBZCRPHJAOROLGDSBOIVLZFRGYDRBBKKTQKVQTGEMWKUGVKWAYZ
YEDBGJRXSVPGTQFBCNWJIATDLYKTCWMBSQUGEMMBLZGRNSAOJEBZCRPHJAOROLGDSBOIVLZFRGYDRBBKKTQKVQTGEMWKUGVKWAYZ
EXSPFBCWIDLTCMQEMMLGRNSABZCRJROLSBLZFRBKTKVTGWKUGVKWYZAMEQQKBDYGRVIODGOAHPEJOZBGUSBWKYTAJNQTGVRJGBDY
EXSPFBCWIDLTCMQEMMLGRNSABZCRJROLSBLZFRBKTKVTGWKUGVKWYZAMEQQKBDYGRVIODGOAHPEJOZBGUSBWKYTAJNQTGVRJGBDY
EXFBCWDLTCMEMMLRSAZCJRBLFBKGKYKBYGIODJBGUBWJNQTVRGBDYJGATYKSZOEPHAOGVRDQQEMAZWVUWGTVKTKRZSLORBNGQIPS
BDYJGATYKSZOEPHAOGVRDQQEMAZWVUWGTVKTKRZSLORBNGQIPSEXFBCWDLTCMEMMLRSAZCJRBLFBKGKYKBYGIODJBGUBWJNQTVRG
DJGAKEPGEZWVKTKRZSQSEFBWLTMLRSCBFBGKBIDJGUBJGRVTQNWBOGYKYKLRJZAMEMCDCXPIGNBROLVTGWUAMQQDRVOAHOZSYTYB
WBOGYKYKLRJZAMEMCDCXPIGNBROLVTGWUAMQQDRVOAHOZSYTYBDJGAKEPGEZWVKTKRZSQSEFBWLTMLRSCBFBGKBIDJGUBJGRVTQN
GYKYKLAMEMCDCXIGBRLVTGAMDRVASTGAEWTRZSQEBWTCBBKIJJVQNTRGBUGDBGFSRLMLFSKKVZGPEKJDBYYZOHOQQUWONPZJROBW
GYKYKLAMEMCDCXIGBRLVTGAMDRVASTGAEWTRZSQEBWTCBBKIJJVQNTRGBUGDBGFSRLMLFSKKVZGPEKJDBYYZOHOQQUWONPZJROBW
GKAMCDXIRLMVAARSQEBIJJNTRBGDFSKVPZOHQQUWOJRWBOZPNOYYBDJKEGZKFLMLRSGBUGQVKBCTWBZTWEGTSRDAGTVBGCEMLYKY
YYBDJKEGZKFLMLRSGBUGQVKBCTWBZTWEGTSRDAGTVBGCEMLYKYGKAMCDXIRLMVAARSQEBIJJNTRBGDFSKVPZOHQQUWOJRWBOZPNO
YDJKEGZKLMRSGBVBTWBTWTGVGCEMLYYMDIMAASEBJJNTDPQOJRWBOPNOZWUQHOZVKSFGBRIQRVLRXCAKGKBTADRSGEZCKQGULFBY
YDJKEGZKLMRSGBVBTWBTWTGVGCEMLYYMDIMAASEBJJNTDPQOJRWBOPNOZWUQHOZVKSFGBRIQRVLRXCAKGKBTADRSGEZCKQGULFBY
EGZMRGBBTWBTGYYDMAEBNPQOJPOZQHZSBVLRXAGBADRSGZCKQGLBYFUETKKCRQIRGFKVOUWNOBWRDTJJSAIMLMECGVWTVSLKKJDY
EGZMRGBBTWBTGYYDMAEBNPQOJPOZQHZSBVLRXAGBADRSGZCKQGLBYFUETKKCRQIRGFKVOUWNOBWRDTJJSAIMLMECGVWTVSLKKJDY
GMRGBWBYDMBNPQPOHSBVXAGBARGQGLYFETKFKUNBTJJAIMEGTLKDYJKSVWVCLMSDRWOWOVGRIQRCKUBKCZSDRLZQZJOEAYGTTBZE
KDYJKSVWVCLMSDRWOWOVGRIQRCKUBKCZSDRLZQZJOEAYGTTBZEGMRGBWBYDMBNPQPOHSBVXAGBARGQGLYFETKFKUNBTJJAIMEGTL
KYKVVCMSRORIQCKBKCZSJEGTTZGRGWBYDBPVGBARGQGETKJJAIETLGMTBNUFKFYLAXBSHOQPNMBMEBYAOZQZLRDURGVWOWDLWSJD
ETLGMTBNUFKFYLAXBSHOQPNMBMEBYAOZQZLRDURGVWOWDLWSJDKYKVVCMSRORIQCKBKCZSJEGTTZGRGWBYDBPVGBARGQGETKJJAI
TTNFYABSOPNMEBYZLURVWWDLSJDKVCRORIKBZJZGWBDBPVBRQGTJIAJKEGAGYRGTTGESCKCQSMVKYWOGDRQZOABMQHXLFKUBMGLE
TJIAJKEGAGYRGTTGESCKCQSMVKYWOGDRQZOABMQHXLFKUBMGLETTNFYABSOPNMEBYZLURVWWDLSJDKVCRORIKBZJZGWBDBPVBRQG
TIAJKAYTGESSVKWODQZOALTNFBNEYLURVLSJDVCRORIZJGBPVBQGRDBWZBKKDWWZBMPOSAYTELGMBUKFXHQMBRGYMQCKCTGRGGEJ
QGRDBWZBKKDWWZBMPOSAYTELGMBUKFXHQMBRGYMQCKCTGRGGEJTIAJKAYTGESSVKWODQZOALTNFBNEYLURVLSJDVCRORIZJGBPVB
DBKKDWZPOAGMBKFQBMCRGEJIJYTSSVKWOOTFNEVCIJBVBPGZRORDJSLVRULYBNLAZQDEGAKATGGTCKQYGRMHXULETYSMBWBZWRGQ
RDJSLVRULYBNLAZQDEGAKATGGTCKQYGRMHXULETYSMBWBZWRGQDBKKDWZPOAGMBKFQBMCRGEJIJYTSSVKWOOTFNEVCIJBVBPGZRO
SLVBNLAZQDEGGCQGUTYWGKDWAGMKFBCIJYTSWOTNCIBGORZPBVJVEFOKVSJEGRMQBOPZKBDQRWZBBMSELXHMRYKTGTAKAYLURJDR
SLVBNLAZQDEGGCQGUTYWGKDWAGMKFBCIJYTSWOTNCIBGORZPBVJVEFOKVSJEGRMQBOPZKBDQRWZBBMSELXHMRYKTGTAKAYLURJDR
VNLAZQDECUTWDWABCIYTWCIGORZVEFKVJRQBOKRBERYTGAKAYLRRDJUTKMHXLSMBZWQDBZPMGESOVJBPBNTOSJFKMGKGYGQGGBLS
RRDJUTKMHXLSMBZWQDBZPMGESOVJBPBNTOSJFKMGKGYGQGGBLSVNLAZQDECUTWDWABCIYTWCIGORZVEFKVJRQBOKRBERYTGAKAYL
RRUTKMHLMBZQDPGESNTJFKGKGGVNLAZQDEWWAYCIGOFVJQBERGKALYATYBRKORKEVZRWTICBDTUCSLBGQGYMSOBPBJVOMZBWSXJD
KALYATYBRKORKEVZRWTICBDTUCSLBGQGYMSOBPBJVOMZBWSXJDRRUTKMHLMBZQDPGESNTJFKGKGGVNLAZQDEWWAYCIGOFVJQBERG
ARKRKEZIBTCLBGQGYMJZWSJRMHMBZDPGEJKGGLZDWWCIGOFVQRGEBJYAEQANVKGFTNSQLKTURDXBMOVBPBOSSUDCTWRVOBYTYLAK
ARKRKEZIBTCLBGQGYMJZWSJRMHMBZDPGEJKGGLZDWWCIGOFVQRGEBJYAEQANVKGFTNSQLKTURDXBMOVBPBOSSUDCTWRVOBYTYLAK
ARKZTBQMJWJMHDGEJLWWCOQEBAVFNLKURXOVOSUCYYAKLTBOVRWTDSBPBMBDTQSTGKNQEAYJGRVFGIDZGGKPZBMRSZYGGLCBIEKR
ARKZTBQMJWJMHDGEJLWWCOQEBAVFNLKURXOVOSUCYYAKLTBOVRWTDSBPBMBDTQSTGKNQEAYJGRVFGIDZGGKPZBMRSZYGGLCBIEKR
ARKTBQWJHEJLWOAVFUYYALTBRWTDBMDTSTGKAYJFIDZGKSZYGERKIBCLGRMBZPGGVRGEQNQBBPSVOKCSOVOXRUKLNBEQCWGDMJMZ
RKIBCLGRMBZPGGVRGEQNQBBPSVOKCSOVOXRUKLNBEQCWGDMJMZARKTBQWJHEJLWOAVFUYYALTBRWTDBMDTSTGKAYJFIDZGKSZYGE
KCLGRBPVRGEQNQPVKCORKLNECGDJMAQWJHEJVFUYDMDAFGKSZYEGZDIJYKGTSTBTWRBTLAYAOWLBTKRZMWQBUXOVSOSBBGGZMBIR
EGZDIJYKGTSTBTWRBTLAYAOWLBTKRZMWQBUXOVSOSBBGGZMBIRKCLGRBPVRGEQNQPVKCORKLNECGDJMAQWJHEJVFUYDMDAFGKSZY
EGZIGTSTTRTAWLKRZWBUXOSBBGLBRGEQORKNAQWJJVDGKYZSFAMDYUFEHMJDGCELCKVPNQVPRGCKRIBMZGSOVQMTBOYALBWBKYJD
EGZIGTSTTRTAWLKRZWBUXOSBBGLBRGEQORKNAQWJJVDGKYZSFAMDYUFEHMJDGCELCKVPNQVPRGCKRIBMZGSOVQMTBOYALBWBKYJD
GZIGTLRWBSBGEOAQWJJDGKZFAMDUFEJGCLKVCIMGSQMTBALBWYJDKBYOVOZBRKGRPVQNPCEDMHYSYVNKRQRLGBBOXUZKWARTTSTE
GZIGTLRWBSBGEOAQWJJDGKZFAMDUFEJGCLKVCIMGSQMTBALBWYJDKBYOVOZBRKGRPVQNPCEDMHYSYVNKRQRLGBBOXUZKWARTTSTE
ITLRBSGJAMDUJGLVCSMBYOVZBRKPQEMHYSNKRQLGBBXZKWATSETTRUORVYDCPNVRGOKDJYWBLABTQGMIKCEFFZKGDJWQAOEBWGZG
ITLRBSGJAMDUJGLVCSMBYOVZBRKPQEMHYSNKRQLGBBXZKWATSETTRUORVYDCPNVRGOKDJYWBLABTQGMIKCEFFZKGDJWQAOEBWGZG
ITLBGJACSYVBRPQEMYNKQBXZWAOVYNVGDYWBLTQGIFZKOEBWZGGAQWJDGFECKMBAJKORPCDRURTTESTKBGLRSHKZOBMVLGJUDMSR
ITLBGJACSYVBRPQEMYNKQBXZWAOVYNVGDYWBLTQGIFZKOEBWZGGAQWJDGFECKMBAJKORPCDRURTTESTKBGLRSHKZOBMVLGJUDMSR
ITJSVBYKQBXWOYVGDYLGIOWGGAQJDGKMBAJRUTTEKGLHKOBVLGDMRSUJMZSRBTSRRDCPOKCEFWZBEKZFQTBWNVAZNMEQPRYCAGBL
ITJSVBYKQBXWOYVGDYLGIOWGGAQJDGKMBAJRUTTEKGLHKOBVLGDMRSUJMZSRBTSRRDCPOKCEFWZBEKZFQTBWNVAZNMEQPRYCAGBL
ISVDLOGGJDKARUTEGVLGDRUJMBSCEZEZTAZPRABLGCYQEMNVNWBQFKBWFKOPCDRRTRSZSMBOKHLKTJBMGQAWIGYGVYOWXBQKYBJT
ISVDLOGGJDKARUTEGVLGDRUJMBSCEZEZTAZPRABLGCYQEMNVNWBQFKBWFKOPCDRRTRSZSMBOKHLKTJBMGQAWIGYGVYOWXBQKYBJT
ISVOGJDARUTGVGDRMCZEZBLCVQFKBKRTSOLTJBMWGVOWXBYBJTKQYYGIAQGKHKBMZSRRDCPOFWBWNNMEQYGARPZATESBJULEKGLD
ISVOGJDARUTGVGDRMCZEZBLCVQFKBKRTSOLTJBMWGVOWXBYBJTKQYYGIAQGKHKBMZSRRDCPOFWBWNNMEQYGARPZATESBJULEKGLD
SARTGGCZBLCVTSLTJMWGVOWBYBJTYAQGKSRRPOFWNGARPZASBKDLGELUJETYQEMNBWCDZMBHKIGYQKXBORKBKFQEZMRDVUDJGOVI
SARTGGCZBLCVTSLTJMWGVOWBYBJTYAQGKSRRPOFWNGARPZASBKDLGELUJETYQEMNBWCDZMBHKIGYQKXBORKBKFQEZMRDVUDJGOVI
ARTGZBTJMWGVOWJTYRPOFNGASBKDELETQEBWCDZHKIGYQBRBFEMRDUVIOGJDVZQKKOXKBMNMYJUGLZPRAWRSKGQABYBLSTVCLCGS
MRDUVIOGJDVZQKKOXKBMNMYJUGLZPRAWRSKGQABYBLSTVCLCGSARTGZBTJMWGVOWJTYRPOFNGASBKDELETQEBWCDZHKIGYQBRBFE
VIJZQOXKMJGZPWRSABBLGSBMGVJNGSBKDLBCZHKIGYBRBFEQDWEQTEEAFOPRYTWOWJTZGTRACLCVTSYQGKARLUYMNBKKVDGOUDRM
EQTEEAFOPRYTWOWJTZGTRACLCVTSYQGKARLUYMNBKKVDGOUDRMVIJZQOXKMJGZPWRSABBLGSBMGVJNGSBKDLBCZHKIGYBRBFEQDW
EAOJGALVQGARUYMKOUDRMVIJZQXKJGWBLGSVJNSBKDZHKRBEQDWFBYGICBLGGMBBASRPZMOGDVKBNLKYSTCCRTZTWWTYRPOFEETQ
EAOJGALVQGARUYMKOUDRMVIJZQXKJGWBLGSVJNSBKDZHKRBEQDWFBYGICBLGGMBBASRPZMOGDVKBNLKYSTCCRTZTWWTYRPOFEETQ
EAOJGLGYODRMVIZXGWBLVSHBEQDWFBYGICGMBPZMOVKBNSTCTZWTYRFETQEOPWTRCYKLDGRSABGLBRKZDKBNJSGJKQJUKMURAQVA
WTYRFETQEOPWTRCYKLDGRSABGLBRKZDKBNJSGJKQJUKMURAQVAEAOJGLGYODRMVIZXGWBLVSHBEQDWFBYGICGMBPZMOVKBNSTCTZ
TFQOPWYLRBKZDKNSJKURAQVAAOJRMVZGBLHBQDFGICGZOVKTCTZSNBMPBMYBWESVWXIDOYGLGEMUQKJGJBRLGBASGDKCRTETERYW
TFQOPWYLRBKZDKNSJKURAQVAAOJRMVZGBLHBQDFGICGZOVKTCTZSNBMPBMYBWESVWXIDOYGLGEMUQKJGJBRLGBASGDKCRTETERYW
FQPWYNKAMVLHDFGOTCTZSNMPBWSOYGLEKJGBGGETERWYTRCKDSABLRJQUMGDIXWVEBYMBKVZCIGQBBGZRJOAAVQRUJSKDZKBRLOT
FQPWYNKAMVLHDFGOTCTZSNMPBWSOYGLEKJGBGGETERWYTRCKDSABLRJQUMGDIXWVEBYMBKVZCIGQBBGZRJOAAVQRUJSKDZKBRLOT
FPWYKAMDFTTZMGGBGETERSLJQGIWEYBVZCBRJAAVQJSKTOLRBKZDUROZGBQGIKMBVXDMURBADKCTYWRGJKELYOSWBPNSCOGHLVNQ
FPWYKAMDFTTZMGGBGETERSLJQGIWEYBVZCBRJAAVQJSKTOLRBKZDUROZGBQGIKMBVXDMURBADKCTYWRGJKELYOSWBPNSCOGHLVNQ
PWATZMGBGETERSQWEBZCRAAJSBZQMBVDMBAKCWRGJEOSWBPNSCHLQNVGOYLKYTDRUXKIGBGORUDZKRLOTKQVJBVYIGJLGTFDMKYF
PWATZMGBGETERSQWEBZCRAAJSBZQMBVDMBAKCWRGJEOSWBPNSCHLQNVGOYLKYTDRUXKIGBGORUDZKRLOTKQVJBVYIGJLGTFDMKYF
PWTGTSECRAJDMAKCGJSWPNSHQNGODRXKGBRDKRLOTJVYJTDKYFMFGLGIBVQKZUOGIUTYKLYVLCBOERWBVBMQZBSAZBWQREEBGMZA
PWTGTSECRAJDMAKCGJSWPNSHQNGODRXKGBRDKRLOTJVYJTDKYFMFGLGIBVQKZUOGIUTYKLYVLCBOERWBVBMQZBSAZBWQREEBGMZA
PTGTSRJDMKJSSHGRKGRDKRJKYMFGBOGIYLYVLCBERVBQBSZBQEGAZMBERWAZMBWOKTUUZKQVILGFDTJYVTOLBXDONQNPWGCAACEW
GAZMBERWAZMBWOKTUUZKQVILGFDTJYVTOLBXDONQNPWGCAACEWPTGTSRJDMKJSSHGRKGRDKRJKYMFGBOGIYLYVLCBERVBQBSZBQE
AZMWZMBWOKUUZLFJTDNWGACWPGTMKJSGRKJYMOIYLCBRSZBQEBQBVEVYLGBGFKRDGKRHSDJRSTEACPNQOXBLOVYTDGIVQKTAREBG
AZMWZMBWOKUUZLFJTDNWGACWPGTMKJSGRKJYMOIYLCBRSZBQEBQBVEVYLGBGFKRDGKRHSDJRSTEACPNQOXBLOVYTDGIVQKTAREBG
AZBKUJTDWCWPKKMIYCBZBQEQVVYBFKRRHJRTECPXBVDGVQKARBGETITYOLOQNASDSKGDGGLEBBSRLOYJRGSJMTGAGNFLZUOWMZWM
AZBKUJTDWCWPKKMIYCBZBQEQVVYBFKRRHJRTECPXBVDGVQKARBGETITYOLOQNASDSKGDGGLEBBSRLOYJRGSJMTGAGNFLZUOWMZWM
AZBKUJTDWCWPKKMIYCBZBQEQVVYBFKRRHJRTECPXBVDGVQKARBGETITYOLOQNASDSKGDGGLEBBSRLOYJRGSJMTGAGNFLZUOWMZWM
