
VGXMCARKVEVYGXQLZRXWWGOHMSYQDUIOTMZMKONFPCKFXEGKAVFUBVFIJNURILYAODXIGFMRDLLAGFQPWKHFVFEVTNVVFAQAXUBI
FUBVFIJNURILYAODXIGFMRDLLAGFQPWKHFVFEVTNVVFAQAXUBIVGXMCARKVEVYGXQLZRXWWGOHMSYQDUIOTMZMKONFPCKFXEGKAV
FBVFJIYOXIMRDLWKHFTNVAXUBIXCAKEGQRXWWMDTZOFKAVGEXKCPFNKMMOIUQYSHOGZLXYVVRMGVAQFVVEVFPQFGALFGDALRUNIU
CPFNKMMOIUQYSHOGZLXYVVRMGVAQFVVEVFPQFGALFGDALRUNIUFBVFJIYOXIMRDLWKHFTNVAXUBIXCAKEGQRXWWMDTZOFKAVGEXK
CKQYSHOLVGFVFPQFFDALRIUFVFIYOXIMLWHTNBICAKGRXWWMDTFKAVKXEGOZQEXUXAVFKDRJBNUGLAGEVVQAVMRVYXZGUIOMMNFP
CKQYSHOLVGFVFPQFFDALRIUFVFIYOXIMLWHTNBICAKGRXWWMDTFKAVKXEGOZQEXUXAVFKDRJBNUGLAGEVVQAVMRVYXZGUIOMMNFP
KQYLVGFVFPQFRUVFOLHTCAKGRXDTAKXEEXAVKDRJUAVAVMRVYZUMNFPMOIGXQVEGLGNBFUXQZOGVKFMWWIBNWMIXYIFILADFOHSC
KQYLVGFVFPQFRUVFOLHTCAKGRXDTAKXEEXAVKDRJUAVAVMRVYZUMNFPMOIGXQVEGLGNBFUXQZOGVKFMWWIBNWMIXYIFILADFOHSC
YVRUOTCKRXTKXXVDRJUAVAVZMFPGQEGFUQKFMWWIMYIAHCSOFDLIFXIWNBVGOZXBNGLVXIOMNUYRMVKAEEADGAHLFVFQPFVFGLQK
YVRUOTCKRXTKXXVDRJUAVAVZMFPGQEGFUQKFMWWIMYIAHCSOFDLIFXIWNBVGOZXBNGLVXIOMNUYRMVKAEEADGAHLFVFQPFVFGLQK
YVUCRXVRUAAVZFPFQFIYIAHCSODLFWNBVXBNGVOMMVKEGFFQFKQLGVFPVLHADAEARYUNIXLZOGIXIFMWWMKUGEQGMVJDXKTXKTOR
QLGVFPVLHADAEARYUNIXLZOGIXIFMWWMKUGEQGMVJDXKTXKTORYVUCRXVRUAAVZFPFQFIYIAHCSODLFWNBVXBNGVOMMVKEGFFQFK
LLARYUIXLZGIMWMKEQMDXXVRRUAVPFQYIAHCOLWNBNGVOMEGFKFQFKVMBXVFDSIFFZAVXCUYROTKTKJVGGUWFIXONAEDAHVPFVGQ
FQFKVMBXVFDSIFFZAVXCUYROTKTKJVGGUWFIXONAEDAHVPFVGQLLARYUIXLZGIMWMKEQMDXXVRRUAVPFQYIAHCOLWNBNGVOMEGFK
FKXVDSIXUYTTKJWINHVFVGQLLRYXLZIDVRUAVPYHLGKFGEMOVNBNWOCAIQFRXXMQEKMWMGIUAPADEAOXFUGGVKORCVAZFFFBMVQF
FKXVDSIXUYTTKJWINHVFVGQLLRYXLZIDVRUAVPYHLGKFGEMOVNBNWOCAIQFRXXMQEKMWMGIUAPADEAOXFUGGVKORCVAZFFFBMVQF
FSYTIHVQLLYLIVUVPHLGKFENNIFXQEGPAEFUGGORAZBFQVMFFFVCKVXOADAUIMWMKMXRQACOWBVOMGYARDZXRGVFNWJKTUXIDVXK
VCKVXOADAUIMWMKMXRQACOWBVOMGYARDZXRGVFNWJKTUXIDVXKFSYTIHVQLLYLIVUVPHLGKFENNIFXQEGPAEFUGGORAZBFQVMFFF
CVOAAXQAWBVOMGYARXRVWTXIDKSIQLYLIUHLGKFFXQGEUORZBVMFFFQFAGGFAPEINNEPVVLVHTYFXVUKJNFGZDOCRMKMWMIUDXKV
MFFFQFAGGFAPEINNEPVVLVHTYFXVUKJNFGZDOCRMKMWMIUDXKVCVOAAXQAWBVOMGYARXRVWTXIDKSIQLYLIUHLGKFFXQGEUORZBV
MFFAGGAPINNVVHYFXVUKJNFZWMUXVVAAXAMGVWXIKIQLLHLGKFQGZVBROUEXFUIYSDTRXRAYOVBWQOCKDIMKMRCODGTLVPEEFFQF
QGZVBROUEXFUIYSDTRXRAYOVBWQOCKDIMKMRCODGTLVPEEFFQFMFFAGGAPINNVVHYFXVUKJNFZWMUXVVAAXAMGVWXIKIQLLHLGKF
GZVBRURRYOQOKDKMRCTVPQFMFAGPINVHXVKJNFZVMGWXKILLLFKGHQIVAXAAVXUMWUFYVNAGFFFEELGDOMICWBVAXTDSYIFXEUOQ
GZVBRURRYOQOKDKMRCTVPQFMFAGPINVHXVKJNFZVMGWXKILLLFKGHQIVAXAAVXUMWUFYVNAGFFFEELGDOMICWBVAXTDSYIFXEUOQ
GVRURROKKCVFAPIXFZVMWILLFQVAAXUWYAGFEELOMIATDSYIUOQEXFXVBWCDGFFNVFUMVAXIHGKLKXGNJKVHVNGFMQPTRMDOQYBZ
GVRURROKKCVFAPIXFZVMWILLFQVAAXUWYAGFEELOMIATDSYIUOQEXFXVBWCDGFFNVFUMVAXIHGKLKXGNJKVHVNGFMQPTRMDOQYBZ
RRRKKCVFIXWILLQAAYAFEMIDSYIUQEXFXDFNVHKLKJKHGPMOYBZQDRTQMFNVVNGXGIXAVMUFFGCWBVOTAOLEGWUXVFMVZFPAOUVG
ZQDRTQMFNVVNGXGIXAVMUFFGCWBVOTAOLEGWUXVFMVZFPAOUVGRRRKKCVFIXWILLQAAYAFEMIDSYIUQEXFXDFNVHKLKJKHGPMOYB
QRQMFVNXVMUCWVTOEWUVFMVZPVRKVXILAAEIEXXFVKKGPMYBOHJLKHNDFQUYSDIMFAYQLWIFCKRRGUOAFXGLAOBGFFAIGXGVNTDZ
JLKHNDFQUYSDIMFAYQLWIFCKRRGUOAFXGLAOBGFFAIGXGVNTDZQRQMFVNXVMUCWVTOEWUVFMVZPVRKVXILAAEIEXXFVKKGPMYBOH
FSIQWICKRRXLAGGTZQQMNXMUCWVTOEVFMPVKXILAAIXFGYBHOMPKKVXEEVRZVUWVVFRDNVXIAFFGBOGFAOUGFLYAFMDYUQDNHKLJ
PKKVXEEVRZVUWVVFRDNVXIAFFGBOGFAOUGFLYAFMDYUQDNHKLJFSIQWICKRRXLAGGTZQQMNXMUCWVTOEVFMPVKXILAAIXFGYBHOM
KKXEZVFIFGAULFMYUNHKJFSICRZQNUWTOEVFMPKXILAOMHBYGFXIAVVCMXMQTGGALXRKWQILDQDAYFGOFOBGFAXVNDRVWUVRVEVP
XIAVVCMXMQTGGALXRKWQILDQDAYFGOFOBGFAXVNDRVWUVRVEVPKKXEZVFIFGAULFMYUNHKJFSICRZQNUWTOEVFMPKXILAOMHBYGF
IVMTXRQILDQDAOFXNRVVVPKXEZGLUHFSZWEVFKILAOMHGFYBXPMOTUNQRCIJKNYMFUAFIFVKVERUWDVAFGBOGFYWKLAGGQMXCVAX
IVMTXRQILDQDAOFXNRVVVPKXEZGLUHFSZWEVFKILAOMHGFYBXPMOTUNQRCIJKNYMFUAFIFVKVERUWDVAFGBOGFYWKLAGGQMXCVAX
VMXLQAOFXVZGLSFIAMHYBPMUNCIMFUKERUDABOYWAGGMXCVXAQLKFGGFVWVVFIFAYNKJRQTOXFGOLKVEWZFHUEXKPVVRNDDIQRTI
VMXLQAOFXVZGLSFIAMHYBPMUNCIMFUKERUDABOYWAGGMXCVXAQLKFGGFVWVVFIFAYNKJRQTOXFGOLKVEWZFHUEXKPVVRNDDIQRTI
LXGIAMHPUNCFUKERABGMXCFGFVVFIAKRTOFVEWZHEXKVNDRITQIDRVPUFKLOGXQJNYFVWGKLQAXVGAWYODUMIMBYFSLZVFOAQXMV
LXGIAMHPUNCFUKERABGMXCFGFVVFIAKRTOFVEWZHEXKVNDRITQIDRVPUFKLOGXQJNYFVWGKLQAXVGAWYODUMIMBYFSLZVFOAQXMV
LMHUKRAGXFGVIAROFVWZEXKVNDTQIRVPUFKOGXYFWKLQXAMMBYSLZVQMVXAOFFIUDOYWGVAGVNJQLDIRHETKFVFCMBEUFCNPAIGX
LMHUKRAGXFGVIAROFVWZEXKVNDTQIRVPUFKOGXYFWKLQXAMMBYSLZVQMVXAOFFIUDOYWGVAGVNJQLDIRHETKFVFCMBEUFCNPAIGX
MRAXIARVKNIPFKOGYWKLQXAMMBYSLVOFFIUDYGVAGQLIFFCUCPAIGXNFEBMVKTEHRDJNVWOAXVMQZFXUVRQTDVXEZWFOVGFGKUHL
MRAXIARVKNIPFKOGYWKLQXAMMBYSLVOFFIUDYGVAGQLIFFCUCPAIGXNFEBMVKTEHRDJNVWOAXVMQZFXUVRQTDVXEZWFOVGFGKUHL
RRVNPKOKLXMYLFFIUDYAGIFCCAXNFMVKTDJOAXMQXURQTVZWFFGLHUKGVOEXDVFZVWVNRHEBEGIPUFLQVGOVSBMAQWYGFIKAIXAM
RRVNPKOKLXMYLFFIUDYAGIFCCAXNFMVKTDJOAXMQXURQTVZWFFGLHUKGVOEXDVFZVWVNRHEBEGIPUFLQVGOVSBMAQWYGFIKAIXAM
RRVNPKOLXYFUGICXNMVKJARTZGHOEXDVFZVWVNRBEGPUFQSBMAQWKIXMAAIFGYVOGVLIEHVGKULFFWVQUXQMXODTFACFAYDIFLMK
RRVNPKOLXYFUGICXNMVKJARTZGHOEXDVFZVWVNRBEGPUFQSBMAQWKIXMAAIFGYVOGVLIEHVGKULFFWVQUXQMXODTFACFAYDIFLMK
NOLFUMVJARHEXDFWVREGQMQKIAIGYVOHKULFUQMXDFCAYKMLFIDFATOXQVWFGVEILVGFAMXWABSFUPBNVZVOGZTKNXCIGYXKPVRR
DFATOXQVWFGVEILVGFAMXWABSFUPBNVZVOGZTKNXCIGYXKPVRRNOLFUMVJARHEXDFWVREGQMQKIAIGYVOHKULFUQMXDFCAYKMLFI
DFAWFELGMABSPBNVZGTKNXCIVRROFVAEXDWREGQMQKAIGVKUFMXDFAMLFIKYCQULHOYIVFHRJMULNPKXYGZOVUFWXAFVIVGVQXOT
DFAWFELGMABSPBNVZGTKNXCIVRROFVAEXDWREGQMQKAIGVKUFMXDFAMLFIKYCQULHOYIVFHRJMULNPKXYGZOVUFWXAFVIVGVQXOT
DFFELGMABSPNVGIVRRFVEEKAIVFMFAMFKYCUHOYFHLPXGZWAVGQTOXVIVFXFUVOYKNUMJRVILQILDXUKGQMQGRWDXAOCXNKTZBWA
QTOXVIVFXFUVOYKNUMJRVILQILDXUKGQMQGRWDXAOCXNKTZBWADFFELGMABSPNVGIVRRFVEEKAIVFMFAMFKYCUHOYFHLPXGZWAVG
OVIVFXOKUMIQDKQMQGWAXNKTZBDFGMBSIVFKIVFMMFKHFPXGZWAGVLHYOUCYAFAEEVRRGVNPALEFAWCOXDRGUXLILVRJNYVUFXTQ
AGVLHYOUCYAFAEEVRRGVNPALEFAWCOXDRGUXLILVRJNYVUFXTQOVIVFXOKUMIQDKQMQGWAXNKTZBDFGMBSIVFKIVFMMFKHFPXGZW
LHCYFAEVRRNPAFAWGULIRNUOIKMIMQGWXKTBFMBSIVVMFHXWZGPFKMFIKFGDZNAQKDQUOXFVVQTXFVYJVLXRDXOCELVGEAUOYVGA
LHCYFAEVRRNPAFAWGULIRNUOIKMIMQGWXKTBFMBSIVVMFHXWZGPFKMFIKFGDZNAQKDQUOXFVVQTXFVYJVLXRDXOCELVGEAUOYVGA
LHYAVRNAAWGIUOIIMQWKBIVFHXZKMIFDZDQUOXVFVJVLXRXCLVAUOYGAVEGEODYXTQVFKQANGKFFPGWMVSBMFTXGMKNRLUFPREFC
LHYAVRNAAWGIUOIIMQWKBIVFHXZKMIFDZDQUOXVFVJVLXRXCLVAUOYGAVEGEODYXTQVFKQANGKFFPGWMVSBMFTXGMKNRLUFPREFC
HYAAWIUIMIVHXKMFDUXVVXCLAUOGVGEODYQVQANGFGMSBFXGKLREFCPFURNMTMVWPFKKFTXEAYVRXLVJFOQDZIZFBKWQIOGANRVL
REFCPFURNMTMVWPFKKFTXEAYVRXLVJFOQDZIZFBKWQIOGANRVLHYAAWIUIMIVHXKMFDUXVVXCLAUOGVGEODYQVQANGFGMSBFXGKL
REURNVWPFXEAYRXJFZIZFWQOARVLHYAWIUMVXFDUVXCLOGEOYVAFGBFXGLKSMGNQQDVGUAVXMKHIIANGIKBDQOVLVTFKKMTMFPCF
AFGBFXGLKSMGNQQDVGUAVXMKHIIANGIKBDQOVLVTFKKMTMFPCFREURNVWPFXEAYRXJFZIZFWQOARVLHYAWIUMVXFDUVXCLOGEOYV
GBLGQGVMKAGOLVTKMRENVEAXJZZFQAVHAMCYVOEGOLXVUDFXVUIWYLROWIFRYXFPWRUFCPFMTKFVQDBKINIIHXAUVDQNMSKGXFFA
GBLGQGVMKAGOLVTKMRENVEAXJZZFQAVHAMCYVOEGOLXVUDFXVUIWYLROWIFRYXFPWRUFCPFMTKFVQDBKINIIHXAUVDQNMSKGXFFA
GLGQVMLTKRNVJZAMCOGOUFXVUIYLRWXFPUCFVDBKIIIADNMAFFXGKSQVUXHNQKTMFPFRWYRFIOWDVXLEVYAHVQFZXAEEMVOGAKGB
XGKSQVUXHNQKTMFPFRWYRFIOWDVXLEVYAHVQFZXAEEMVOGAKGBGLGQVMLTKRNVJZAMCOGOUFXVUIYLRWXFPUCFVDBKIIIADNMAFF
XGKSQVUQKTWYFIODXYHQAEMVOAKGGGQVLTKNOUXVUYLWXPUFVIAAFFMNDIIKBDCFRIFGOCMAZJVRMLBGEXZFVAVELVWRRFPFMNHX
AAFFMNDIIKBDCFRIFGOCMAZJVRMLBGEXZFVAVELVWRRFPFMNHXXGKSQVUQKTWYFIODXYHQAEMVOAKGGGQVLTKNOUXVUYLWXPUFVI
AFMDIDCFICMAZVBGXZVVELWRRFPFNGQVQKYOYQAVOGGLNUYLWUFIVPXUVXOKTVQGKAMEHXDIFWTUSKXXHMVAFELMRJOGFRBKINFA
AFMDIDCFICMAZVBGXZVVELWRRFPFNGQVQKYOYQAVOGGLNUYLWUFIVPXUVXOKTVQGKAMEHXDIFWTUSKXXHMVAFELMRJOGFRBKINFA
DDCICAZGXERFFNGKYQAVGNLFIXTVGKHDIWTSXXVOFRBKIFANGJRMLEFAMHKUFXEMAQKOXVUPVUWYULGOOYQVQPRWLVVZBVMFIMFA
DDCICAZGXERFFNGKYQAVGNLFIXTVGKHDIWTSXXVOFRBKIFANGJRMLEFAMHKUFXEMAQKOXVUPVUWYULGOOYQVQPRWLVVZBVMFIMFA
DCICAEFGKYQVGNFIVGKIWSXVORBIFAAEAUPWYUOQVPRWLVZBVFIMAFMVQYOGLUVVXOKQMXFUKHMFELMRJGNKFXTDHTXLANFRXGZD
IMAFMVQYOGLUVVXOKQMXFUKHMFELMRJGNKFXTDHTXLANFRXGZDDCICAEFGKYQVGNFIVGKIWSXVORBIFAAEAUPWYUOQVPRWLVZBVF
MVOGUVXXFUHEMJFXHLANFRGZDICAFGYGNFIVGWVAEUPYUVPRVVFBZLWQOWAAFIBROXSIKVQKECDXXTDTKNGRLFMKMQKOVLYQMFAI
FBZLWQOWAAFIBROXSIKVQKECDXXTDTKNGRLFMKMQKOVLYQMFAIMVOGUVXXFUHEMJFXHLANFRGZDICAFGYGNFIVGWVAEUPYUVPRVV
AAFROXIKVQKCXKRLMKQKVYMIVVXXEJFHANGZDCGVGWVEUPYPVVRVUAIFNGYFAIRFLXMHUFUGOMAFQLOMFGNTDTXDESBIWOQWLZBF
AAFROXIKVQKCXKRLMKQKVYMIVVXXEJFHANGZDCGVGWVEUPYPVVRVUAIFNGYFAIRFLXMHUFUGOMAFQLOMFGNTDTXDESBIWOQWLZBF
AAFRKCXRLYVXXFHNDCGGWVRANYFAIRFMHUFUGQIOQWZBFLWBSEDXTDTNGFMOLFAMOXLGFIUVVVPYPUEVZGAJEVIMVKQKMKQVKIXO
DXTDTNGFMOLFAMOXLGFIUVVVPYPUEVZGAJEVIMVKQKMKQVKIXOAAFRKCXRLYVXXFHNDCGGWVRANYFAIRFMHUFUGQIOQWZBFLWBSE
DTNGFMOOFVVYPUVGEVIMQKKIAFRKXDVRAYFAIFHUFUGQBBSEWLFZWOIQMRNWGGCNHFXXVYLRCAOXVQKMKVJAZEPVUIGLXMAFLDTX
DTNGFMOOFVVYPUVGEVIMQKKIAFRKXDVRAYFAIFHUFUGQBBSEWLFZWOIQMRNWGGCNHFXXVYLRCAOXVQKMKVJAZEPVUIGLXMAFLDTX
GOFVYPVIQIAFRKVAYIFHFUGQBBSEZWOIRLRCAVQMVJAVUIGXFXTDLAMLPEZKKXOYVXXFHNCGGWNMQFLWUAFRDXKKMEGVUVOMFNTD
TDLAMLPEZKKXOYVXXFHNCGGWNMQFLWUAFRDXKKMEGVUVOMFNTDGOFVYPVIQIAFRKVAYIFHFUGQBBSEZWOIRLRCAVQMVJAVUIGXFX
TDLAMEKKXVFHNCGGLUFRXMOGOPQIAFRKVIHFGQBEZWORQMVAGXXFIUVJVACRLISBUFYAIVYVFDTNFMVUVGEKKDAWFQMNWXXYOZPL
XFIUVJVACRLISBUFYAIVYVFDTNFMVUVGEKKDAWFQMNWXXYOZPLTDLAMEKKXVFHNCGGLUFRXMOGOPQIAFRKVIHFGQBEZWORQMVAGX
IVJLUFYAVUVEKDAQNXYOTLEFNCLFRXOOPQRKVHQBWQMVXGAROZEGFIFAIGMUGGHVXKKMADLPZXWMFWKGVMFNTDFVYIBSIRCAVUFX
IVJLUFYAVUVEKDAQNXYOTLEFNCLFRXOOPQRKVHQBWQMVXGAROZEGFIFAIGMUGGHVXKKMADLPZXWMFWKGVMFNTDFVYIBSIRCAVUFX
IJLFYVVQNYOTLFLRPQKHQMXARGFFAIMUGHKAMFMFTDIIRCAVUFXSBYVFNVGKWWXZPLDMKXVGGIEZOGVQWBVROOXFCNEXADKEUAUV
IJLFYVVQNYOTLFLRPQKHQMXARGFFAIMUGHKAMFMFTDIIRCAVUFXSBYVFNVGKWWXZPLDMKXVGGIEZOGVQWBVROOXFCNEXADKEUAUV
ILYVYTLFRQKARFMGKAMMTDIIAXSBVNWWZKVGIZQWBVROXFCEXADKEUVAUNOVGOEGXMDLPXKGVFYFUVCRFFHUIAFGXMQHPLONQVFJ
DKEUVAUNOVGOEGXMDLPXKGVFYFUVCRFFHUIAFGXMQHPLONQVFJILYVYTLFRQKARFMGKAMMTDIIAXSBVNWWZKVGIZQWBVROXFCEXA
DEVUNOEPXGVYUCHFGMQPLOFYLRQARMKMTDIIXSVWZKGIBVOAXECFXRWQZVWNBAMAGFKFTVYLIJVQNHXAIUFFRVFFKLDMXGOGVAUK
DEVUNOEPXGVYUCHFGMQPLOFYLRQARMKMTDIIXSVWZKGIBVOAXECFXRWQZVWNBAMAGFKFTVYLIJVQNHXAIUFFRVFFKLDMXGOGVAUK
EVOPXGHFMQPLOFYRKDIIXVGIBOAECFWNBAGFYLJVQHXIFVFLMXOGVUKAGDKFRFUANIVTFKMAWVZQRXXVKZWSTMMAQRLGCUYVENUD
EVOPXGHFMQPLOFYRKDIIXVGIBOAECFWNBAGFYLJVQHXIFVFLMXOGVUKAGDKFRFUANIVTFKMAWVZQRXXVKZWSTMMAQRLGCUYVENUD
VOPFFYRKDIXVAFWGFHXIFVMOGVUKADFUIVTFMWVXVZTMQRLYUDNEVUCGAMSWKXRQZAKNARFKGXLFQVJLYABNCEOBIGIOLPQMHGXE
NEVUCGAMSWKXRQZAKNARFKGXLFQVJLYABNCEOBIGIOLPQMHGXEVOPFFYRKDIXVAFWGFHXIFVMOGVUKADFUIVTFMWVXVZTMQRLYUD
EVUCAMWKXRNAFXLFQVJYABNOOQMHGXVRKDVWIMOGUUIVMXVYDULRQMTZVWFTFDAKVVFXHFGFAXIYFFPOEPLIGIBECLGKRKAZQSGN
LRQMTZVWFTFDAKVVFXHFGFAXIYFFPOEPLIGIBECLGKRKAZQSGNEVUCAMWKXRNAFXLFQVJYABNOOQMHGXVRKDVWIMOGUUIVMXVYDU
LRTZVFTKHAIPLIBELGKKZSNEVCAKXRNLFVYANOHGVRKVOGUUIXVYUDMVMIWDXMQOBJQXFAWMUGQARCIGPEOFFYXFGFXFVVADFWMQ
VYUDMVMIWDXMQOBJQXFAWMUGQARCIGPEOFFYXFGFXFVVADFWMQLRTZVFTKHAIPLIBELGKKZSNEVCAKXRNLFVYANOHGVRKVOGUUIX
YUDVDBQFAMAEOFXFXFDFMRTZTKHAIBLKKZSNVKXNLFVYANHGVRKUUXIGOVORACEGEILPFVLQWAVVGFYFPGICRQGUWXJOQMXWIMMV
KUUXIGOVORACEGEILPFVLQWAVVGFYFPGICRQGUWXJOQMXWIMMVYUDVDBQFAMAEOFXFXFDFMRTZTKHAIBLKKZSNVKXNLFVYANHGVR
KXIGRACEVVGPGCRUWOQMWYDVDBAEOFXFDMTZTKHAIZSNVNLFYANHRVGVXKKKLBRFFXMAFQUVMMIXJXGQIFYFAWQLVFPLIGEOVOUU
KXIGRACEVVGPGCRUWOQMWYDVDBAEOFXFDMTZTKHAIZSNVNLFYANHRVGVXKKKLBRFFXMAFQUVMMIXJXGQIFYFAWQLVFPLIGEOVOUU
GAEVGPGRWOQMYDVOXDKIZSVNLYANRVKKRFXMVIXGQFYFWQLVLGVOUUOEIPFAIXJMMUQFAFBLKXVGHFNAHTZTMFFEABDWUCVCRIXK
GAEVGPGRWOQMYDVOXDKIZSVNLYANRVKKRFXMVIXGQFYFWQLVLGVOUUOEIPFAIXJMMUQFAFBLKXVGHFNAHTZTMFFEABDWUCVCRIXK
AEGGROMXSLYKXGFYGVOAIXJMMUQLKXVGHFNATZMFFADWVKXIRCCUBETHBFAFFPIEUUOLVLQWFQXIVMFRKVRNANVZIKDOVDYQWPVG
AEGGROMXSLYKXGFYGVOAIXJMMUQLKXVGHFNATZMFFADWVKXIRCCUBETHBFAFFPIEUUOLVLQWFQXIVMFRKVRNANVZIKDOVDYQWPVG
AGGRXSKXFYOXJMQLXGHAMFFADWKIUEHBFAEUOQWFQIVRANVZDDQWPVGYVOKINVKRFMXLVLUIPFFTBCCRXVZTNFVKUMIAVGGYLMOE
QWPVGYVOKINVKRFMXLVLUIPFFTBCCRXVZTNFVKUMIAVGGYLMOEAGGRXSKXFYOXJMQLXGHAMFFADWKIUEHBFAEUOQWFQIVRANVZDD
QWYIRFMLVIBCCRZTNFVUMAGGLOAGXSKXYOXLXHMFADKHBFAUFIVANVZDDRQWQOEEUIWFAGQMJFRGEMYVIKVXTFFPULXKVNKOVGVP
QWYIRFMLVIBCCRZTNFVUMAGGLOAGXSKXYOXLXHMFADKHBFAUFIVANVZDDRQWQOEEUIWFAGQMJFRGEMYVIKVXTFFPULXKVNKOVGVP
QWYRFVIBRUMAGGAXSXXMAHFFIAVQEUWFGMJFRGMVIKVXTFFPULXNGVPVOKVKYEQAIEOWQRDDZNVUABKDFHLXOYKGOLVFNTZCCLMI
QWYRFVIBRUMAGGAXSXXMAHFFIAVQEUWFGMJFRGMVIKVXTFFPULXNGVPVOKVKYEQAIEOWQRDDZNVUABKDFHLXOYKGOLVFNTZCCLMI
QWYFVRMGAXSXMHFIAUWGFIVTPUXGVVOKYQAEQDNVALXOGOFNCMILCZTVLKYHFDKBUZDRWOIEKVPNLFFXKVMGRJMFEQVFAXGAUBIR
ILCZTVLKYHFDKBUZDRWOIEKVPNLFFXKVMGRJMFEQVFAXGAUBIRQWYFVRMGAXSXMHFIAUWGFIVTPUXGVVOKYQAEQDNVALXOGOFNCM
ILTHFDBZWOKVLXGMEQFAXAQGAXIUGFPUXGVOKYAEVALXFNMCOGONDQQVTVIWAFHMXSMRVFYWRIBUGVFJRMVKFFNPEIRDUKYKLVZC
ONDQQVTVIWAFHMXSMRVFYWRIBUGVFJRMVKFFNPEIRDUKYKLVZCILTHFDBZWOKVLXGMEQFAXAQGAXIUGFPUXGVOKYAEVALXFNMCOG
QVTIWHMMRVYRIBUGRVFNERDKYKLVCFDBZWOKXMQFXQGPUOYAELXFGOCMNAVKVGXFGUIXAAAEGLVHTLIZUIPFKMJFVWFSXFAVQDNO
XFGOCMNAVKVGXFGUIXAAAEGLVHTLIZUIPFKMJFVWFSXFAVQDNOQVTIWHMMRVYRIBUGRVFNERDKYKLVCFDBZWOKXMQFXQGPUOYAEL
FGNVFGUAGLZUPFXAVDNTWHMRVYIGRFERDKYKLVCOXQPYELAOUGQXFMKWZBDFNVUBRMIVQOQFSWVFJMKFIILTHVEAAXIXGKVAMCOX
FGNVFGUAGLZUPFXAVDNTWHMRVYIGRFERDKYKLVCOXQPYELAOUGQXFMKWZBDFNVUBRMIVQOQFSWVFJMKFIILTHVEAAXIXGKVAMCOX
FGLUFAVNHRVFEKYKLVQYUGXFFMIVSWVMILTAGKVMOXCAXIXAEVHIFKJFFQOQRBUVNDBZWKMQOALEPXOCDRRGIYMWTDXPZGAUVNGF
FGLUFAVNHRVFEKYKLVQYUGXFFMIVSWVMILTAGKVMOXCAXIXAEVHIFKJFFQOQRBUVNDBZWKMQOALEPXOCDRRGIYMWTDXPZGAUVNGF
GFANVFEKLVQFFIVITAVOAXAIKJFQRVBZMQOAXOCRRGYWTDPUNGFVAGZXMIDPELKWDNUBOQFFHVEXICXMKGLMVWSMXGUYKYRHVULF
FVAGZXMIDPELKWDNUBOQFFHVEXICXMKGLMVWSMXGUYKYRHVULFGFANVFEKLVQFFIVITAVOAXAIKJFQRVBZMQOAXOCRRGYWTDPUNG
VGXIDEKWNUBQFVEICXMGLWSMGYKYVLGFEKLFITAAIJFZMAXORRYDUGNPTWGCOQBVRQKAXOVVIFQVFVNAFUHRUXVMKXHFODLPMZAF
VGXIDEKWNUBQFVEICXMGLWSMGYKYVLGFEKLFITAAIJFZMAXORRYDUGNPTWGCOQBVRQKAXOVVIFQVFVNAFUHRUXVMKXHFODLPMZAF
GXIEKWUFSYVLTFAXOUGTOBOVVFQFNFURUVKXHFDLMAFZPOMXHAVVIXAKQRVQCGWPNDYRRMZJIAAIFKEFGLKYGMWLGMXCIEVQBNDV
VVIXAKQRVQCGWPNDYRRMZJIAAIFKEFGLKYGMWLGMXCIEVQBNDVGXIEKWUFSYVLTFAXOUGTOBOVVFQFNFURUVKXHFDLMAFZPOMXHA
VVIAKQQGNYRRZJAAFKFLLGMIEBNDVXKFSYTFAGOBFKXHFDLFOMXAHPZAMVURUNFQFVVOTUOXLVUWEIGQVCXWMGYKGEIIMDPWCVRX
XAHPZAMVURUNFQFVVOTUOXLVUWEIGQVCXWMGYKGEIIMDPWCVRXVVIAKQQGNYRRZJAAFKFLLGMIEBNDVXKFSYTFAGOBFKXHFDLFOM
XAHZAVFVVTUXLVUWCWMEIMWVRVVIQQGNYRJFLLMIENDXKFSTGOFKXHFOMFLDBAFYVBGKFAAZRKAXCPDIGKYGXVQGIEOOQFNURUMP
XAHZAVFVVTUXLVUWCWMEIMWVRVVIQQGNYRJFLLMIENDXKFSTGOFKXHFOMFLDBAFYVBGKFAAZRKAXCPDIGKYGXVQGIEOOQFNURUMP
XHAVFVVTVWCIMVIQYRJFIENDKFSTFFOFLDBFYVGARKACDGKXVQGIOQUPMURNFOEGYIPXZAFKBAMHXKOGXMLLNGQVVRWEMWULXUZA
XHAVFVVTVWCIMVIQYRJFIENDKFSTFFOFLDBFYVGARKACDGKXVQGIOQUPMURNFOEGYIPXZAFKBAMHXKOGXMLLNGQVVRWEMWULXUZA
XVVVVYJFIENDKSTFFFLDVGARDKVGIQUPMRFOGPZAFKGLNGQVVEMUZAXLUWWRLMXOXHMABKXIYENUOQXGCAKYFBOFRQIMICWTVFAH
MUZAXLUWWRLMXOXHMABKXIYENUOQXGCAKYFBOFRQIMICWTVFAHXVVVVYJFIENDKSTFFFLDVGARDKVGIQUPMRFOGPZAFKGLNGQVVE
MUZUMXHMBKIYNUOQXGKFBRIMICTVFAXVVVIEKSTLDVDGIPMRPZGGEVVQNLKFAGOFUQVKRAGFFFDNFJYVHWQFOYACEXAOXLRWWLXA
GGEVVQNLKFAGOFUQVKRAGFFFDNFJYVHWQFOYACEXAOXLRWWLXAMUZUMXHMBKIYNUOQXGKFBRIMICTVFAXVVVIEKSTLDVDGIPMRPZ
GEVNKAOFQRFFDFHQEXALLAMBKYQXRMVFXVEKSTLDDGIPZRMPVIVVATCIIBFKGOUNIMHXMUZUXWWRXOCAYOFWVYJNFGAKVUGFLQVG
GEVNKAOFQRFFDFHQEXALLAMBKYQXRMVFXVEKSTLDDGIPZRMPVIVVATCIIBFKGOUNIMHXMUZUXWWRXOCAYOFWVYJNFGAKVUGFLQVG
EVKOFHXAAYXRMVKSTDDGZRMPVIVVATCBFKGOIMHXMWRXCAYWNVGLQGVFUKAGFJYVFOOWXUZUNUIIPILEXFVQKBMLLEQFDFFRQANG
EVKOFHXAAYXRMVKSTDDGZRMPVIVVATCBFKGOIMHXMWRXCAYWNVGLQGVFUKAGFJYVFOOWXUZUNUIIPILEXFVQKBMLLEQFDFFRQANG
EVFAXVKDGZPVACIXYWNVGQVFJYOOWUZUNLEFMLLFFRQAGNDFQEBKQVXIPIIUXFVGAKUFGLACRWMXHMOGKFBTVIVMRDTSMRYAXHOK
BKQVXIPIIUXFVGAKUFGLACRWMXHMOGKFBTVIVMRDTSMRYAXHOKEVFAXVKDGZPVACIXYWNVGQVFJYOOWUZUNLEFMLLFFRQAGNDFQE
BKQVIUFVLCWXGKVIMRDYOKFVDGPACXYWVVFOOUNLFFRAGNFQEDQLMFELZUWYJQGNIVZKXAVEHXARMSTVTBFOMHMRAGFUKAGXIPIX
BKQVIUFVLCWXGKVIMRDYOKFVDGPACXYWVVFOOUNLFFRAGNFQEDQLMFELZUWYJQGNIVZKXAVEHXARMSTVTBFOMHMRAGFUKAGXIPIX
QIUVLCWXGKVMRYOKFGACXFULRANEDLMLUQZKAHRSBFMRAGUAIXIPXGKFMHOTVTMAXEVXVINGJYWZEFQQFGFFNOOVVWYPDVDIFVKB
IPXGKFMHOTVTMAXEVXVINGJYWZEFQQFGFFNOOVVWYPDVDIFVKBQIUVLCWXGKVMRYOKFGACXFULRANEDLMLUQZKAHRSBFMRAGUAIX
PXGFMVTAVXVIGWZEQFGFNOWDIVKBQILWGKMOFFRANEMLUAHMRAIXAUGFBSRKZQLDLUXCAGKYRVXCVUFDVPYVVOFQFYJNEXMTOHKI
PXGFMVTAVXVIGWZEQFGFNOWDIVKBQILWGKMOFFRANEMLUAHMRAIXAUGFBSRKZQLDLUXCAGKYRVXCVUFDVPYVVOFQFYJNEXMTOHKI
XMTVXVIGZFGOWDIILWGKFFRANHMRIXAUBRQDLCYXCVUFVPYVVFQYJXMOHKITENFODVRKGAXULZKSFGAAULMEOMQBKVNFQEWAVFGP
XMTVXVIGZFGOWDIILWGKFFRANHMRIXAUBRQDLCYXCVUFVPYVVFQYJXMOHKITENFODVRKGAXULZKSFGAAULMEOMQBKVNFQEWAVFGP
MXIGZFGOWDILWGKHMRXBRQDCYXCUFPVJHKENFOKGAXULSFAUMOMVFQEWAVGPFNKBQELAGKZRVDTIOMXYQFVYVVLUAINARFFIVVTX
MVFQEWAVGPFNKBQELAGKZRVDTIOMXYQFVYVVLUAINARFFIVVTXMXIGZFGOWDILWGKHMRXBRQDCYXCUFPVJHKENFOKGAXULSFAUMO
MFEAGPNBQEKZVDTIOXYFYVAINRFIVTFDGYXJHKFOGXSFMOUALUAKNEVPFUCCDQRBXRMHKWLIWOGZGIXMXVFAULVVQMRGALKFVWQV
MFEAGPNBQEKZVDTIOXYFYVAINRFIVTFDGYXJHKFOGXSFMOUALUAKNEVPFUCCDQRBXRMHKWLIWOGZGIXMXVFAULVVQMRGALKFVWQV
EGBQKTIOXFFITFDJAUAKNEVFCCDQRBXMWLGXMVFAVQRGAKVQVWFLMVLUXIGZOWIKHRUPLUOMFSXGOFKHXYGVRNIAVYYDVZENPAFM
EGBQKTIOXFFITFDJAUAKNEVFCCDQRBXMWLGXMVFAVQRGAKVQVWFLMVLUXIGZOWIKHRUPLUOMFSXGOFKHXYGVRNIAVYYDVZENPAFM
EGQKTXFITFJECDQRWXMAVRGKVWMVXZIKRUPLUOFSXGOFHGYYZENFMAPVDVAINRVYXKMHWOGIULLFVQAQFVGLMXBCFVNKAUADFOIB
NFMAPVDVAINRVYXKMHWOGIULLFVQAQFVGLMXBCFVNKAUADFOIBEGQKTXFITFJECDQRWXMAVRGKVWMVXZIKRUPLUOFSXGOFHGYYZE
NMAPNRXHOULVQAFLMXBNKUIBEGXJECDWAVRKVMZIKRPUFSGHGYYEZFOXOLUXVWGMXRQFTIFTKQOFDAAVFCGVQFLIGWMKYVIAVDVF
NMAPNRXHOULVQAFLMXBNKUIBEGXJECDWAVRKVMZIKRPUFSGHGYYEZFOXOLUXVWGMXRQFTIFTKQOFDAAVFCGVQFLIGWMKYVIAVDVF
NNXHOUALUGXJCWARKKUFSGYEZLUXWGRFITKAAVLIWMVAVDFVIYKGFQGCFVDFOQFTQXMVOXOFYGHPRIZMVVDEEBIKNBXMFQVLRPAM
NNXHOUALUGXJCWARKKUFSGYEZLUXWGRFITKAAVLIWMVAVDFVIYKGFQGCFVDFOQFTQXMVOXOFYGHPRIZMVVDEEBIKNBXMFQVLRPAM
XUAUGXCARKSELWRITAAIWVDVIKQGCVDOTXMOXFHPRIDEBIXMPAMRLVQFBNKEVVMZGYOVQFQFFFGYFAVMLVKFGXUZYGFUKWJLOHNN
MRLVQFBNKEVVMZGYOVQFQFFFGYFAVMLVKFGXUZYGFUKWJLOHNNXUAUGXCARKSELWRITAAIWVDVIKQGCVDOTXMOXFHPRIDEBIXMPA
MVQFBNKEVMZYVQGFAVKFGXZGFUKWJLNNUAGARKSEWRTIWVDVQCTMFHIBMAPXIEDRPXOXODVGKIAAILCXUXHOYULMVYFFFQFOGVLR
TMFHIBMAPXIEDRPXOXODVGKIAAILCXUXHOYULMVYFFFQFOGVLRMVQFBNKEVMZYVQGFAVKFGXZGFUKWJLNNUAGARKSEWRTIWVDVQC
TMFIMXIRXXODKIAUHOYLMVYFFFGLMVQBNKEAKFGUKWNURTWDCQVVIRWESKAGANLJFGZXVFGQVYZMVFRVOQFUXXCLIAGVOPDEPABH
TMFIMXIRXXODKIAUHOYLMVYFFFGLMVQBNKEAKFGUKWNURTWDCQVVIRWESKAGANLJFGZXVFGQVYZMVFRVOQFUXXCLIAGVOPDEPABH
TMFMXRIAUOLVYFFGLMVBNKEAKGUKTDCQVANJFVVZMVOQUXXCLIAPPHBAEDOVGFVRFYQGFXZGLAGKSEWRIVWRUNWFQFMYHKDOXXII
TMFMXRIAUOLVYFFGLMVBNKEAKGUKTDCQVANJFVVZMVOQUXXCLIAPPHBAEDOVGFVRFYQGFXZGLAGKSEWRIVWRUNWFQFMYHKDOXXII
TMIAGLVKEAKKDQANFZVQXCLBAEDFFYZAGKEIWUWFYHDOIIXXKMFQNRVRWSLGXFGQRVGVOHPPAIXUOMVVJVCTUGNBMFFYVLOURXFM
FQNRVRWSLGXFGQRVGVOHPPAIXUOMVVJVCTUGNBMFFYVLOURXFMTMIAGLVKEAKKDQANFZVQXCLBAEDFFYZAGKEIWUWFYHDOIIXXKM
FQNVXVGOHPAUVVVCUNBMFLXTMAVEAKKZVQCLBADFFGOIXKMXIDHYFWUWIEKAZYEXFNAQDKLGIMFRUOVYFGTJMOXIPVRQGFGLSWRR
HYFWUWIEKAZYEXFNAQDKLGIMFRUOVYFGTJMOXIPVRQGFGLSWRRFQNVXVGOHPAUVVVCUNBMFLXTMAVEAKKZVQCLBADFFGOIXKMXID
YFWKADMFOXIPVGGLRFNVHPVVNBMFAEZQCLADFGOKXIDMXIFBVKKAVMTXLUCVUAOGVXQRWSFQRMJTGYVOURFIGLKQANFXEYZEIUWH
KAVMTXLUCVUAOGVXQRWSFQRMJTGYVOURFIGLKQANFXEYZEIUWHYFWKADMFOXIPVGGLRFNVHPVVNBMFAEZQCLADFGOKXIDMXIFBVK
KAVMTLUVAGVXQWQRJTYOUKFXYEUHYFWADFOIVGGLRFNHPVBMZLDFGOKIDMFVKBIXXACQEAFNVVPXMKWIZENAQLGIFRVGMFSROUCX
KAVMTLUVAGVXQWQRJTYOUKFXYEUHYFWADFOIVGGLRFNHPVBMZLDFGOKIDMFVKBIXXACQEAFNVVPXMKWIZENAQLGIFRVGMFSROUCX
KLUVAGVQJTOKFUYDOLFNVMZDGKIDMFVIXXAAFNVVXIZQLIRGMFSUXCORVFGANEWKMPEQCBKOFLBPHRGGVIFAWFHEYXUYRWQXTMVA
KLUVAGVQJTOKFUYDOLFNVMZDGKIDMFVIXXAAFNVVXIZQLIRGMFSUXCORVFGANEWKMPEQCBKOFLBPHRGGVIFAWFHEYXUYRWQXTMVA
KLVAVJOFYDLFNKIMFXXANZLIRMUORFNEWEBORGGFAWFXYQXTMAVWRUYEHIVHPBLFKCQPMKAGVCXSFGQIXVVFAIVDGDZMVOUKTQGU
VWRUYEHIVHPBLFKCQPMKAGVCXSFGQIXVVFAIVDGDZMVOUKTQGUKLVAVJOFYDLFNKIMFXXANZLIRMUORFNEWEBORGGFAWFXYQXTMA
VRUELFCMVCFGIXVVDDZMKUKLAVJDLNIMFXALIMUONWEBOFAFYXAMTQXWGGREFRRZNXKFYFOVGQTUOVGIAFVQSXGAKPQKBPHVIHYW
AMTQXWGGREFRRZNXKFYFOVGQTUOVGIAFVQSXGAKPQKBPHVIHYWVRUELFCMVCFGIXVVDDZMKUKLAVJDLNIMFXALIMUONWEBOFAFYX
MTRZFVGQOVIFQXAKQKPHVRUEFCVCFIXVDZKUKLJLNMNEBFXYAFOWOUILAXFMIDVAMDVGMLWYIVHBPGSVAGUTOFYKXNRFERGGWXQA
OWOUILAXFMIDVAMDVGMLWYIVHBPGSVAGUTOFYKXNRFERGGWXQAMTRZFVGQOVIFQXAKQKPHVRUEFCVCFIXVDZKUKLJLNMNEBFXYAF
OIIDVADVGMLVBSVGUOYRFERWAZVVQXQPHUFCFIXVDLLFXFAYBENMNJKUKZVCERVKKAFIOQGFRTMQXGGNXKFTAGPHIYWMMFXALUOW
NMNJKUKZVCERVKKAFIOQGFRTMQXGGNXKFTAGPHIYWMMFXALUOWOIIDVADVGMLVBSVGUOYRFERWAZVVQXQPHUFCFIXVDLLFXFAYBE
NMJKZVCRKAFIOGFTXGGNKFGHYWUIIDVDGLSGOEVVQXPHXFXFAYEBLLDVIFCFUQZAWRFRYUVBVMVAOWOLAXFMMIPATXQMRQKVEUKN
NMJKZVCRKAFIOGFTXGGNKFGHYWUIIDVDGLSGOEVVQXPHXFXFAYEBLLDVIFCFUQZAWRFRYUVBVMVAOWOLAXFMMIPATXQMRQKVEUKN
NJZVRKIOGXNGHIIDVDSGVVQXXFABLLVIFCQZRRYBVOOLAXMMIAQRKEKNUVQMXTPFWAMVVUFWAUFDEYFXHPEOLGUWYFKGGTFFACKM
NJZVRKIOGXNGHIIDVDSGVVQXXFABLLVIFCQZRRYBVOOLAXMMIAQRKEKNUVQMXTPFWAMVVUFWAUFDEYFXHPEOLGUWYFKGGTFFACKM
NJZVRKIOGXNGHIIDVDSGVVQXXFABLLVIFCQZRRYBVOOLAXMMIAQRKEKNUVQMXTPFWAMVVUFWAUFDEYFXHPEOLGUWYFKGGTFFACKM
