
PFCLYUSYDXNFJJGHKMKLABBCAXLRHLUPWDRVOZEOUMWKHQGSTBJPJVLMUUROYMGYWFSSLUJZHEPSEFHQFLHKEQQZKIBWCAOSVTGG
PFCLYUSYDXNFJJGHKMKLABBCAXLRHLUPWDRVOZEOUMWKHQGSTBJPJVLMUUROYMGYWFSSLUJZHEPSEFHQFLHKEQQZKIBWCAOSVTGG
LYYNFJGHKMKLBCAXWDOZEMWKHGJPLMUUROYMYWFSLZSEQFKQQZIWCAOVGGTSBKEHLHFPEHJUSGVJBTSQUOVRPULHRLBAJXDSUCFP
IWCAOVGGTSBKEHLHFPEHJUSGVJBTSQUOVRPULHRLBAJXDSUCFPLYYNFJGHKMKLBCAXWDOZEMWKHGJPLMUUROYMYWFSLZSEQFKQQZ
WCVGLHPEHVSQUOVPUHRLBAXDUFLBCAXOMKGJPMRMFSLZSQKQZQFEWYYOUULHWEZDWKMKHGJFNYYLPCSJLRTBJGSUJFHEKBSTGOAI
FEWYYOUULHWEZDWKMKHGJFNYYLPCSJLRTBJGSUJFHEKBSTGOAIWCVGLHPEHVSQUOVPUHRLBAXDUFLBCAXOMKGJPMRMFSLZSQKQZQ
FOLEZDWKHGJCJLGUHESWGPHSVURLAXDFLAXMKPRLSZQQKQZSFMMJGOCBUBHPOUQVEHLVCIAOGTBKFJSJBTRSPLYYNFMKWHUUYYWE
MJGOCBUBHPOUQVEHLVCIAOGTBKFJSJBTRSPLYYNFMKWHUUYYWEFOLEZDWKHGJCJLGUHESWGPHSVURLAXDFLAXMKPRLSZQQKQZSFM
JCUBHOUQEHLIOTKSTRSPLYNKWEEWKGJLSGPHSRAFLKLQFMSZQKQZSRPMXADXLUVWEHUGCJHDZLOFYYUUHWMFYBJJFBGACVVPBOGM
JCUBHOUQEHLIOTKSTRSPLYNKWEEWKGJLSGPHSRAFLKLQFMSZQKQZSRPMXADXLUVWEHUGCJHDZLOFYYUUHWMFYBJJFBGACVVPBOGM
JCUHOUHLOSRLYNWEWGPSRKFMQZADLVHUGCJHDZYUHWMFGACBOMGPVVBFJJBYUYFOLEWUXXMPRSKQZSQLLFAHSLJGKEKPSTKTIEQB
JCUHOUHLOSRLYNWEWGPSRKFMQZADLVHUGCJHDZYUHWMFGACBOMGPVVBFJJBYUYFOLEWUXXMPRSKQZSQLLFAHSLJGKEKPSTKTIEQB
CHLOSRLSKQDLHUCHDZYUGACOPVJFXRKQZSQLLFSLGKPTKTIEBQSEKJHASPMXUWELOYUYBJFBVGMBFMWHJGVAZMFRPGWEWNYUOHUJ
SEKJHASPMXUWELOYUYBJFBVGMBFMWHJGVAZMFRPGWEWNYUOHUJCHLOSRLSKQDLHUCHDZYUGACOPVJFXRKQZSQLLFSLGKPTKTIEBQ
KJHSPUUYVMBFHVZMFRWEWNUJCLORSQDHCDZYUCFKQLFGKTIEBQTKPLSLQSZRXJVPOAGHULKLSHUHOYGPAGJWMGBFJBYOLEWXMAES
KJHSPUUYVMBFHVZMFRWEWNUJCLORSQDHCDZYUCFKQLFGKTIEBQTKPLSLQSZRXJVPOAGHULKLSHUHOYGPAGJWMGBFJBYOLEWXMAES
KPUUVMBFHZRUJORDZYCFKQFGIEBQTKPSLSRXJVPAGHLSHUOYBFBLEXAESMWOYJGMWJGAPGHKLUOZQLTKLUCHDQSLCNWEWFMVYSHJ
KPUUVMBFHZRUJORDZYCFKQFGIEBQTKPSLSRXJVPAGHLSHUOYBFBLEXAESMWOYJGMWJGAPGHKLUOZQLTKLUCHDQSLCNWEWFMVYSHJ
UVBJRFGBTSLRXVPAHLSHUBBLASOYJMWJPKLQLTKDFMSHJYVWEWNCLSQHCULZOUHGAGGWMEXEFYOGJSPKQEIFQKCYZDOURZHFMUPK
UVBJRFGBTSLRXVPAHLSHUBBLASOYJMWJPKLQLTKDFMSHJYVWEWNCLSQHCULZOUHGAGGWMEXEFYOGJSPKQEIFQKCYZDOURZHFMUPK
UVBGTSXVALSUBBLAOMWJPKLQTKDMSHVWWCQHUHGGWMEYOGSPKQCYZOUHMUKPFZRDKQFIEJFXEGAOZLUCSLNEYJFLJYSHHPRLBFRJ
UVBGTSXVALSUBBLAOMWJPKLQTKDMSHVWWCQHUHGGWMEYOGSPKQCYZOUHMUKPFZRDKQFIEJFXEGAOZLUCSLNEYJFLJYSHHPRLBFRJ
GSVBOWJQTKWWQHWEYGPKQZOUZREJGAOZLLYLYRLRJFBPHHSJFJENSCUEXFIFQKDFPKMHUYCSOMGGHUCVHSMDLKPMALBUSLAXTBVU
ENSCUEXFIFQKDFPKMHUYCSOMGGHUCVHSMDLKPMALBUSLAXTBVUGSVBOWJQTKWWQHWEYGPKQZOUZREJGAOZLLYLYRLRJFBPHHSJFJ
ESUFMHUSOMGGHUVSMLKPALBULTBGVBWJQTWEPZGZLLYRRJFHJFJSHPBLYLOAJERUOZQKGYWHQWKOSUVXASMDHCCYKPFDKQFIXECN
ESUFMHUSOMGGHUVSMLKPALBULTBGVBWJQTWEPZGZLLYRRJFHJFJSHPBLYLOAJERUOZQKGYWHQWKOSUVXASMDHCCYKPFDKQFIXECN
FHUSHUVMLALTBBWJZZLYRJFJFHPYOJRUOQKGYHQKSASMHCIXCNEFQKDFPKYCDXVUOWWZEALLBSJHRLGPEWTQVGUBLPKSGGMOMUSE
EFQKDFPKYCDXVUOWWZEALLBSJHRLGPEWTQVGUBLPKSGGMOMUSEFHUSHUVMLALTBBWJZZLYRJFJFHPYOJRUOQKGYHQKSASMHCIXCN
EQDFPKYVWWLBJHLPEGUPKSGGMSEUSHUVMLABWZLJPOJOKHKAHCIXCNMSSQYGQURYHFJFRYZJBTLHFUOMLBVQTWGRSLAEZOUXDCKF
IXCNMSSQYGQURYHFJFRYZJBTLHFUOMLBVQTWGRSLAEZOUXDCKFEQDFPKYVWWLBJHLPEGUPKSGGMSEUSHUVMLABWZLJPOJOKHKAHC
MSSQYQHFRYJOMTGSDCKFEDPKVWLJLEKSGMSUSVMAWZLJPOJOKHKAHCBLUHEGPUGPHBWYFQXUOZEALRWQVBLUFHLTBZJFYRUGNCXI
KAHCBLUHEGPUGPHBWYFQXUOZEALRWQVBLUFHLTBZJFYRUGNCXIMSSQYQHFRYJOMTGSDCKFEDPKVWLJLEKSGMSUSVMAWZLJPOJOKH
KAHUHUPBWQXOEWQBLUTBJFYUGNCXIQYFJMCKEPKVLKMUVAWLPJKHOOJZMSSGSEJLWDFDSGTOYRHQSSMRZLHFVRLAZUFYHGPGELBC
KHOOJZMSSGSEJLWDFDSGTOYRHQSSMRZLHFVRLAZUFYHGPGELBCKAHUHUPBWQXOEWQBLUTBJFYUGNCXIQYFJMCKEPKVLKMUVAWLPJ
KHSSGSWDFSOHLHRLAZUFYHKAHHXEQBLUBJFYIJMCPVMUAWLJPVKLKEKFYQXCNGUTWOQWBPUUCBLEGPGVFZRMSSQRYTGDLJEMZJOO
KLKEKFYQXCNGUTWOQWBPUUCBLEGPGVFZRMSSQRYTGDLJEMZJOOKHSSGSWDFSOHLHRLAZUFYHKAHHXEQBLUBJFYIJMCPVMUAWLJPV
KYGUQPUUBLPGFZRMSRTLZHSGWOLHLYHXLUBYIMPVMAJVPLWUCJFJBQEHHAKFUZARHSFDSSKOOJMEJDGYQSVGECBWOWTNCXQFEKLK
KYGUQPUUBLPGFZRMSRTLZHSGWOLHLYHXLUBYIMPVMAJVPLWUCJFJBQEHHAKFUZARHSFDSSKOOJMEJDGYQSVGECBWOWTNCXQFEKLK
QPUBPMSTZSGOLUBYIVVPWUJBHUZAFDSSKOQSGCBWNXFKKLEQCTOWEVYGDJEMJOSHRFKAHEQFJCLJAMPMXHYLHLWHLRRZFGLUUGYK
QPUBPMSTZSGOLUBYIVVPWUJBHUZAFDSSKOQSGCBWNXFKKLEQCTOWEVYGDJEMJOSHRFKAHEQFJCLJAMPMXHYLHLWHLRRZFGLUUGYK
QPUBPMSZLYIWUJBHUZFKOSFKEQCWVJEMSRFKAEQFJCMMYHLRFUYKGULGZRLHWLHXPAJLHHOJDGYEOTLKXNWBCGQSSDAPVVBUOGST
YKGULGZRLHWLHXPAJLHHOJDGYEOTLKXNWBCGQSSDAPVVBUOGSTQPUBPMSZLYIWUJBHUZFKOSFKEQCWVJEMSRFKAEQFJCMMYHLRFU
GGRLLJLHGYOLGSVUQMSZYIWUJBHFKQCEMSRFKAFJLRUFHYMMCQEJVWESOKFZULPBUPTSGOBVPADSQCBWNXKTEDJOHAPXHWHZLUKY
EJVWESOKFZULPBUPTSGOBVPADSQCBWNXKTEDJOHAPXHWHZLUKYGGRLLJLHGYOLGSVUQMSZYIWUJBHFKQCEMSRFKAFJLRUFHYMMCQ
JEOKFBUPSGBCBKTDJOHAXHHZLUYGLJLYSVQMZYUJBHKAJLUHQCMMYFRFKFRSMECQFWISUGLOGHLRGKWPEXNWQSDAPVOTPLUZSWVE
MMYFRFKFRSMECQFWISUGLOGHLRGKWPEXNWQSDAPVOTPLUZSWVEJEOKFBUPSGBCBKTDJOHAXHHZLUYGLJLYSVQMZYUJBHKAJLUHQC
MMFRFKFECFWISGOGHRWNWDAVTPLZSWEJOFBUPCKDHAHHUYLLYSVQUJBHAJLQCHUKYZMJGLZXOJTBBGSKEVUOPSQXEPKGLLUQMSRY
MMFRFKFECFWISGOGHRWNWDAVTPLZSWEJOFBUPCKDHAHHUYLLYSVQUJBHAJLQCHUKYZMJGLZXOJTBBGSKEVUOPSQXEPKGLLUQMSRY
MMFRFEFIGGHRNWDPZSWEBPCHULYVHJLCHKYZGXOJTBSEUOSQEPKGLMSRYQULXPVKGBZLJMUQABJUQSLYHAHDKUFOJLTVAWOSWCKF
MMFRFEFIGGHRNWDPZSWEBPCHULYVHJLCHKYZGXOJTBSEUOSQEPKGLMSRYQULXPVKGBZLJMUQABJUQSLYHAHDKUFOJLTVAWOSWCKF
RFIGRNWPZSEBCUYLCHKYZGXJBOSKGLSRQULXVBLJUQABJUQLAKFOVAWOSWFKCTLJUDHHYSMZGKPYMPEQUESTOJHVLHPWDHGFEFMM
FOVAWOSWFKCTLJUDHHYSMZGKPYMPEQUESTOJHVLHPWDHGFEFMMRFIGRNWPZSEBCUYLCHKYZGXJBOSKGLSRQULXVBLJUQABJUQLAK
OSWFKCJHYZGKPYPQUETJPDFEFMMRFBYHYXSKGLULBQLAKQUJBAUJLVXQRSOBJGZKCLUCESZPWNRGIGHWHLVHOSEMMSHDULTOWAVF
UJLVXQRSOBJGZKCLUCESZPWNRGIGHWHLVHOSEMMSHDULTOWAVFOSWFKCJHYZGKPYPQUETJPDFEFMMRFBYHYXSKGLULBQLAKQUJBA
UJVXROJGSZWRIHHHSEMMULTWAFFKHZGPYPQUETDFERBYXSGLUBAQUABJKLQLKHYFMMFPJKYJCWSOVODHSOVLWGGNPECULCKZBSQL
AQUABJKLQLKHYFMMFPJKYJCWSOVODHSOVLWGGNPECULCKZBSQLUJVXROJGSZWRIHHHSEMMULTWAFFKHZGPYPQUETDFERBYXSGLUB
QULYFFYJSODVLWPCCKZSLVRZWRIHEMMLAFFKHZGUTFBYGBULSXREDEQPYPWTUSHHSGJOXJUQBLUENGGOSHOVWCKJPMMHKQLKJBAA
QULYFFYJSODVLWPCCKZSLVRZWRIHEMMLAFFKHZGUTFBYGBULSXREDEQPYPWTUSHHSGJOXJUQBLUENGGOSHOVWCKJPMMHKQLKJBAA
UFFJODCCKZSLZWREMMLAFKZGTBULXQYPWUSHSGUBLUNOVCJPMHQLJBAAKKMKWOHSGGEQJXOJHTPEDERSGYBFUHFHIRVPWLVSYYLQ
UFFJODCCKZSLZWREMMLAFKZGTBULXQYPWUSHSGUBLUNOVCJPMHQLJBAAKKMKWOHSGGEQJXOJHTPEDERSGYBFUHFHIRVPWLVSYYLQ
FJDCCZSMMLKZGBXQYPWHBUNOMBKMKHSGGQJXOJHPDERGHFHIRSYLQYVLWPVUFBYSETEOWKAAJLQHPJCVLUGSSULUTFAERWZLKOFU
YLQYVLWPVUFBYSETEOWKAAJLQHPJCVLUGSSULUTFAERWZLKOFUFJDCCZSMMLKZGBXQYPWHBUNOMBKMKHSGGQJXOJHPDERGHFHIRS
VWPUTEOWKQUSSLAWLUFJCSMLZBXQHBNMKMHSGQJXPGHFHIRSREDHJOGKBOUWPYGKMZCDFOKZREFTUUGLVCJPHLJAAESYBFVLYQLY
VWPUTEOWKQUSSLAWLUFJCSMLZBXQHBNMKMHSGQJXPGHFHIRSREDHJOGKBOUWPYGKMZCDFOKZREFTUUGLVCJPHLJAAESYBFVLYQLY
WUTEWKSAWLULBXQHMMHJXHHRSRDHGKUWYCDFKGLVCAEYYQLYLVFBSAJLHPJUUTFERZOZMKGPOBOJEIFGPQGSKNBZMSCJFLSUQOPV
WUTEWKSAWLULBXQHMMHJXHHRSRDHGKUWYCDFKGLVCAEYYQLYLVFBSAJLHPJUUTFERZOZMKGPOBOJEIFGPQGSKNBZMSCJFLSUQOPV
WUTUXQHMHJHHSRDHKUCFVYYLJLJFZKBJEFGPGNZSJSUVPOQLFCMBKSQIOOPGMZORETUUPHASBFVLQYEACLGKDYWGRXMBLLWASKWE
MBKSQIOOPGMZORETUUPHASBFVLQYEACLGKDYWGRXMBLLWASKWEWUTUXQHMHJHHSRDHKUCFVYYLJLJFZKBJEFGPGNZSJSUVPOQLFC
KQOOPGMREHQACGYWGRASWETXQJHSDHKCFYYLJJFBJZSJUVLCFQOPSNGPGFEKZLVURHHMHUUWKWLLBMXDKLEYLVFBSAPUUTOZISBM
KQOOPGMREHQACGYWGRASWETXQJHSDHKCFYYLJJFBJZSJUVLCFQOPSNGPGFEKZLVURHHMHUUWKWLLBMXDKLEYLVFBSAPUUTOZISBM
OPEHQYSETXQJSHKCYLJFBZSJUVOPSNGPGFEKZUHHMUWLBKLYLVSUMBSIZOTUPABFEDXMLWKUHRVLQFCLJJYFDHWARGWGCARMGOQK
OPEHQYSETXQJSHKCYLJFBZSJUVOPSNGPGFEKZUHHMUWLBKLYLVSUMBSIZOTUPABFEDXMLWKUHRVLQFCLJJYFDHWARGWGCARMGOQK
PQYSTXQHSVSNGEHWLYUSIZOTFEDXMLKHRVFHARGGARKQOGMCWWDFYJJLCQLUWBAPUBMSVLLKBUMHUZKFGPPOUJZBFJLYCKSJEHEO
DFYJJLCQLUWBAPUBMSVLLKBUMHUZKFGPPOUJZBFJLYCKSJEHEOPQYSTXQHSVSNGEHWLYUSIZOTFEDXMLKHRVFHARGGARKQOGMCWW
YJCQLUWBPUMLLKBUMHUFPOUBFJCSJEEQSTXQSNWLUIZOTEXMKRVFHARGARQMWWCGOKGHLDFSYHEGVSHYPOHKYLZJPGKZVSBALJFD
VFHARGARQMWWCGOKGHLDFSYHEGVSHYPOHKYLZJPGKZVSBALJFDYJCQLUWBPUMLLKBUMHUFPOUBFJCSJEEQSTXQSNWLUIZOTEXMKR
RQCGKGLDESYPYZJKBAJFULLKBUMHUOUBFJSJEQSXSWZOTEMRKXIULNQTECPFMPBWULQCJYDLSVZGPLKHOHVGHYSFHOWWMRAGAHFV
IULNQTECPFMPBWULQCJYDLSVZGPLKHOHVGHYSFHOWWMRAGAHFVRQCGKGLDESYPYZJKBAJFULLKBUMHUOUBFJSJEQSXSWZOTEMRKX
ULNQTEFMBLQCJYDLZGPKOVYSWRGFGDSPZJKBALLKUUUFJSJSOMKXRETZWXSQEBOHMBUFJYYELGKCQRVHAAMWOHFHGHHLVSUWPPCI
KXRETZWXSQEBOHMBUFJYYELGKCQRVHAAMWOHFHGHHLVSUWPPCIULNQTEFMBLQCJYDLZGPKOVYSWRGFGDSPZJKBALLKUUUFJSJSOM
KRETXBOHBJYYCQAMHHHLVSUPILNTFQCJYLZPOSGSPZJALLUUFSMOJSJUKBKDFGRWYVKGDLBMEQUCPWHGFOWAHVRKGLEFUMEQSWZX
KRETXBOHBJYYCQAMHHHLVSUPILNTFQCJYLZPOSGSPZJALLUUFSMOJSJUKBKDFGRWYVKGDLBMEQUCPWHGFOWAHVRKGLEFUMEQSWZX
EOBYQHHSPILTFQJYLZPOSPALLSMOJKKFRWVKGDBMECPWHGOWHVGLFUEZXWSQMEKRAFUQLYGDBUJSFUUJZSGCNUVLHMACYJHBXTRK
GLFUEZXWSQMEKRAFUQLYGDBUJSFUUJZSGCNUVLHMACYJHBXTRKEOBYQHHSPILTFQJYLZPOSPALLSMOJKKFRWVKGDBMECPWHGOWHV
GLFUEZXQRAUQYBUSFUUZSGCNULHAYJBXREHHILFLPSALOJKKRGDBWHVHWOGPCEMKVWFMSLPOZYJQTPSQYBOKTHCMVJJDGLFKEMSW
DBWHVHWOGPCEMKVWFMSLPOZYJQTPSQYBOKTHCMVJJDGLFKEMSWGLFUEZXQRAUQYBUSFUUZSGCNULHAYJBXREHHILFLPSALOJKKRG
WHHWPEWFSLPJQPSOKTMVJDGESWGLEXQUFCNJXEHHILPSALKRGKJOLFRBYAHLUGSZUUSUBYQARZUFMKFLJCHBYQTYZOMVKMCGOVBD
WHHWPEWFSLPJQPSOKTMVJDGESWGLEXQUFCNJXEHHILPSALKRGKJOLFRBYAHLUGSZUUSUBYQARZUFMKFLJCHBYQTYZOMVKMCGOVBD
HLJSTVDGGLQUFCJXEHSLKJLFRBYAHLSUUSUBQRUMFBYQVVBDOGCMKMOZYTHCJLKFZAYZGUOGRKAPLIHNXEWSEJMKOPQPSFWEPWHW
HLJSTVDGGLQUFCJXEHSLKJLFRBYAHLSUUSUBQRUMFBYQVVBDOGCMKMOZYTHCJLKFZAYZGUOGRKAPLIHNXEWSEJMKOPQPSFWEPWHW
LJTGUCESLJFRYHLUQUMYQBDOMOTHJKFZUGALIHSPQSEPWHWWFPOKMJEWEXNPKROGZYALCYZMKCGVVBFRBSUUSABLKHXJFQLGDVSH
OKMJEWEXNPKROGZYALCYZMKCGVVBFRBSUUSABLKHXJFQLGDVSHLJTGUCESLJFRYHLUQUMYQBDOMOTHJKFZUGALIHSPQSEPWHWWFP
KMWEXNPROGACYZMVSUALHXJFQLGVJGCLJFRYHUQUQDMTJZSPQSPWHPFWWEHILAGUFKHOOBYMLSEUTLHSDKBSUBRFBVGCKLYZKEJO
KMWEXNPROGACYZMVSUALHXJFQLGVJGCLJFRYHUQUQDMTJZSPQSPWHPFWWEHILAGUFKHOOBYMLSEUTLHSDKBSUBRFBVGCKLYZKEJO
WEXNOYZMVALJFQGJGLJFYUQQDMTZSPQSHWELUOOYLBSUBRBGCLYZKOJEKVFKDSHTUESLMBHKFGAIHWFPWPJUHRCVLXHUSCAGRPMK
YZKOJEKVFKDSHTUESLMBHKFGAIHWFPWPJUHRCVLXHUSCAGRPMKWEXNOYZMVALJFQGJGLJFYUQQDMTZSPQSHWELUOOYLBSUBRBGCL
ZKODHUESLHFAIWFPWPUCVHSAMKWENOVLJQGJLFUQDZPSWUOYBSURGLCBBLOLEHQSTMQYJGFAMZYXPRGCUXLRHJHGKBMTSKFVKEJY
ZKODHUESLHFAIWFPWPUCVHSAMKWENOVLJQGJLFUQDZPSWUOYBSURGLCBBLOLEHQSTMQYJGFAMZYXPRGCUXLRHJHGKBMTSKFVKEJY
ZKDHEAWFPWVSMWENOVLQJLUQDUOYSRLLOEHSTMQJGXPCLRKMSKEJYVFKTBGHJHXUGRYZMAFYQLBBCGUBWSPZFGJKAHCUPIFHLSUO
ZKDHEAWFPWVSMWENOVLQJLUQDUOYSRLLOEHSTMQJGXPCLRKMSKEJYVFKTBGHJHXUGRYZMAFYQLBBCGUBWSPZFGJKAHCUPIFHLSUO
KEAEOLJQOLOHSTQJGXCLRKMKVKTBHZMAQLCGUBSGJAUFHLSOUIPCHKFZPWBBYFYRGUXJHGFYJESPMELRSYUDULQVNWMSVWPFWHDZ
KEAEOLJQOLOHSTQJGXCLRKMKVKTBHZMAQLCGUBSGJAUFHLSOUIPCHKFZPWBBYFYRGUXJHGFYJESPMELRSYUDULQVNWMSVWPFWHDZ
AEJOOQXKMHZMAQGUBSGJAFLOPWBFYXJYJESMRUDVWDZHWFPWVSMNQLUYSLEPFGHUGRYBPZFKHCIUSHUCLBTKVKRLCGJTSHLQLOEK
AEJOOQXKMHZMAQGUBSGJAFLOPWBFYXJYJESMRUDVWDZHWFPWVSMNQLUYSLEPFGHUGRYBPZFKHCIUSHUCLBTKVKRLCGJTSHLQLOEK
EJOGBSFOPBFYJUDDZHFWNQLUGGYPZKHIUSHCLBTVRLGTSHQKEOLLJCKKUCFBRUHFPELSYMSVPWWVRMSEJXYWLAJGUQAMZHMKXQOA
LLJCKKUCFBRUHFPELSYMSVPWWVRMSEJXYWLAJGUQAMZHMKXQOAEJOGBSFOPBFYJUDDZHFWNQLUGGYPZKHIUSHCLBTVRLGTSHQKEO
LLJUBFLSYMSVVRMSEHOAEJBYDHNUPKHLBTRLTSHKOEQGVCSUIHZYGGLQWFZDUJFBPOFSGOQXKMZMAQUGJALWYXJWWPEPHURFCKKC
ZYGGLQWFZDUJFBPOFSGOQXKMZMAQUGJALWYXJWWPEPHURFCKKCLLJUBFLSYMSVVRMSEHOAEJBYDHNUPKHLBTRLTSHKOEQGVCSUIH
YGGQDFBPOFOXMZMAQGJALYJWEURFCLBFLSVVMEHOEJBYNUKLTRLECSUIHVGQOKHSTBHPHDASRSMYUJLKKCHPPWXWUKQGSJUZFWLZ
LECSUIHVGQOKHSTBHPHDASRSMYUJLKKCHPPWXWUKQGSJUZFWLZYGGQDFBPOFOXMZMAQGJALYJWEURFCLBFLSVVMEHOEJBYNUKLTR
ESUHOHSBHARYUWXQSJUZWGGDFPOFOZAQLYJWFVMHOJBYKLTRUNEEVSLBLCFRUEAJGMMXBQYZLFGKUWPPHCKKLJMSSDHPTKQGVICL
ESUHOHSBHARYUWXQSJUZWGGDFPOFOZAQLYJWFVMHOJBYKLTRUNEEVSLBLCFRUEAJGMMXBQYZLFGKUWPPHCKKLJMSSDHPTKQGVICL
ESOBHAYUWSZWGGFOQYJVMHTUNEEGYLGKUPHKMSDHTQVLCIGKPSJLKCPWFZQBXMMJAURFCLBLSVERLKYBJOFWLAZOFPDUJQXRSHHU
JLKCPWFZQBXMMJAURFCLBLSVERLKYBJOFWLAZOFPDUJQXRSHHUESOBHAYUWSZWGGFOQYJVMHTUNEEGYLGKUPHKMSDHTQVLCIGKPS
WBMMAURFBLERKFWLADUQRHUESOBHAYUSWOQYJHTUNELGUPKSQKPSGICLVTHDMHKYGEMVFGGZWHSXJPFOZOJBYLVSLCJXQZFPCKLJ
WBMMAURFBLERKFWLADUQRHUESOBHAYUSWOQYJHTUNELGUPKSQKPSGICLVTHDMHKYGEMVFGGZWHSXJPFOZOJBYLVSLCJXQZFPCKLJ
WMAUFBLRKFWLADUQRUESBUSWOQYJHEGPKQGCLVTMHKGGHSOZJYLLCJQZFPCKJLXSVBOFPJXWZGFVMEYDHISPKSULNUTYAHOHERMB
LLCJQZFPCKJLXSVBOFPJXWZGFVMEYDHISPKSULNUTYAHOHERMBWMAUFBLRKFWLADUQRUESBUSWOQYJHEGPKQGCLVTMHKGGHSOZJY
LJQFCJSVBOPEYHKSLNTAHHERBWMUFBKWLADQRUSBEGKHKGJYZOSHGMTVLCGQPHJYQOWSUEUFRLAMOYUUPSIDMVFGZWXJFXLKPZCL
LJQFCJSVBOPEYHKSLNTAHHERBWMUFBKWLADQRUSBEGKHKGJYZOSHGMTVLCGQPHJYQOWSUEUFRLAMOYUUPSIDMVFGZWXJFXLKPZCL
LQVBYHLNHERWMUAUSBEGKKZOHMLCPQWSURLMUUSIMGXLKCLZPXFJWZFVDPYOAFUEOYJHQGVTGSYJGHRQDLWKBFBHATSKEPOSJCFJ
FJWZFVDPYOAFUEOYJHQGVTGSYJGHRQDLWKBFBHATSKEPOSJCFJLQVBYHLNHERWMUAUSBEGKKZOHMLCPQWSURLMUUSIMGXLKCLZPX
VOAFYVTSJGHRQDLWBATSKSJCFJLVYLNHEWMUSBKHMCRLUUSIMGKCLZPXLXMUSWQPLOZKGEAURHBQOPEHFBKYGGQHJOEUYPDFZWJF
KCLZPXLXMUSWQPLOZKGEAURHBQOPEHFBKYGGQHJOEUYPDFZWJFVOAFYVTSJGHRQDLWBATSKSJCFJLVYLNHEWMUSBKHMCRLUUSIMG
PXLXMUWPZKEUHBQPEBKGQHJEZJVAFYVTJGQWATKFJLVYHEMUSKHMCLUMGISURBWNLCJSSBLDRHSOFWFDPYUOGYFHORAGOLQSZLCK
PXLXMUWPZKEUHBQPEBKGQHJEZJVAFYVTJGQWATKFJLVYHEMUSKHMCLUMGISURBWNLCJSSBLDRHSOFWFDPYUOGYFHORAGOLQSZLCK
PXLXUWPZHBEKGJJFVWTFJLVEMKHMMSRWNJSFUGYHOQZLKCSLGAROFOYPDWFOSHRDLBSCLBUIGULCSUHYKAQGJTYAVZEHQBPQUEKM
PXLXUWPZHBEKGJJFVWTFJLVEMKHMMSRWNJSFUGYHOQZLKCSLGAROFOYPDWFOSHRDLBSCLBUIGULCSUHYKAQGJTYAVZEHQBPQUEKM
XLXUBEJJFVFLVEHMMRWSFUGYHOZSGAFOYPFOHLLBGULSUHYKQGTAVHQBPQMKEUEZYJACIUCSBDRSWDORLCKLQJNSKMJTWGKHZPWP
XLXUBEJJFVFLVEHMMRWSFUGYHOZSGAFOYPFOHLLBGULSUHYKQGTAVHQBPQMKEUEZYJACIUCSBDRSWDORLCKLQJNSKMJTWGKHZPWP
XXEJJFFLVHMMRWUGYHZAFOPFOLULSUHKQTHQMKEUYACUCBRWDORLLNSMJWGZWPPHKTKJQKCSDSIJZEQPBVAGYGBLHYGSOFSEVBUL
RLLNSMJWGZWPPHKTKJQKCSDSIJZEQPBVAGYGBLHYGSOFSEVBULXXEJJFFLVHMMRWUGYHZAFOPFOLULSUHKQTHQMKEUYACUCBRWDO
LSMWGPPTQCSZEQBVAYGBYGSEVUXFMUGHFOFUUHMKUACUCWDORBYEQTQKHSLLOPAZYWRMHVLFJJEXLBSFOHLGPJISDKJKKHWZJNLR
YEQTQKHSLLOPAZYWRMHVLFJJEXLBSFOHLGPJISDKJKKHWZJNLRLSMWGPPTQCSZEQBVAYGBYGSEVUXFMUGHFOFUUHMKUACUCWDORB
EQQHSLLZWRMLFJJLFOGKWRLSPSEQBVGBYXGMAWDORBCUCUKHUUFOFHUMFUVESGYAZCQTPGWMLNJZHKJKDSIJPLHSBXEVHYAPOKTY
FOFHUMFUVESGYAZCQTPGWMLNJZHKJKDSIJPLHSBXEVHYAPOKTYEQQHSLLZWRMLFJJLFOGKWRLSPSEQBVGBYXGMAWDORBCUCUKHUU
FUFESGYACPMNHJKDIPHEHAPOTYEQHLZWRJJFOKWRLPSQAWORBKHUUUCUCDMGXYBGVBESGLFLMLSQKYVXBSLJSKZJLWGTQZVUMHFO
HUUUCUCDMGXYBGVBESGLFLMLSQKYVXBSLJSKZJLWGTQZVUMHFOFUFESGYACPMNHJKDIPHEHAPOTYEQHLZWRJJFOKWRLPSQAWORBK
HUCMYBGVBSGMSQXLJKJLGMFOFUFEGAHKPEAOYEQHLWJJFOPSARKBOWQLRWKRZTPHHIDJNMPCYSHUVZQTWZSSBVYKLLFLEXGDUCUU
HUCMYBGVBSGMSQXLJKJLGMFOFUFEGAHKPEAOYEQHLWJJFOPSARKBOWQLRWKRZTPHHIDJNMPCYSHUVZQTWZSSBVYKLLFLEXGDUCUU
HUCYGGSQXJLMFEKEYEQHLWJOPKOWQLRWKRZTPHDJPCYSHVTWSSVYKLLXUUCUDGELFBZQZUMNIHBRASFJOAPHAGFUFOGJKLMSBVBM
VYKLLXUUCUDGELFBZQZUMNIHBRASFJOAPHAGFUFOGJKLMSBVBMHUCYGGSQXJLMFEKEYEQHLWJOPKOWQLRWKRZTPHDJPCYSHVTWSS
VKLLXUUUELFZMIFJHGOLBHYGSXLMFEKEYEQHLWQRZPDYSHVSSWTCPJHTKWRLWOKPOJJQGCUMVBSMKJGFUFAPAOSARBHNUQZBGDCY
VKLLXUUUELFZMIFJHGOLBHYGSXLMFEKEYEQHLWQRZPDYSHVSSWTCPJHTKWRLWOKPOJJQGCUMVBSMKJGFUFAPAOSARBHNUQZBGDCY
LXUUULIGOBSLMYEQHQHVSSTCPJHKROKOJJQGCMFAOSARHNQCYDGBZUBAPFUGJKMSBVUPWLWTWSYDPZRWLEKEFXGYHLHJFMZFELKV
GBZUBAPFUGJKMSBVUPWLWTWSYDPZRWLEKEFXGYHLHJFMZFELKVLXUUULIGOBSLMYEQHQHVSSTCPJHKROKOJJQGCMFAOSARHNQCYD
GZUAPFUGKBVWSDZRWLEGYHLHFELXUGOSMYEQVSPJHKROOQGRHNQYDCASOAFMCJJKCTSHQHLBILUUVKLFZMJXFKEPYWTWLPUSMJBB
QYDCASOAFMCJJKCTSHQHLBILUUVKLFZMJXFKEPYWTWLPUSMJBBGZUAPFUGKBVWSDZRWLEGYHLHFELXUGOSMYEQVSPJHKROOQGRHN
YCOFJCTHQLBIUUFZFKEYWTPMGFZRWEGYHLHLXUGOSYEQVSPHROQRNHGOKJMEFLDSWVBKGUPAUZBBJSULWPXJMLKVLHSKJCMASADQ
YCOFJCTHQLBIUUFZFKEYWTPMGFZRWEGYHLHLXUGOSYEQVSPHROQRNHGOKJMEFLDSWVBKGUPAUZBBJSULWPXJMLKVLHSKJCMASADQ
YFCQBUFFKEWZRWEGYHLUGEQVPONGKMLSVKUZBBSUWPXLKVHSKCAADQSMJLMJLJUAPGBWDFEJOHRQRHSYSOXHLFGMPTYZUILHTJOC
YFCQBUFFKEWZRWEGYHLUGEQVPONGKMLSVKUZBBSUWPXLKVHSKCAADQSMJLMJLJUAPGBWDFEJOHRQRHSYSOXHLFGMPTYZUILHTJOC
FCUKEZHGQVKLSUZBSUPKHCAADQSLMJLJUPBJOHRQRHSYSOXHPYHTJCOLIUZTMGFLEFDWGAJMKSVLXWBKVMGNOPEULYGEWRWFFBQY
FCUKEZHGQVKLSUZBSUPKHCAADQSLMJLJUPBJOHRQRHSYSOXHPYHTJCOLIUZTMGFLEFDWGAJMKSVLXWBKVMGNOPEULYGEWRWFFBQY
FCUKEZGQVKSZBSUPKCADQMJJUPRHSYHTJOIGFDGBVGLYGEWFBQYFWRUEPONMKWXLVSKMJAWELFMTZULCPHXOSYQRHOJBLLSAHULH
YFWRUEPONMKWXLVSKMJAWELFMTZULCPHXOSYQRHOJBLLSAHULHFCUKEZGQVKSZBSUPKCADQMJJUPRHSYHTJOIGFDGBVGLYGEWFBQ
YWREOMWXVKMJAWEFMZULPHXSRHOLLSUKZVSBSUPCADMJUHJGDBGQBFWEYLGVGFIOTYSHRPJQKZKQGECFHLUHABJQYOCTLSLKNPUF
GQBFWEYLGVGFIOTYSHRPJQKZKQGECFHLUHABJQYOCTLSLKNPUFYWREOMWXVKMJAWEFMZULPHXSRHOLLSUKZVSBSUPCADMJUHJGDB
GEYLVGFJZKQGFHLHAJYCLWMJAFLXLSUKZVSUPCADJGBDJHUMSBLOHRSHPUZMEWKVXMOERWYFUPNKSLTOQBUCEKQPRHSYTOIGWFBQ
GEYLVGFJZKQGFHLHAJYCLWMJAFLXLSUKZVSUPCADJGBDJHUMSBLOHRSHPUZMEWKVXMOERWYFUPNKSLTOQBUCEKQPRHSYTOIGWFBQ
EVFJZLMJALSUSUCJDJHSOSHPZEWMORWYFUSTOBUCEKPGWBQFIOTYSHRQQLKNPEXVKMURHLBMUBGDAPVZKLXFWLCYJAHHFGQKGLYG
EVFJZLMJALSUSUCJDJHSOSHPZEWMORWYFUSTOBUCEKPGWBQFIOTYSHRQQLKNPEXVKMURHLBMUBGDAPVZKLXFWLCYJAHHFGQKGLYG
VJLALSUSUCHWMORUTBUCEPGWBQFOTQKPEXVKMRLBUBGDAPKLXFJAGKGLGYQFHHYCLWZVMHUNLQRHSYIKOSFYWEZPHSOSJDJJMZFE
VJLALSUSUCHWMORUTBUCEPGWBQFOTQKPEXVKMRLBUBGDAPKLXFJAGKGLGYQFHHYCLWZVMHUNLQRHSYIKOSFYWEZPHSOSJDJJMZFE
VLUSMUTUEPGWBFOTQEXVKRLUGKLFAKLGYFZHUKOSFYZPSJMZFEJJDOSHEWIYSHRQLNMVWLCYHHQGGJXPADBBMPKQCBROWHCUSLAJ
VLUSMUTUEPGWBFOTQEXVKRLUGKLFAKLGYFZHUKOSFYZPSJMZFEJJDOSHEWIYSHRQLNMVWLCYHHQGGJXPADBBMPKQCBROWHCUSLAJ
UEPGBFTQEXRGKLKLGYHUSZPZEJOSWIHQMWLCHHQXDBKQBRWCLAJSUHOCPMBAPJGGYVNLRSYEHDJFMJSYFOKZFAFULKVOWUTUMSLV
UEPGBFTQEXRGKLKLGYHUSZPZEJOSWIHQMWLCHHQXDBKQBRWCLAJSUHOCPMBAPJGGYVNLRSYEHDJFMJSYFOKZFAFULKVOWUTUMSLV
EPBFTQXRGLGYHZESHQCHBWCJSHCPMBPGVRSYHDFMJSYOAFKVWSLVMUTUOLUFZKFJELNYGJAOUALRQKBDXQHLWMIWOJZPSUKLKEGU
LVMUTUOLUFZKFJELNYGJAOUALRQKBDXQHLWMIWOJZPSUKLKEGUEPBFTQXRGLGYHZESHQCHBWCJSHCPMBPGVRSYHDFMJSYOAFKVWS
LVUOUJEYJALQKBXQHWIWJPKKEGUPFQXGYESCHBWCMBPSYHJYOAVWSKFSMFDRVGPHSJCQHZHLGRTBELUSZOMLDRUOAGNLFKZFLTUM
VWSKFSMFDRVGPHSJCQHZHLGRTBELUSZOMLDRUOAGNLFKZFLTUMLVUOUJEYJALQKBXQHWIWJPKKEGUPFQXGYESCHBWCMBPSYHJYOA
WSKMDGHQLGRTUSUAGNLKLTLUUJEYAQKXIJKEGGSHBWMSYYAOJHPBCCEYXQFPUKPWWHQBLJOVMUFZFORDLMOZLEBHZHCJSPVRFSFV
WSKMDGHQLGRTUSUAGNLKLTLUUJEYAQKXIJKEGGSHBWMSYYAOJHPBCCEYXQFPUKPWWHQBLJOVMUFZFORDLMOZLEBHZHCJSPVRFSFV
WSKMHLGRTUGNKLUYAJKEGSAOJHEXFWHQOFFORDLZEZHCSVRFVFSPJHBLOMZUMVJLBWPKUPQYCCBPYYSMWBHGIXKQEJULTLASUQGD
SPJHBLOMZUMVJLBWPKUPQYCCBPYYSMWBHGIXKQEJULTLASUQGDWSKMHLGRTUGNKLUYAJKEGSAOJHEXFWHQOFFORDLZEZHCSVRFVF
HMZMJBPKYCCPYSMWBGXEJLASQGWKMHGTGNKLYJGAOJEFWFRLZECFVFRVSHZDOFOQHXHSEKAUURLSDUTLUQKIHYBQPUWLVUOLBJPS
CFVFRVSHZDOFOQHXHSEKAUURLSDUTLUQKIHYBQPUWLVUOLBJPSHMZMJBPKYCCPYSMWBGXEJLASQGWKMHGTGNKLYJGAOJEFWFRLZE
CVRVZQELUTUBQPWULBSHMZMBPKCPYMEJLSQHGTNKJGERLEZFWFJOAYLGMKWGAXGBWSCYJPJOVLUYHIKQLDSRUUAKSHXHOFODHSFF
CVRVZQELUTUBQPWULBSHMZMBPKCPYMEJLSQHGTNKJGERLEZFWFJOAYLGMKWGAXGBWSCYJPJOVLUYHIKQLDSRUUAKSHXHOFODHSFF
RUTBHMMCYMEJLSHTNERWFJAYGAWJPUYIRUAKXOFODFFSHHHSUSDLQKHLVOJYCSBGXWKMGLOFZELGJKGQPKPBZSLUWPQBULEQZVVC
DLQKHLVOJYCSBGXWKMGLOFZELGJKGQPKPBZSLUWPQBULEQZVVCRUTBHMMCYMEJLSHTNERWFJAYGAWJPUYIRUAKXOFODFFSHHHSUS
DLQKHLVYCSGOFZELJGKPBSVCRUTMMCYMJLTRFJAWJPRKXFSHSSUHHFDOFOAUIYUGYAWENHSEHBVZQELUBQPWULZPQKGLMKWXGBJO
UHHFDOFOAUIYUGYAWENHSEHBVZQELUBQPWULZPQKGLMKWXGBJODLQKHLVYCSGOFZELJGKPBSVCRUTMMCYMJLTRFJAWJPRKXFSHSS
UHFFOAYGENHVZUBPWUZPQXGOQKHLVYCSGFKPBCJLRAWJRFSHSSXKPJFTMYCMMTURVSGJLEZOLDJBWKMLGKLQLEQBESHWAYUIUODH
XKPJFTMYCMMTURVSGJLEZOLDJBWKMLGKLQLEQBESHWAYUIUODHUHFFOAYGENHVZUBPWUZPQXGOQKHLVYCSGFKPBCJLRAWJRFSHSS
JMYMURVLZOJWMKLQLEHWAYUUDHHFFYNZPWUPQXGOHYCFKPJRWFHSSSRJALCBGSVLKQZBUVHEGAOUOISBQEGLKBDLEJGSTMCTFPKX
JMYMURVLZOJWMKLQLEHWAYUUDHHFFYNZPWUPQXGOHYCFKPJRWFHSSSRJALCBGSVLKQZBUVHEGAOUOISBQEGLKBDLEJGSTMCTFPKX
URVLOMLHHFYZPWUPXHYKJWSJCSLVOUOISQLKBEGSTCFKXPTMJLDGEBAGEHUBZQKVGBLARSSHFRPFCOGQNFHDUUYAWELQKWJZMYMJ
DGEBAGEHUBZQKVGBLARSSHFRPFCOGQNFHDUUYAWELQKWJZMYMJURVLOMLHHFYZPWUPXHYKJWSJCSLVOUOISQLKBEGSTCFKXPTMJL
BAGEBZVBRSSFPCQNHUYAWKWVOHFWHYJWOISQLESCKXJLMTPFTGBKOUVLSCJSKXPUPZYHLMLRUJMYMZJQLEUDFGOFRHALGKQUHEGD
BAGEBZVBRSSFPCQNHUYAWKWVOHFWHYJWOISQLESCKXJLMTPFTGBKOUVLSCJSKXPUPZYHLMLRUJMYMZJQLEUDFGOFRHALGKQUHEGD
GEZBRFPCQHUKWVWJWIQESCXJGBKUVLSJSKPZYHLMRUJMZJQEUDFGOFHALGQUHDGEKRLMYLPUXCOTFPTMLKLSOYHFHOWAYNSSVBAB
GEZBRFPCQHUKWVWJWIQESCXJGBKUVLSJSKPZYHLMRUJMZJQEUDFGOFHALGQUHDGEKRLMYLPUXCOTFPTMLKLSOYHFHOWAYNSSVBAB
GEBPCQHKWVJWIQECBUJKZYRJJQFGFHALGDGELMPXCOTTMKSYOWSSVBABNYAHFHOLLPFULYRKHUQODUEZMUMLHPSSLVKGJXSWUFRZ
SSVBABNYAHFHOLLPFULYRKHUQODUEZMUMLHPSSLVKGJXSWUFRZGEBPCQHKWVJWIQECBUJKZYRJJQFGFHALGDGELMPXCOTTMKSYOW
VABNYFOLRKOEUHPSSLVKJXSWRZGBPHKWWIECUYRJGLDGLMOTMSWOYKTCXPEGAHFFQJZKJBQJVQCEFUGLMMZUDQUHYUFPLLHHABSS
VABNYFOLRKOEUHPSSLVKJXSWRZGBPHKWWIECUYRJGLDGLMOTMSWOYKTCXPEGAHFFQJZKJBQJVQCEFUGLMMZUDQUHYUFPLLHHABSS
ABNORKOVJXSZPHWUJGLOTSWOYKTCHFQJKJJQFGMMUHUFPABSSHHLLYQDUZLUECVQBZFAGEPXMMGDLRYCEIWKBGRWKLSSPHUELFYV
HLLYQDUZLUECVQBZFAGEPXMMGDLRYCEIWKBGRWKLSSPHUELFYVABNORKOVJXSZPHWUJGLOTSWOYKTCHFQJKJJQFGMMUHUFPABSSH
HLLYQDUZLUECVQBZFAGEPXMMGDLRYCEIWKBGRWKLSSPHUELFYVABNORKOVJXSZPHWUJGLOTSWOYKTCHFQJKJJQFGMMUHUFPABSSH
