
TOQHJYIXQZARRQNYCHNLGPYOFNTEFCFSHCVLCTETTESJZKJKCCFOZTXUXQPFYQYUEZBWQWUOHVOZXJROTFBXVDTYVATHUAMZPNJO
FOZTXUXQPFYQYUEZBWQWUOHVOZXJROTFBXVDTYVATHUAMZPNJOTOQHJYIXQZARRQNYCHNLGPYOFNTEFCFSHCVLCTETTESJZKJKCC
FOZTXUFYYEBWQWUOVOZOXVATHUAZPJTYIANYHGOFNTEFCFHLCTETTJZCCKJKSEVCSYPLNCQRRZQXJHQOONMYTDVBFTRJXHZUQPQX
ETTJZCCKJKSEVCSYPLNCQRRZQXJHQOONMYTDVBFTRJXHZUQPQXFOZTXUFYYEBWQWUOVOZOXVATHUAZPJTYIANYHGOFNTEFCFHLCT
ETTZCCVPLNRZJHQMJHZUQQZYQWOOXHAZPJYANHGOFFCFLTCHETNYITUTAVZVOUWBEYFUXTOFXPXRTFBVDTYNOOXQRQCYSCESKJKJ
NYITUTAVZVOUWBEYFUXTOFXPXRTFBVDTYNOOXQRQCYSCESKJKJETTZCCVPLNRZJHQMJHZUQQZYQWOOXHAZPJYANHGOFFCFLTCHET
NYAVOUWYFOFXXRVTNOXQRCCSKJEZCCPNQJHZUOAPJYOFFLTCHETCFGHNAZHXOWQYZQQMHJZRLVTTKJESYQOYDBFTPTXUEBZVTUTI
TCFGHNAZHXOWQYZQQMHJZRLVTTKJESYQOYDBFTPTXUEBZVTUTINYAVOUWYFOFXXRVTNOXQRCCSKJEZCCPNQJHZUOAPJYOFFLTCHE
TFHNAZOQQLVTTKJTUBVTNAVOUOFRTNXQJZCCNHUYFLTHECFOJPAOZJQPEKSCCROVXXFYWYITUZEXPTFBDYOQYSERZJHMQZYWXHGC
AOZJQPEKSCCROVXXFYWYITUZEXPTFBDYOQYSERZJHMQZYWXHGCTFHNAZOQQLVTTKJTUBVTNAVOUOFRTNXQJZCCNHUYFLTHECFOJP
AZJPESCCVXYTUETFOQEHMZYHGTHNOQLVTTKJTUVNAOUOFRNQCCNUYFTHCPJOFELHZJXTVTBQZAFCXWQJZRSYYDBPXZIWYFXORKQO
AZJPESCCVXYTUETFOQEHMZYHGTHNOQLVTTKJTUVNAOUOFRNQCCNUYFTHCPJOFELHZJXTVTBQZAFCXWQJZRSYYDBPXZIWYFXORKQO
ZPCXYUETQMZHGHOORNCCUFCPJOFELJXTVBQZAFQZSYXWYFXQOKROIZPBDYRJWXCTZHHTYNQFUOANVUTJKTTVLQNTYHEOFTVCSEJA
ZPCXYUETQMZHGHOORNCCUFCPJOFELJXTVBQZAFQZSYXWYFXQOKROIZPBDYRJWXCTZHHTYNQFUOANVUTJKTTVLQNTYHEOFTVCSEJA
ZCXYEHNCLXVBZFZSYORBDYWXZHYQOUTJVYHOFTCJAESVETNQLTTKVNAUFNTHTCJRPZIOKQXFYWXQAQTJEFOJPFUCCROOGHZMQTUP
TKVNAUFNTHTCJRPZIOKQXFYWXQAQTJEFOJPFUCCROOGHZMQTUPZCXYEHNCLXVBZFZSYORBDYWXZHYQOUTJVYHOFTCJAESVETNQLT
KVUNHJIXFYWFOOOGMCYEHNFYORBDWQTVTCAESVQLTNTEJFOHYJUOYHZXYSZZBVXLCXZPUTQZHRCCUFPJEJTQAQXQKOZPRCTTFANT
KVUNHJIXFYWFOOOGMCYEHNFYORBDWQTVTCAESVQLTNTEJFOHYJUOYHZXYSZZBVXLCXZPUTQZHRCCUFPJEJTQAQXQKOZPRCTTFANT
KUIFYOMFYORDWQVTSVQLTEJFOHJUZYZVCXZUTCCPTQOTFTNATCRPZKQXQAJEJFURHZQPLXBZSXHYOYTNEACTBNHEYCGOOFWXJHNV
KUIFYOMFYORDWQVTSVQLTEJFOHJUZYZVCXZUTCCPTQOTFTNATCRPZKQXQAJEJFURHZQPLXBZSXHYOYTNEACTBNHEYCGOOFWXJHNV
YOORWSVQLEFUZZVCXZTCCPTQONACRKXAJJFUZLXBZXYOYTNTBNHEYCGOWXJHVNFOCAEHSPQHREQQZPTTFTUYJHOJTTVQDYFMFIUK
HEYCGOWXJHVNFOCAEHSPQHREQQZPTTFTUYJHOJTTVQDYFMFIUKYOORWSVQLEFUZZVCXZTCCPTQONACRKXAJJFUZLXBZXYOYTNTBN
HGOWXJHFOAEHPQHQTFYJHOTVQFOUZVCXZTTQOJFZLBXYNBNTTOYZXUJAXKRCANPCCZFELQVSWROYKUIMFYDTJUTTPZQERSCNVCYE
YZXUJAXKRCANPCCZFELQVSWROYKUIMFYDTJUTTPZQERSCNVCYEHGOWXJHFOAEHPQHQTFYJHOTVQFOUZVCXZTTQOJFZLBXYNBNTTO
YZJARPZFVSRYKUIFDTJUTPZQERCNVHJFAPQHQTFYHOTFOTQOZLBXBNOTTNYFJTZXCVZUQVJHEOHXWOGEYCSTYMOWQLECCNACKXUX
YZJARPZFVSRYKUIFDTJUTPZQERCNVHJFAPQHQTFYHOTFOTQOZLBXBNOTTNYFJTZXCVZUQVJHEOHXWOGEYCSTYMOWQLECCNACKXUX
YRFRYKIDJUENVFAHQYHOTOTQLXBNOTNTXCUQHEOWGYCTYMWLECNCXUXKACQOSEOXHJVZVZJFYTBZOFFTQPJHCRQZPTTFUSVZPAJZ
NCXUXKACQOSEOXHJVZVZJFYTBZOFFTQPJHCRQZPTTFUSVZPAJZYRFRYKIDJUENVFAHQYHOTOTQLXBNOTNTXCUQHEOWGYCTYMWLEC
UXKACOOXHJVVZFYTFTQJHTTVZZRYKDJUENVYOQXBNNXQOCYWECLMTYGWEHUCTTOLTTOHQHAFIRFYJAPSUFPZQRCPFOZBJZESQXCN
UXKACOOXHJVVZFYTFTQJHTTVZZRYKDJUENVYOQXBNNXQOCYWECLMTYGWEHUCTTOLTTOHQHAFIRFYJAPSUFPZQRCPFOZBJZESQXCN
UXOOHVTFTQTZKVYOQXBNOCECMYWTTOLOHHRYJAPPPZBJZEQCNXSOFCRQZFUSFIFAQTTCUHEGTLWYQXNNEUJDYRZVTHJYFZVJXCAK
SOFCRQZFUSFIFAQTTCUHEGTLWYQXNNEUJDYRZVTHJYFZVJXCAKUXOOHVTFTQTZKVYOQXBNOCECMYWTTOLOHHRYJAPPPZBJZEQCNX
SCQUFIFQTTCGWQXNNUDZVHJVJXCAXOHTFTQKVYOQBNOCCMTLHPPZBJZEXNCQPAJYRHOOTWYEXZTVOUKZFYTRYJEYLTEHUASFZRFO
PZBJZEXNCQPAJYRHOOTWYEXZTVOUKZFYTRYJEYLTEHUASFZRFOSCQUFIFQTTCGWQXNNUDZVHJVJXCAXOHTFTQKVYOQBNOCCMTLHP
BJZCJHOEXTVUZTYJYLTHSFSCQUFIWQNNVHJVJXTYCTLHPMCONBQOVKQFTHOXACZDUXGCTTQFORZFAUEERYFKOZYWTORYAPQNXEZP
QOVKQFTHOXACZDUXGCTTQFORZFAUEERYFKOZYWTORYAPQNXEZPBJZCJHOEXTVUZTYJYLTHSFSCQUFIWQNNVHJVJXTYCTLHPMCONB
FTOXACZDUXFAUEFOZYWYPNPZHOTVTYYLSQUFIQNVHJXTYCTHCNBOMPLJVNWCFSHTJZUXEJCJBZEXQAROTKYREFZROQTTCGHQKVOQ
BOMPLJVNWCFSHTJZUXEJCJBZEXQAROTKYREFZROQTTCGHQKVOQFTOXACZDUXFAUEFOZYWYPNPZHOTVTYYLSQUFIQNVHJXTYCTHCN
OPJWCFSHUJBEAROTREOQTGHQVTXXFAUEOYYPNPZTVTLFIQXCTNCHYTJHVNUQSYYOHWZFUDZCAOFQOKCTRZFYKQXZJCEXZJTNVLMB
CHYTJHVNUQSYYOHWZFUDZCAOFQOKCTRZFYKQXZJCEXZJTNVLMBOPJWCFSHUJBEAROTREOQTGHQVTXXFAUEOYYPNPZTVTLFIQXCTN
CHTVNUOFZAFRZFXEZNVLMJFJEAOTEOHTXXFAEYPNVXNTCQIFLTTZPYOUVQGTQRRBUHSCWPOBTJXCJZQKYTCKOQOCDUZWHYYSQHJY
CHTVNUOFZAFRZFXEZNVLMJFJEAOTEOHTXXFAEYPNVXNTCQIFLTTZPYOUVQGTQRRBUHSCWPOBTJXCJZQKYTCKOQOCDUZWHYYSQHJY
VOFZFZFEJFJAOTEHXFAEYNXTCQIFZYVQRBUSCJXQYTCKOCDUHSHJYQYYWZQOKZJCTBOPWHRTGQUOPTTLNVPXTOEMLVNZXRAUNTHC
HJYQYYWZQOKZJCTBOPWHRTGQUOPTTLNVPXTOEMLVNZXRAUNTHCVOFZFZFEJFJAOTEHXFAEYNXTCQIFZYVQRBUSCJXQYTCKOCDUHS
HWKBWTOPTTLNXMLNXRNTFZFFEOHXENTCFYVRUCJXTCKCDHSUOYQSBQZIQXYAFETAJFJZOVCHUAZVEOTPVUQGRHPOTCJZOQZYYQYJ
QSBQZIQXYAFETAJFJZOVCHUAZVEOTPVUQGRHPOTCJZOQZYYQYJHWKBWTOPTTLNXMLNXRNTFZFFEOHXENTCFYVRUCJXTCKCDHSUOY
QZAEJJZVCEOTVQRPOZQZYWKBWTNXLNNTFOHENTCYRUCJXTCUYOSHDKCVFXEFZFRXMLTPOTHJYQYOJCTHGUPVZAUHOFATFYXQIBSQ
QZAEJJZVCEOTVQRPOZQZYWKBWTNXLNNTFOHENTCYRUCJXTCUYOSHDKCVFXEFZFRXMLTPOTHJYQYOJCTHGUPVZAUHOFATFYXQIBSQ
QECEOTQRPYKBWNXNTFHTRUJTYOSVEFZXMLPTHQCTHGUZAUFTQISQBXYFAOHVPJOYYJOTRFXFCKDHUCXCYCNEONLTWZQZOVVZJJAZ
SQBXYFAOHVPJOYYJOTRFXFCKDHUCXCYCNEONLTWZQZOVVZJJAZQECEOTQRPYKBWNXNTFHTRUJTYOSVEFZXMLPTHQCTHGUZAUFTQI
QBXHPYJOTCNWVAZETRPYBTTTSFZXTQIQTFUAZUGHTCHPLMEVOYJURHFNXNWKQOECQJJZVOZQZTLNOEYCXCUHDKCFXFRYOJVOAFYS
QBXHPYJOTCNWVAZETRPYBTTTSFZXTQIQTFUAZUGHTCHPLMEVOYJURHFNXNWKQOECQJJZVOZQZTLNOEYCXCUHDKCFXFRYOJVOAFYS
QHJOCNWVAZRYBTTFZQAZUHTCLEVOJUHFXWKEVOOEXUHKCFRVAFYSOJOYXFDCCYNLTZQZZJJQCOQNNRYMPHGUFTIQTXSTPTETYPXB
QHJOCNWVAZRYBTTFZQAZUHTCLEVOJUHFXWKEVOOEXUHKCFRVAFYSOJOYXFDCCYNLTZQZZJJQCOQNNRYMPHGUFTIQTXSTPTETYPXB
QJOCNVZYBTFZQAUHTLVJUXEVEHKCAYSOJXDCNLTZQZQYMHGUFITXSPYBXPTETTQTPRNNQOCJJZYCFYOFVRFUXOOKWFHOECZTRAWH
TXSPYBXPTETTQTPRNNQOCJJZYCFYOFVRFUXOOKWFHOECZTRAWHQJOCNVZYBTFZQAUHTLVJUXEVEHKCAYSOJXDCNLTZQZQYMHGUFI
PBXPTETQPQCJYOFXOOKFECZTRAWQJOVYBTAUHVECYOJNTQYGIFUHMQZZLCDXSAKHVEXUJLTQZFZNCHOHWURVFFCYZJONNRTTYSXT
PBXPTETQPQCJYOFXOOKFECZTRAWQJOVYBTAUHVECYOJNTQYGIFUHMQZZLCDXSAKHVEXUJLTQZFZNCHOHWURVFFCYZJONNRTTYSXT
PBPTETQPQOKFAJVYBAHECFHMLCDEXZHWRYZYSTXTTRNNOJCFFVUOHCNFZQTLJUVHKASXZZQUIGYQTNJOYVUTOQWRTZCEOXFOYJCX
PBPTETQPQOKFAJVYBAHECFHMLCDEXZHWRYZYSTXTTRNNOJCFFVUOHCNFZQTLJUVHKASXZZQUIGYQTNJOYVUTOQWRTZCEOXFOYJCX
BQOKFAJYBAEHLCEXZHWYYSTXTNNJFFVONTVKSXZUGYQJOUTORCOCXJYFXOEZTWQVYNTIQZAHUJLQZFCHUCORTZRDMFCHVQPTETPP
OCXJYFXOEZTWQVYNTIQZAHUJLQZFCHUCORTZRDMFCHVQPTETPPBQOKFAJYBAEHLCEXZHWYYSTXTNNJFFVONTVKSXZUGYQJOUTORC
OJYXTNIZAHLZHOTZDMCHETPPBOAJYBLCZHWYYTONSXZUGQJOCRTUOYKVTVFFJNNTXSXEHEAFKQTPQVFRRCUCFQJUQTYVQWZEOFXC
TUOYKVTVFFJNNTXSXEHEAFKQTPQVFRRCUCFQJUQTYVQWZEOFXCOJYXTNIZAHLZHOTZDMCHETPPBOAJYBLCZHWYYTONSXZUGQJOCR
UOYVFFNNSHEFKQPQVFRFUYVQWZEOFXJXTAZMHPOYBLWYTZGQJCROUXSNOYHZCJABPTECDZTOHLHZINYOCTQJQCUCRTAEXXTJVTKT
ROUXSNOYHZCJABPTECDZTOHLHZINYOCTQJQCUCRTAEXXTJVTKTUOYVFFNNSHEFKQPQVFRFUYVQWZEOFXJXTAZMHPOYBLWYTZGQJC
XSOCBELHZYCTQJQCURXXTKUOFNNEKPQFFUVQWEOFXXTAZMHPYLYQJCGZTWBOJZYRVQFHSFVYTTVJEATCONIHOTZDCTPAJZHYNUOR
YQJCGZTWBOJZYRVQFHSFVYTTVJEATCONIHOTZDCTPAJZHYNUORXSOCBELHZYCTQJQCURXXTKUOFNNEKPQFFUVQWEOFXXTAZMHPYL
JCOYVQFHSVYTJTOIHZTPJZHOROCBHCTJQUXTKUOFNPQFFVQWEFXXTHPLYMZAOUKENXRCQYZLESXUNYACDTONCAEVTFRZJBWTZGQY
XXTHPLYMZAOUKENXRCQYZLESXUNYACDTONCAEVTFRZJBWTZGQYJCOYVQFHSVYTJTOIHZTPJZHOROCBHCTJQUXTKUOFNPQFFVQWEF
XTHPYZAOKENXCQYLESUNACNETFRZJQOYVFVZPZHCBCQUXOFNFVWFEQFQPUKTJTHOROJTHIOTJTYSHQCJYGZTWBVACOTDYXZRUMLX
WFEQFQPUKTJTHOROJTHIOTJTYSHQCJYGZTWBVACOTDYXZRUMLXXTHPYZAOKENXCQYLESUNACNETFRZJQOYVFVZPZHCBCQUXOFNFV
WFQFQUTJTHRJTSHJGZTBAODYZRUMLXTHPYZAKENCLSUAETRZJQOVPZHCBCUFVFNOXQZVFYFNCNEYQXOXXTCVWYCQYTOIHTJOOKPE
OVPZHCBCUFVFNOXQZVFYFNCNEYQXOXXTCVWYCQYTOIHTJOOKPEWFQFQUTJTHRJTSHJGZTBAODYZRUMLXTHPYZAKENCLSUAETRZJQ
PCCUFNOXQVFFCNXTWCQHJPQFUTJRTJGBODYZRUMXHPZNCLSURZJQTEAEKAYTLATZHSJHTQFWEKOOTIOTYYVCXOXQYENYZFVBHZVO
JQTEAEKAYTLATZHSJHTQFWEKOOTIOTYYVCXOXQYENYZFVBHZVOPCCUFNOXQVFFCNXTWCQHJPQFUTJRTJGBODYZRUMXHPZNCLSURZ
TAEYTLAZSHTWEKOOTITYCOXQENYZFPCCUFNQVFTWQPQUTJTBOYZMHPZSUZRLCNXURDGJRFJHCXNCFXOOVZHBVYXVYOFQJHTAKEQJ
TAEYTLAZSHTWEKOOTITYCOXQENYZFPCCUFNQVFTWQPQUTJTBOYZMHPZSUZRLCNXURDGJRFJHCXNCFXOOVZHBVYXVYOFQJHTAKEQJ
TAYTATWOIYQENYZPFVFTWPQJTOMHSZRCNXRGJFXNCFOVZVYXVYFAEQJKTHJQOBHOXCHJRDULUZPZYBTUQQNUCCFXOCTTOKEHSZLE
TAYTATWOIYQENYZPFVFTWPQJTOMHSZRCNXRGJFXNCFOVZVYXVYFAEQJKTHJQOBHOXCHJRDULUZPZYBTUQQNUCCFXOCTTOKEHSZLE
TAYWOIQENZPFQSZCNXGFXNCFYYFAEQJJQHOXJRDUZZYTQUCFXCTTKEHELZSOOCNQUBPLUHCBOHTKVXVZVOJRRHMOTJPWTFVYYTAT
TAYWOIQENZPFQSZCNXGFXNCFYYFAEQJJQHOXJRDUZZYTQUCFXCTTKEHELZSOOCNQUBPLUHCBOHTKVXVZVOJRRHMOTJPWTFVYYTAT
TAWOQZQSZNGXNCFFQHJDUZCXTNQPLCOKVZOJRHOTWYTATYVFTPJMRVVXTHBHUBUCOOSZLEHEKTCFUQTYZRXOJJQEAYYFXCFPNEIY
TAWOQZQSZNGXNCFFQHJDUZCXTNQPLCOKVZOJRHOTWYTATYVFTPJMRVVXTHBHUBUCOOSZLEHEKTCFUQTYZRXOJJQEAYYFXCFPNEIY
TWOQZQSCJDUZCXTNQOKJOTFJRVVUBUOSHEKUQYJQXCFNIYEPFYYAEJOXRZTFCTELZOCHBHTXMPTVYTAYWTHROZVCLPHQFFNXGNZA
TWOQZQSCJDUZCXTNQOKJOTFJRVVUBUOSHEKUQYJQXCFNIYEPFYYAEJOXRZTFCTELZOCHBHTXMPTVYTAYWTHROZVCLPHQFFNXGNZA
OQZSJDQJRUOHKFYEPYYJXZTCEZHBXMPYAWZVCLPHQXGZANNFFORHTYTVTTHCOLTFROEAFINCXQJYQUESUBVVFTOJKONTXCZUCQWT
OQZSJDQJRUOHKFYEPYYJXZTCEZHBXMPYAWZVCLPHQXGZANNFFORHTYTVTTHCOLTFROEAFINCXQJYQUESUBVVFTOJKONTXCZUCQWT
ODQUOKYYXZTCZHXMAZQGNFOTYTVTTHCOTFRXQJYQEBVVTJKNTCCTWQUZXOOFUSUCNIFAEOLHRFNAZXHPLCVWYPBEJPEYFHRJJSZQ
CTWQUZXOOFUSUCNIFAEOLHRFNAZXHPLCVWYPBEJPEYFHRJJSZQODQUOKYYXZTCZHXMAZQGNFOTYTVTTHCOTFRXQJYQEBVVTJKNTC
WUXSUNELRLYERJJZQODUOXZTCZHXZQGFOTTHOTRXYEVVJNTCKTBQJQFCTVYTNAMYYKQSHFYPJEBPWVCPHXZANFHOAFICUFOOZQTC
BQJQFCTVYTNAMYYKQSHFYPJEBPWVCPHXZANFHOAFICUFOOZQTCWUXSUNELRLYERJJZQODUOXZTCZHXZQGFOTTHOTRXYEVVJNTCKT
QJQTMYYFBPXZFHOFIOZTWUNELRLYJQDXZTTTHORXNTKCTJVVEYTOFGQZXHZCOUOZJREUSXCQOFUCANAHCVWPEJPYHSQKANTYVCFB
QJQTMYYFBPXZFHOFIOZTWUNELRLYJQDXZTTTHORXNTKCTJVVEYTOFGQZXHZCOUOZJREUSXCQOFUCANAHCVWPEJPYHSQKANTYVCFB
JQMBPZHOFIZUNEYJQDXTTRTKOFQZHUZESXCOANHWYQKNYBFCVTASHPJEPVCACUFQURJOOCZXGTYEVVJTCNXOHTZLRLWTOFXFYYTQ
ASHPJEPVCACUFQURJOOCZXGTYEVVJTCNXOHTZLRLWTOFXFYYTQJQMBPZHOFIZUNEYJQDXTTRTKOFQZHUZESXCOANHWYQKNYBFCVT
HJCCUFQZGYTNLRLWOFXFYTQQMPZFZUNEJKUZECNHQBVTCFYNKYWAOXSHZQFOTRTTXDQYIOHBJYTZTHOXCJVVETXCOOJRUAVPEPSA
WAOXSHZQFOTRTTXDQYIOHBJYTZTHOXCJVVETXCOOJRUAVPEPSAHJCCUFQZGYTNLRLWOFXFYTQQMPZFZUNEJKUZECNHQBVTCFYNKY
AQOJYTZTHXEXCAEPAHCUFZNRWFTPFUZHQBVCYKNYFTNCEUKJENZZMQQYFXOLLTYGQCJSPVURJOOTVVJCOBHIYQDXTTRTOFZHSXOW
AQOJYTZTHXEXCAEPAHCUFZNRWFTPFUZHQBVCYKNYFTNCEUKJENZZMQQYFXOLLTYGQCJSPVURJOOTVVJCOBHIYQDXTTRTOFZHSXOW
AQYTTXAHCFZFQBVCYKNFTNZZMQXOTYGQCSPVUROOJIYXTRFZHSXOWOTTDQHBOCVVTJJLLFYQNEJKUECYHZUPTFWRNUAPECEXHZJO
AQYTTXAHCFZFQBVCYKNFTNZZMQXOTYGQCSPVUROOJIYXTRFZHSXOWOTTDQHBOCVVTJJLLFYQNEJKUECYHZUPTFWRNUAPECEXHZJO
AYTAHCFZQBCNFTZXGQCVOOJIXTRZOTHBVJJYEKEYHUTWRAPCEXZOJHEUNFPZCUJNQFLLTVCOQDTWOXSHFYRUPSYTOQMZNKYVFXTQ
AYTAHCFZQBCNFTZXGQCVOOJIXTRZOTHBVJJYEKEYHUTWRAPCEXZOJHEUNFPZCUJNQFLLTVCOQDTWOXSHFYRUPSYTOQMZNKYVFXTQ
HCFQBFZQOOJXTOBJJEKEHWRAPJHNPCLCODTWXFRPTZKYXQTFVNMQOYSUYHSOQVTLFQNJUZFUEOZXECTUYYVHTZRIVCGXTNCZATYA
MQOYSUYHSOQVTLFQNJUZFUEOZXECTUYYVHTZRIVCGXTNCZATYAHCFQBFZQOOJXTOBJJEKEHWRAPJHNPCLCODTWXFRPTZKYXQTFVN
MOSHSLQJUFUEOXCTYYRGXNZAAHFBZQOOXJJEKHWPHNPCLODWXTZYQFNVTXKPRFTCJAREBOTJFQCYTCTCVIZTHVUEZZNFTVQOYUYQ
ZYQFNVTXKPRFTCJAREBOTJFQCYTCTCVIZTHVUEZZNFTVQOYUYQMOSHSLQJUFUEOXCTYYRGXNZAAHFBZQOOXJJEKHWPHNPCLODWXT
ZFTFTBOJFCCTCZTZNVUQOSHSQJUFEOCYRGXAAZOOXJEHHODXTWLCPNPWKJQBFHZNYTXULMYYOQTFZEUVHIVTYQTERAJCRPKXVNQY
LCPNPWKJQBFHZNYTXULMYYOQTFZEUVHIVTYQTERAJCRPKXVNQYZFTFTBOJFCCTCZTZNVUQOSHSQJUFEOCYRGXAAZOOXJEHHODXTW
LCPPBFZTUYOQEVHIVQTEARKXZTBCCZTNUOSJUCRGAAZOOJEHOXTWDHXXYOEFQSHQVZTCFJOTFFYQNVPCJRYTUZFTYMLXYNHQJKWN
TWDHXXYOEFQSHQVZTCFJOTFFYQNVPCJRYTUZFTYMLXYNHQJKWNLCPPBFZTUYOQEVHIVQTEARKXZTBCCZTNUOSJUCRGAAZOOJEHOX
TDHXYEQVZJOTFYQPCJRYUZTYMLYHQWNLCPBUOQEHVQEKXTCCZTUJRAZOOJEXOHAGCUSONBZRATIVYTZFPKJNXFTVNFFCTQHSFOXW
TDHXYEQVZJOTFYQPCJRYUZTYMLYHQWNLCPBUOQEHVQEKXTCCZTUJRAZOOJEXOHAGCUSONBZRATIVYTZFPKJNXFTVNFFCTQHSFOXW
TVZJOYPRYUZMWCPHQXTCURZOEXUSORIVYTZKNTNFFOXWSHQTCFVFXJPFTAZBNCGAHOJOAJTZCKEVEQOUBLNQHYLYTJCQFTQEYXHD
TVZJOYPRYUZMWCPHQXTCURZOEXUSORIVYTZKNTNFFOXWSHQTCFVFXJPFTAZBNCGAHOJOAJTZCKEVEQOUBLNQHYLYTJCQFTQEYXHD
VZJOYUTCREXUSOIZNTNFFXHTCFFXJAZHOOAJTEEOLNQYYTTQEDHXYFQCJLHBUQVKCZJAGCNBTFPVQSWOKTYVROZUXQHPCWMZRPYT
VZJOYUTCREXUSOIZNTNFFXHTCFFXJAZHOOAJTEEOLNQYYTTQEDHXYFQCJLHBUQVKCZJAGCNBTFPVQSWOKTYVROZUXQHPCWMZRPYT
ZJOYTCREUSOIZNFHTCFAZOOJEYTTQEHXFCBUFPWTYVROUQHCMZPYTRWPXZKOSQVTBNCGAJZCKVQHLJQYDYQNLOETAHJXFXFNTXUV
ZJOYTCREUSOIZNFHTCFAZOOJEYTTQEHXFCBUFPWTYVROUQHCMZPYTRWPXZKOSQVTBNCGAJZCKVQHLJQYDYQNLOETAHJXFXFNTXUV
ZRUZFHTCFOOJQHXCBPWVUQPTRWKOTBNCZHQLOETAXFXUVTNXFJHNYDYQJLQVKCJAGVQSZXPYZMCHORYTFUFETTYEZANIOSECTYOJ
ZRUZFHTCFOOJQHXCBPWVUQPTRWKOTBNCZHQLOETAXFXUVTNXFJHNYDYQJLQVKCJAGVQSZXPYZMCHORYTFUFETTYEZANIOSECTYOJ
ZRUCFOOHXCBWQKCZHLOTFXFJHNDYJLVKJAGVQZPZORFFYZAIECTJOYSONETTEUTYHCMYXSCQQYXNTVUXAEQNBTOWRTPUVPQJTHFZ
ZRUCFOOHXCBWQKCZHLOTFXFJHNDYJLVKJAGVQZPZORFFYZAIECTJOYSONETTEUTYHCMYXSCQQYXNTVUXAEQNBTOWRTPUVPQJTHFZ
UCOCWHFXJHNDYVAGVQZRFYZIETJYNTEMXQQYXVUXQTPUVQFZHTJPTRWOBNEATNCSYCHYTUTEOSOCAFOPZJKLJFTOLZCKQBXHOFRZ
JPTRWOBNEATNCSYCHYTUTEOSOCAFOPZJKLJFTOLZCKQBXHOFRZUCOCWHFXJHNDYVAGVQZRFYZIETJYNTEMXQQYXVUXQTPUVQFZHT
JPROATCYTESOFPZJKJFTLCKQBHORZUCOJNYVGVQRYZTJMQYVUXQPUVQHTZFTXQXETNYEIFZADHXFHWCFXZOLOACOUTHYSCNENBWT
JPROATCYTESOFPZJKJFTLCKQBHORZUCOJNYVGVQRYZTJMQYVUXQPUVQHTZFTXQXETNYEIFZADHXFHWCFXZOLOACOUTHYSCNENBWT
JOATPZJFTLQHORUCNYVQZJMYVXPZFQNYEFZAFWXZOAUTHYCNNWTBESOCLOFCHXHDITEXXTTHQVUQUQTYRGVJOZBKCKJFOSEYCTRP
TBESOCLOFCHXHDITEXXTTHQVUQUQTYRGVJOZBKCKJFOSEYCTRPJOATPZJFTLQHORUCNYVQZJMYVXPZFQNYEFZAFWXZOAUTHYCNNW
BOCOFCHITEXTUUTRGOZFOPATZJFTORUNZJYZFQNEFWOAUTCNWNYHZXAZFYPXVMQVYCHQLPOJRTCYESJKCKBJVYQQVQHTXDHXLSET
YHZXAZFYPXVMQVYCHQLPOJRTCYESJKCKBJVYQQVQHTXDHXLSETBOCOFCHITEXTUUTRGOZFOPATZJFTORUNZJYZFQNEFWOAUTCNWN
YHZXZFMCHLOSJKCBJYTXDHXLSTBOCHXTUTFOPTTRUNZZQEOAUCNWNTWFNFYJOFJZAZOGRUETIFOCEHQVQQVKEYCTRJPQYVQVXPYA
NWNTWFNFYJOFJZAZOGRUETIFOCEHQVQQVKEYCTRJPQYVQVXPYAYHZXZFMCHLOSJKCBJYTXDHXLSTBOCHXTUTFOPTTRUNZZQEOAUC
NYJFJZAZOGRETOEQQVKEYRYVQXYAHZZFCLSJKTLBOXUTRUCUAOEQZZNTPOFTTHCTSXHDXYJBCOHMXYPVQPJTCVQHCFIUOFNFWTNW
NYJFJZAZOGRETOEQQVKEYRYVQXYAHZZFCLSJKTLBOXUTRUCUAOEQZZNTPOFTTHCTSXHDXYJBCOHMXYPVQPJTCVQHCFIUOFNFWTNW
YJOGREOEQVKYXYHZZCLKTLXCUQZNTPOFHCHXYJBCOXYVPTQUOTWNWFNFIFCHVCJQPMHDXSTTTZEOAURTUOBJSFAQVRYEQTZAZJFN
YJOGREOEQVKYXYHZZCLKTLXCUQZNTPOFHCHXYJBCOXYVPTQUOTWNWFNFIFCHVCJQPMHDXSTTTZEOAURTUOBJSFAQVRYEQTZAZJFN
YJOREOEVYHLXNTOHYJBXQUOTWNWFFCQPDSTZEBAQVRYTAJFNZZQEFSJOUTRUAOTTXHMJVHCIFNTPVYOCXCHFPZQUCLTKCZZXYKQG
QEFSJOUTRUAOTTXHMJVHCIFNTPVYOCXCHFPZQUCLTKCZZXYKQGYJOREOEVYHLXNTOHYJBXQUOTWNWFFCQPDSTZEBAQVRYTAJFNZZ
EFSJOUTUOTXMHCFNTPYOXFQULTXQJOEVYHLNBXQTNWQDBVYAFZZNJTRQAEZTSPCFFWOUJYHOTXEORYGKYZZCKCZPHCCVIVJHTARQ
ZNJTRQAEZTSPCFFWOUJYHOTXEORYGKYZZCKCZPHCCVIVJHTARQEFSJOUTUOTXMHCFNTPYOXFQULTXQJOEVYHLNBXQTNWQDBVYAFZ
ZJTRETPOUJOXRKZPHVHAFJUTTNPYOXUTXEYLBQWVYFZABDQNTXNHVOJQLQFTFCHMXOUOSEQRTJIVCCZCKCZYGYOETHYWFFCSZAQN
ZJTRETPOUJOXRKZPHVHAFJUTTNPYOXUTXEYLBQWVYFZABDQNTXNHVOJQLQFTFCHMXOUOSEQRTJIVCCZCKCZYGYOETHYWFFCSZAQN
ZTRUOZHFUTPYOXXEYBWYFZAQTXVJQFTFCHXOUSQRTICZCCYHWFCZNQASFYTEOGYZKCVJEOMLQOHNNDBVQLTUNTJAHVPKRXJOPTEJ
ZTRUOZHFUTPYOXXEYBWYFZAQTXVJQFTFCHXOUSQRTICZCCYHWFCZNQASFYTEOGYZKCVJEOMLQOHNNDBVQLTUNTJAHVPKRXJOPTEJ
ZTRUOZHUTPXXEFZXVJFXUCZCCYHWZNQSTEOYZJELOHNNDBLTJAVPXPTEJOJRKHNUTQVQMOVCKGYFACFITRQSOHCFTQTQAYWBYOYF
ZTRUOZHUTPXXEFZXVJFXUCZCCYHWZNQSTEOYZJELOHNNDBLTJAVPXPTEJOJRKHNUTQVQMOVCKGYFACFITRQSOHCFTQTQAYWBYOYF
ZTRUZHUTPXFVJFXZCCYHWNSTEYZJEOHNDBLTPTEJORHNTQMYFCFIQCFTQQAWBOYFYYTHOSRTAGKCVOVQUKJXPVAJNLOQZCUXZEXO
ZTRUZHUTPXFVJFXZCCYHWNSTEYZJEOHNDBLTPTEJORHNTQMYFCFIQCFTQQAWBOYFYYTHOSRTAGKCVOVQUKJXPVAJNLOQZCUXZEXO
ZRZUTXVXCCYHSEJHBLTPJRHNMCFQBOYTHSTAGKCVQUALQZUXZEOXCONJVPXJKVOROYFYWAQTFCQIFYQTOETDNOEZYTNWZFJFPHUT
OXCONJVPXJKVOROYFYWAQTFCQIFYQTOETDNOEZYTNWZFJFPHUTZRZUTXVXCCYHSEJHBLTPJRHNMCFQBOYTHSTAGKCVQUALQZUXZE
XKVOYFWQTCFYTTDOZNWPURZUXHEJBLTJHNFQBHAGKCQAQZXZEULUVTSTYOCMRPHSYCCVXTZTHFJFZTYENEOQIQFAYROJPVJNOCXO
XKVOYFWQTCFYTTDOZNWPURZUXHEJBLTJHNFQBHAGKCQAQZXZEULUVTSTYOCMRPHSYCCVXTZTHFJFZTYENEOQIQFAYROJPVJNOCXO
XKVOYWQCTTUUHJLHBQZULVSCMRPHSYVXTTHFJFZYOQQFYROJVOOXCNJPAIENETZCCOYTTUEZXAQCKGAHQFNJTBEXZRPWNZODYFTF
OXCNJPAIENETZCCOYTTUEZXAQCKGAHQFNJTBEXZRPWNZODYFTFXKVOYWQCTTUUHJLHBQZULVSCMRPHSYVXTTHFJFZYOQQFYROJVO
ONJPANECOZKAHFJTBEZPWDTFKOQCTULZULHVHFJZQFOVOJRYQOYFTTXYSPRMCSVQBHJHUTWYVXFYOZNRXNQGCQAXEUTTYCZTEICX
YFTTXYSPRMCSVQBHJHUTWYVXFYOZNRXNQGCQAXEUTTYCZTEICXONJPANECOZKAHFJTBEZPWDTFKOQCTULZULHVHFJZQFOVOJRYQO
FTXYSPRSQBHJHUTWXYONCQXEUTCCJPANECOHTBPWFOQCTULZHVHJOORQOYJVFQZFLUKTDZEJFAKZNOXIETZYTAGQXRNZFVYVCMTY
HJOORQOYJVFQZFLUKTDZEJFAKZNOXIETZYTAGQXRNZFVYVCMTYFTXYSPRSQBHJHUTWXYONCQXEUTCCJPANECOHTBPWFOQCTULZHV
OFQZFUTZAKZNOXIEZYARZTYXYSRSBJTWYONCQXEUTCJACOPWOQUVHZLTCFBTHENPCXUHHQPTFMCVYVFNXQGTTFJEDKLVJYQROOJH
OFQZFUTZAKZNOXIEZYARZTYXYSRSBJTWYONCQXEUTCJACOPWOQUVHZLTCFBTHENPCXUHHQPTFMCVYVFNXQGTTFJEDKLVJYQROOJH
OUANXERTYRTYOCXEUCACWHCFBTHXHQFVYVXQLVYQROOHJJKDEJFTTGNFCMTPHUCPNETLZVUQOPOJTQNWJBSSXYZAYZIOZKZTFZQF
OUANXERTYRTYOCXEUCACWHCFBTHXHQFVYVXQLVYQROOHJJKDEJFTTGNFCMTPHUCPNETLZVUQOPOJTQNWJBSSXYZAYZIOZKZTFZQF
OUARTOCUCAWCTHVQLVQRODENMPHUETLZVQOPOJQJSYZYKTFFQZZZOIZAXSBWNTUNPCTCFGTTFJKJJHOYXVYFQHXBFHCEXYTRYEXN
OUARTOCUCAWCTHVQLVQRODENMPHUETLZVQOPOJQJSYZYKTFFQZZZOIZAXSBWNTUNPCTCFGTTFJKJJHOYXVYFQHXBFHCEXYTRYEXN
UOCUCTVLQRODENMPTLOJQJSYKFZOIABWNTNTCFGTTJJOXVYQHXYTNXEYRECFBXHFYHJKFCPUSXZZZQFTZYOPQVZEUHVQHCWATRAO
UOCUCTVLQRODENMPTLOJQJSYKFZOIABWNTNTCFGTTJJOXVYQHXYTNXEYRECFBXHFYHJKFCPUSXZZZQFTZYOPQVZEUHVQHCWATRAO
UOCLETJJYFIBWCGJXYQHYTERCFHKFCUXZZFOQZEUHHCATRAOWQVVPYZTQZSPJHYFXBEYXNXVOJTTFTNTNAOZKSQOLPMNDORQVTCU
UOCLETJJYFIBWCGJXYQHYTERCFHKFCUXZZFOQZEUHHCATRAOWQVVPYZTQZSPJHYFXBEYXNXVOJTTFTNTNAOZKSQOLPMNDORQVTCU
UCLETJFIBGJQHYTRFHCXZFZEUHHCAAOQVZSJHYFXXNOJTTZKQOLPOUCTVQRDNMSOANNTFTVXYEBPQTZYPVWRTQOZUFKCEYXCWYJO
UCLETJFIBGJQHYTRFHCXZFZEUHHCAAOQVZSJHYFXXNOJTTZKQOLPOUCTVQRDNMSOANNTFTVXYEBPQTZYPVWRTQOZUFKCEYXCWYJO
CLGJQHYTFHCXEHCAQVSJYFNJTOOUQDNATFTZYPWOZUFCEYYJOWCXKQTRVTQPBEYXVNNOSMRVTCPLQKZTOXXHZOAHUZFZRBIFJTEU
CLGJQHYTFHCXEHCAQVSJYFNJTOOUQDNATFTZYPWOZUFCEYYJOWCXKQTRVTQPBEYXVNNOSMRVTCPLQKZTOXXHZOAHUZFZRBIFJTEU
LGJTHVJTUQNATFYWUCEYYJOWCQTRVQBEYXVNOMVTCPLQTXXHZHUFZJEUTFIBRZAOOZKRSNPTKXFZOPZTDOONFYJSQACEXCHFYHQC
UFZJEUTFIBRZAOOZKRSNPTKXFZOPZTDOONFYJSQACEXCHFYHQCLGJTHVJTUQNATFYWUCEYYJOWCQTRVQBEYXVNOMVTCPLQTXXHZH
UFUBROZRNXFZOZDOONFYJSQEHFYHGTJTNATYWUJWVBXVNTCPTXHZHXQLVMOYEQRTQCOYYECFQUVHJLCQCXCATPKTPSKOAZIFTEJZ
UFUBROZRNXFZOZDOONFYJSQEHFYHGTJTNATYWUJWVBXVNTCPTXHZHXQLVMOYEQRTQCOYYECFQUVHJLCQCXCATPKTPSKOAZIFTEJZ
FUBZRNXZOZFSQHFYHGTJNATYWUHHYRTQCYFVJLQXCSOIZJETFZAKPTKPTACCHUQCEYOQEOMVLQXZXTPCTNVXBVWJTEJYNOODFORU
AKPTKPTACCHUQCEYOQEOMVLQXZXTPCTNVXBVWJTEJYNOODFORUFUBZRNXZOZFSQHFYHGTJNATYWUHHYRTQCYFVJLQXCSOIZJETFZ
APKACHUCYQOVXVWEJNOORUUBZRNZOZFQHFYHTTYHYRCYQEZFTJZIOSCXLJVFQTHUWANJGSXFFDOYTJVBXNTCPTZXQLMEOEQCTPTK
APKACHUCYQOVXVWEJNOORUUBZRNZOZFQHFYHTTYHYRCYQEZFTJZIOSCXLJVFQTHUWANJGSXFFDOYTJVBXNTCPTZXQLMEOEQCTPTK
APKCQVVWEJOUUZZFQHFHTYHYRYZFZIOSXLJWNFDOYBXNCPZXMECTKTPQOELQTTVJTFXSGJAUHTQFVCJTEQCTYONRZBRONXOYCUHA
APKCQVVWEJOUUZZFQHFHTYHYRYZFZIOSXLJWNFDOYBXNCPZXMECTKTPQOELQTTVJTFXSGJAUHTQFVCJTEQCTYONRZBRONXOYCUHA
KVVWOUZQFHHFWFDCXMCTKLTJFSGJTFCTETYNROOUHACYXNRBZOCQJVQHUAXTVTQEOQPTEZPNXBYONJLXSOIZZYRYYTHFZUJEQCPA
CQJVQHUAXTVTQEOQPTEZPNXBYONJLXSOIZZYRYYTHFZUJEQCPAKVVWOUZQFHHFWFDCXMCTKLTJFSGJTFCTETYNROOUHACYXNRBZO
CJQAXTQQPTZPXYNJSOZYRHZEQPKVWUZQHHWDCMCKTFSGFTTYROHAYNROZBXCUONECTJJLTXFFFOVACJUFTYYZIXLOBNEOETVUHVQ
CJQAXTQQPTZPXYNJSOZYRHZEQPKVWUZQHHWDCMCKTFSGFTTYROHAYNROZBXCUONECTJJLTXFFFOVACJUFTYYZIXLOBNEOETVUHVQ
CAXQTZYSRQKVUQHHWDKFGFTTROHANRZBXJCUFTYZBEEVQVHUTONOLXIYJAVOFFFXTLJTCENOUCOYYSTCMCZWPEZHYZOJNXPPQTQJ
CAXQTZYSRQKVUQHHWDKFGFTTROHANRZBXJCUFTYZBEEVQVHUTONOLXIYJAVOFFFXTLJTCENOUCOYYSTCMCZWPEZHYZOJNXPPQTQJ
TZSRQVUHHKFFTROHBXJUFZBVVHUTOOLXJAVOFTCEOUCYSCMCZEZZJNXPQTJQPOYHPWTYONTJLXFFYINQEEYTCZRNATGDWQKYQXAC
TZSRQVUHHKFFTROHBXJUFZBVVHUTOOLXJAVOFTCEOUCYSCMCZEZZJNXPQTJQPOYHPWTYONTJLXFFYINQEEYTCZRNATGDWQKYQXAC
RVUFRXFJVFESMEZXPJQPYTYOTLXYINEYTZRTGWKYXCAQQDANCEQFFJNWPHOTQNJZZCCYCUOCTOAXLOOTUHVVBZUJBHOTFKHHQSZT
QFFJNWPHOTQNJZZCCYCUOCTOAXLOOTUHVVBZUJBHOTFKHHQSZTRVUFRXFJVFESMEZXPJQPYTYOTLXYINEYTZRTGWKYXCAQQDANCE
QFNWPHOTNJZCCCTOAXOTVBUBTFHHTURFVESMXYTLEYTGWYCDNCEAQQAXKRZTNIYXTOYPQJPZEFJXFVRZSQKOHJZVHUOLCOUYZQJF
EAQQAXKRZTNIYXTOYPQJPZEFJXFVRZSQKOHJZVHUOLCOUYZQJFQFNWPHOTNJZCCCTOAXOTVBUBTFHHTURFVESMXYTLEYTGWYCDNC
QAKRIOYQJXZQOHJZVLUYJFFWHTNJCCOTUTHVESXTECCNDYWGTYLYMFRUTHFBBVXAOTCZOPNQQZOCOUHKSRVFJFEZPPTXYNTZXQAE
QAKRIOYQJXZQOHJZVLUYJFFWHTNJCCOTUTHVESXTECCNDYWGTYLYMFRUTHFBBVXAOTCZOPNQQZOCOUHKSRVFJFEZPPTXYNTZXQAE
ARQJXZQOHJZVLUJWTJCOTTVEXCDYWGLMRTHBVZPNQZOCUVFJFETXXQEAZTNYPPZRSKHOQOCTOAXBFUFYYTNCETSHUCNHFFYYOIKQ
ARQJXZQOHJZVLUJWTJCOTTVEXCDYWGLMRTHBVZPNQZOCUVFJFETXXQEAZTNYPPZRSKHOQOCTOAXBFUFYYTNCETSHUCNHFFYYOIKQ
ARQJXZQOHJZVLUJWTJCOTTVEXCDYWGLMRTHBVZPNQZOCUVFJFETXXQEAZTNYPPZRSKHOQOCTOAXBFUFYYTNCETSHUCNHFFYYOIKQ
