
FMVNRNOPUASPTUOZFTBPDUEBVUMIDZWTUPCZZBJDYOIISXRLFHUAZLQEIXBPFRZPYNKSWFVBIRZLHDSKNPAYUWPOROKBLSWEBMJ
UAZLQEIXBPFRZPYNKSWFVBIRZLHDSKNPAYUWPOROKBLSWEBMJHFMVNRNOPUASPTUOZFTBPDUEBVUMIDZWTUPCZZBJDYOIISXRLF
UZLQEXPFRZPSWBIRLHDNAYWSEBJHNRNPSPTUZFBPUUDZWUZBYISLFRXIODJZCPTIMVBEDTOAUOVMFMWLBKOROPUPKSZVFKNYBIA
UZLQEXPFRZPSWBIRLHDNAYWSEBJHNRNPSPTUZFBPUUDZWUZBYISLFRXIODJZCPTIMVBEDTOAUOVMFMWLBKOROPUPKSZVFKNYBIA
ZLQEXFZIRNAYBHRNPSPTZBPUDULFODJZPIMTAUOFMLROPPZBAIYNKFVSKUOKBWMVODEBVTCIXRSIYBZWZUFUNJESWDHLBWSPRPU
YNKFVSKUOKBWMVODEBVTCIXRSIYBZWZUFUNJESWDHLBWSPRPUIZLQEXFZIRNAYBHRNPSPTZBPUDULFODJZPIMTAUOFMLROPPZBA
YNFUKBWMVBTSIYZWZUFSDLWPPULQEXRYBRNPPBDLFDJMAUMLROPABZPFOTIPZOUUPZTSHANIZFZIRSBHWEJNUBRXICVEDOOKSVK
PABZPFOTIPZOUUPZTSHANIZFZIRSBHWEJNUBRXICVEDOOKSVKOYNFUKBWMVBTSIYZWZUFSDLWPPULQEXRYBRNPPBDLFDJMAUMLR
APOIPOUUTSNIZFZIRBENBXICDSOYFBWBTSIYWZUDPUQRYRNBFMARLMUJDLDPPBXELPWLSFZVMKUNKVKOOEVRUJWHSAHZPZTFZBP
ARLMUJDLDPPBXELPWLSFZVMKUNKVKOOEVRUJWHSAHZPZTFZBPMAPOIPOUUTSNIZFZIRBENBXICDSOYFBWBTSIYWZUDPUQRYRNBF
RLJDPPBXPWSKUKOVRUHSHPPAPUTSNIFRBECDOYBWBIYDURRBFNYQPUZWSTFSIXBNIZZUOPIOMBZFTZZAWJEOKVNMVZFLLEDLUMA
RLJDPPBXPWSKUKOVRUHSHPPAPUTSNIFRBECDOYBWBIYDURRBFNYQPUZWSTFSIXBNIZZUOPIOMBZFTZZAWJEOKVNMVZFLLEDLUMA
PXSUUHHPPSFBCOBWBDUBYQPUZWFXZUOPIOMTAWJEOKNVZLMAULDELFMVZZFZBZINBISTSNFRRYIYDERINTUAPSRVOKKWPBPDJLR
DELFMVZZFZBZINBISTSNFRRYIYDERINTUAPSRVOKKWPBPDJLRLPXSUUHHPPSFBCOBWBDUBYQPUZWFXZUOPIOMTAWJEOKNVZLMAU
DFZZZIBNRIYDRINTUSKKWBJRLPXUHHPOBBBYQWFUOPMWJEKVMAULZNOATOIZXZUPUDWCBFSPUSLDPPOVRPAEYRFSTSINBFZVMLE
DFZZZIBNRIYDRINTUSKKWBJRLPXUHHPOBBBYQWFUOPMWJEKVMAULZNOATOIZXZUPUDWCBFSPUSLDPPOVRPAEYRFSTSINBFZVMLE
DZIDRNTKKBRPXHHPBQFOPMEMUZIZZUDWCFSPUSDOEFTSNBZVMELFISRYAPRVPPLBPUXOTAONLAVKJWUWYBBOULJWSUIYIRNBZZF
LFISRYAPRVPPLBPUXOTAONLAVKJWUWYBBOULJWSUIYIRNBZZFEDZIDRNTKKBRPXHHPBQFOPMEMUZIZZUDWCFSPUSDOEFTSNBZVM
LRRPPLBUOTONLVKWUWYBOULIYRBZZDZRKXHHOPMZZDCFSDFTSZMVBNEOUPSWUIZUMEFQBPPRBKTNDIEFNIUSWJBJAAXPVPAYSIF
LRRPPLBUOTONLVKWUWYBOULIYRBZZDZRKXHHOPMZZDCFSDFTSZMVBNEOUPSWUIZUMEFQBPPRBKTNDIEFNIUSWJBJAAXPVPAYSIF
RPBNUWOIYZKHHOPDSDZMNWUPBTDENISWJXPAYFISVPAAJBUFINKRPBQFEMUZISPUOEBVSTFFCZZMXRZDZBRLUBYWKVLOTOULPRL
RPBNUWOIYZKHHOPDSDZMNWUPBTDENISWJXPAYFISVPAAJBUFINKRPBQFEMUZISPUOEBVSTFFCZZMXRZDZBRLUBYWKVLOTOULPRL
BUWOIHHOZMNWUPBTNSWJXAFISVKRBFZISOVSTFFZXRDBYWVLTOLRPLUOKBULRZZMZCBEUPUMEQPNIFUBJAAPYPIEDDSDPKZYNPR
LRPLUOKBULRZZMZCBEUPUMEQPNIFUBJAAPYPIEDDSDPKZYNPROBUWOIHHOZMNWUPBTNSWJXAFISVKRBFZISOVSTFFZXRDBYWVLT
PLUOKBUZZMCUPUAPYPESKUWOOZMNWUBJXAVFOFFZRDBYLTVWXTSVSIZBRKSIFWSNTPHHIBORPNYZPDDDIAJBFINQEMPUEBZRLRL
PLUOKBUZZMCUPUAPYPESKUWOOZMNWUBJXAVFOFFZRDBYLTVWXTSVSIZBRKSIFWSNTPHHIBORPNYZPDDDIAJBFINQEMPUEBZRLRL
PUKUZZUPUPPSKUWZMNVFOFLTSIZRKWSNTIBONYZDDIJBFINEMEBRRLLZUPQADPPRHHPFISBSVTXWVYBDRZFAXJBUWOOEYACMBOL
BRRLLZUPQADPPRHHPFISBSVTXWVYBDRZFAXJBUWOOEYACMBOLEPUKUZZUPUPPSKUWZMNVFOFLTSIZRKWSNTIBONYZDDIJBFINEM
BRRLZPPRHHIVWBDRAUOOECOLEUUUKWZVFOFLTSZKSNBONYZDDIJBMENIFITWRINMUSPPPZZUKPBMAYWBJXFZYVXTSBSFPPDAQUL
JBMENIFITWRINMUSPPPZZUKPBMAYWBJXFZYVXTSBSFPPDAQULIBRRLZPPRHHIVWBDRAUOOECOLEUUUKWZVFOFLTSZKSNBONYZDD
JBNFTWRNUPZUKPWJZYVTSBPPDAQUZPPRHIWBDAUOEOUUWZTSNNYZDDOBKZSLFOFVKUELCORVHLRRBILFSXFXBYAMBZPPSMIIIEM
JBNFTWRNUPZUKPWJZYVTSBPPDAQUZPPRHIWBDAUOEOUUWZTSNNYZDDOBKZSLFOFVKUELCORVHLRRBILFSXFXBYAMBZPPSMIIIEM
JRUZUPWZBPDAQZPRHBAUEOUSNDOBZFOKULVHLRFBAMBPPSMIIEMIZYXXSFLIBRROCEVFLSKDZYNTZWUODWIPUPSTVYJKPNWTFNB
JRUZUPWZBPDAQZPRHBAUEOUSNDOBZFOKULVHLRFBAMBPPSMIIEMIZYXXSFLIBRROCEVFLSKDZYNTZWUODWIPUPSTVYJKPNWTFNB
RZUPZPDAQPBAUUSDOFLVHLRBMBPIMIFICEFDZNTZWUUYKWFNBTNPJVTSPPIWDOYKSLVORRBLSXXYZEIMSPAFUKOZBNOEHRZBWUJ
NPJVTSPPIWDOYKSLVORRBLSXXYZEIMSPAFUKOZBNOEHRZBWUJTRZUPZPDAQPBAUUSDOFLVHLRBMBPIMIFICEFDZNTZWUUYKWFNB
NPJVTPPIDYKSLVORRBSYZEPAFUZOHRWUJTRUPZDAQBAOFBMBIFIDNTZWYWNBFKUUZFECMIPRLHVLDSUUPPZBZENBOKSMIXXLOWS
IDNTZWYWNBFKUUZFECMIPRLHVLDSUUPPZBZENBOKSMIXXLOWSFNPJVTPPIDYKSLVORRBSYZEPAFUZOHRWUJTRUPZDAQBAOFBMBI
DNBFKUCMLDSPZZBOKSMXXFNPPPIKSLORBEPFUZRUTRUPZDAOMIBBFBQAJWHOAZYSRVYDTVJSWOLINEBPUUVHLRPIEFZUWYWZTNI
BBFBQAJWHOAZYSRVYDTVJSWOLINEBPUUVHLRPIEFZUWYWZTNIIDNBFKUCMLDSPZZBOKSMXXFNPPPIKSLORBEPFUZRUTRUPZDAOM
BBQWHOAZYSRDVWOLNPUURFUWZTIDKUCMDSPZBKMXFNPPSOBPFUZRPZAMODUTURERLKIPXSOZLFBNINYWZEIPLHVBEISJTYVJABF
ZRPZAMODUTURERLKIPXSOZLFBNINYWZEIPLHVBEISJTYVJABFUBBQWHOAZYSRDVWOLNPUURFUWZTIDKUCMDSPZBKMXFNPPSOBPF
RPZAMTUREKIPZFINWZEIHBIJTYVFUBQWHAYSVWOLUFUWIDUCMDSPBMFPPSOBPFNXKZKTZRUPNDRZOBBAJSEVLPYNBLOSXLRUDOZ
RPZAMTUREKIPZFINWZEIHBIJTYVFUBQWHAYSVWOLUFUWIDUCMDSPBMFPPSOBPFNXKZKTZRUPNDRZOBBAJSEVLPYNBLOSXLRUDOZ
TUKIFINWZIHJTYVFBWHAYSVWOFIUCMSBFPPBPNKZKZPOASEVPYNBLSXLROZDUOLJBBZRDNURTXFOSMPDDWUULQUIBEZPERMAZPR
TUKIFINWZIHJTYVFBWHAYSVWOFIUCMSBFPPBPNKZKZPOASEVPYNBLSXLROZDUOLJBBZRDNURTXFOSMPDDWUULQUIBEZPERMAZPR
TIIJVFBHYVWUCBPPZKZOASYNBLSLROZDBBDXODWULQIPZRPAMREZEBUUDPMSFTRUNRZJLOUXPVEPKNBPFSMIFOSAWYTHZWNFIKU
TIIJVFBHYVWUCBPPZKZOASYNBLSLROZDBBDXODWULQIPZRPAMREZEBUUDPMSFTRUNRZJLOUXPVEPKNBPFSMIFOSAWYTHZWNFIKU
TIIHVWUCPZZYBLZDBBDOURPMEZEUDPMSFRUNRJXPPKNBPISYTHWNIUKFZWAOFMSFEVUOLZTUBRAZPIQLWDXORSLNSAOKPBYBFVJ
TIIHVWUCPZZYBLZDBBDOURPMEZEUDPMSFRUNRJXPPKNBPISYTHWNIUKFZWAOFMSFEVUOLZTUBRAZPIQLWDXORSLNSAOKPBYBFVJ
TIHUCPZYLZBDPEEUSRURPPKNBSYWUKZAOFMVBAZPWDXORAOBBVJFYPKSNLSLQIRUTZLOUEFSWFINHTIPXJNFMPDZMRUOBDBZWVI
TIHUCPZYLZBDPEEUSRURPPKNBSYWUKZAOFMVBAZPWDXORAOBBVJFYPKSNLSLQIRUTZLOUEFSWFINHTIPXJNFMPDZMRUOBDBZWVI
HYZBSPNBWUAMAZPWDBVFSNLSLQUTZLESFIHPXDMROVIWZBDBUZPMFNJITNWFUORIKPYJBOAROXBVFOZKYSKPRURUEEPDLZPCUIT
PMFNJITNWFUORIKPYJBOAROXBVFOZKYSKPRURUEEPDLZPCUITZHYZBSPNBWUAMAZPWDBVFSNLSLQUTZLESFIHPXDMROVIWZBDBU
PNWFURYJBOARVOKYSKPRREEPDZCUIZHBSPNBWUAMZPWDVFSQULSFHXROVBDBUZWIMDPIEZTLSLNBAZYTPLUUZFBXOPKIOTIJNFM
PNWFURYJBOARVOKYSKPRREEPDZCUIZHBSPNBWUAMZPWDVFSQULSFHXROVBDBUZWIMDPIEZTLSLNBAZYTPLUUZFBXOPKIOTIJNFM
NRJORVKKPREPZCUHSPNUMPWDVSUHDUZIDIELNAZYTLUZFXOIOTJNMFIKPBUPBSLTZPMWBBVORXFSLQFZAWBBZIDERSYOABYUFWP
NRJORVKKPREPZCUHSPNUMPWDVSUHDUZIDIELNAZYTLUZFXOIOTJNMFIKPBUPBSLTZPMWBBVORXFSLQFZAWBBZIDERSYOABYUFWP
OVKPRPZUPUMPWSHDZDELZTLXOINFIPBUBLTZPWBVOLZBZSYOBYPWFUAREDIBWAFQSFXRBMSPKMJTOFZUYANIIUUVDNSHCEKRJRN
PWFUAREDIBWAFQSFXRBMSPKMJTOFZUYANIIUUVDNSHCEKRJRNYOVKPRPZUPUMPWSHDZDELZTLXOINFIPBUBLTZPWBVOLZBZSYOB
PWFADAFQFRMSKMFYNIIUVDNSCRJNOVPPUPUDEZNIPBZPWVBZYOBSZLOBTLBUFIOXLTLZDHSWPMZRKYRKEHUAUZOTJPBXSWBIERU
BSZLOBTLBUFIOXLTLZDHSWPMZRKYRKEHUAUZOTJPBXSWBIERUOPWFADAFQFRMSKMFYNIIUVDNSCRJNOVPPUPUDEZNIPBZPWVBZY
BLBTLBUFXHZKREHUAUOPBIOPFARMSFNDNSCRJNOVPUPEBPWBYZVZPINZDUPVUIIYMKFQFADWUREWSXBJTZKYRMPWSDZLTLOIOZS
BLBTLBUFXHZKREHUAUOPBIOPFARMSFNDNSCRJNOVPUPEBPWBYZVZPINZDUPVUIIYMKFQFADWUREWSXBJTZKYRMPWSDZLTLOIOZS
BLTLBFXREHAPPAMSNDSJNOVPBPYZPZUPVUIFQDREXBZKYPZLTLOOSZIDSWMRTJSWUWAFKMYIDNIZVBWEUPRCNFRFOIBOUUKZHUB
BLTLBFXREHAPPAMSNDSJNOVPBPYZPZUPVUIFQDREXBZKYPZLTLOOSZIDSWMRTJSWUWAFKMYIDNIZVBWEUPRCNFRFOIBOUUKZHUB
LFREHPPASNOBPYPIFQEXZKYZLLOIWRSWUFIDIZURCNFRFOIBOUUZHUBKPEWBVNYMKAWJTMSDZSOTPBRDUVUZPZPVJSDNMAXBLTB
UZHUBKPEWBVNYMKAWJTMSDZSOTPBRDUVUZPZPVJSDNMAXBLTBULFREHPPASNOBPYPIFQEXZKYZLLOIWRSWUFIDIZURCNFRFOIBO
UZUBPEWNYAMSOTRDUUSDMABFREPPSOBQYIWSWUFIROOBIFFNCRUZDIROLLZKZXEFIPYPNAHLUTLBXNJVPZPZVBPSZDTJWKMVBKH
UZDIROLLZKZXEFIPYPNAHLUTLBXNJVPZPZVBPSZDTJWKMVBKHRUZUBPEWNYAMSOTRDUUSDMABFREPPSOBQYIWSWUFIROOBIFFNC
DOLZKXEFIPYNLUTLNPVBPZWBKRZPAMSORDUSDMAREQYSUIROOINCFFBFWWIBOSPPFBUTYNWEBUUHVMKJTDSZZPVJXBHAPZLRIZU
NCFFBFWWIBOSPPFBUTYNWEBUUHVMKJTDSZZPVJXBHAPZLRIZUIDOLZKXEFIPYNLUTLNPVBPZWBKRZPAMSORDUSDMAREQYSUIROO
BFWIOSPFTEUHMKJSZZVXAPLRIZIOLZKEIYNUTVBPWBKRZPASDUDMAEQYSIOORURSROMZPNLLPFXDUZHBJPDTVUBWNYUBPBWFFCN
BFWIOSPFTEUHMKJSZZVXAPLRIZIOLZKEIYNUTVBPWBKRZPASDUDMAEQYSIOORURSROMZPNLLPFXDUZHBJPDTVUBWNYUBPBWFFCN
BISFMKJZXAIOLZYTPBKRPDDAYSIUOZLPFXDUZBPUBNYBWFCNFPBUWVTDJHLNPMRSRROOQEMUSAZWBVUNIEKZIRLPVZSHUETPOWF
BISFMKJZXAIOLZYTPBKRPDDAYSIUOZLPFXDUZBPUBNYBWFCNFPBUWVTDJHLNPMRSRROOQEMUSAZWBVUNIEKZIRLPVZSHUETPOWF
IFZXLZTKRPDYUOUBNPBWTJLRSROOEMUWBVUNIEZRLPVZSUETOWFPHIKZASQRMPNHDVUFCFWBYNBUPZDXFPLZISADBPYOIAJKMSB
FPHIKZASQRMPNHDVUFCFWBYNBUPZDXFPLZISADBPYOIAJKMSBWIFZXLZTKRPDYUOUBNPBWTJLRSROOEMUWBVUNIEZRLPVZSUETO
FHKZAMPNHDVFYNBUPZDXFLBPYOIJKSWZLZTRYUUBSMVUNEZRVSUETOZPLIBWUEOORRLJTWPNBODPKXFIBMADASIZPBWCFURQSIP
FHKZAMPNHDVFYNBUPZDXFLBPYOIJKSWZLZTRYUUBSMVUNEZRVSUETOZPLIBWUEOORRLJTWPNBODPKXFIBMADASIZPBWCFURQSIP
HKMPHDVYNUZDXIJSZZRUBMUNERETOZPBORWNPKXFBMASIPBCSIPQRUFWZDAIDOBPTJLROEUWILUSVZVSUYTLWKOYPBLFPBFNAZF
HKMPHDVYNUZDXIJSZZRUBMUNERETOZPBORWNPKXFBMASIPBCSIPQRUFWZDAIDOBPTJLROEUWILUSVZVSUYTLWKOYPBLFPBFNAZF
HKMHDYNUZIJSZUBUETPBORPXBACSPQWAOPTJROEUILSZUYWOPBNFZAFPFLBYKLTSVVUWLBDIDZFURIBPISMFKNWZORENMRZXDVP
NFZAFPFLBYKLTSVVUWLBDIDZFURIBPISMFKNWZORENMRZXDVPBHKMHDYNUZIJSZUBUETPBORPXBACSPQWAOPTJROEUILSZUYWOP
NFLBKLSVULDURBPISWZRENXDVBHZIETRCPWOPJOEIPOWYUZSLURTAQSABXPOBPUBUZSJUNYDMKHPZRMONKFMIFZIDBWVTYFPAZF
RTAQSABXPOBPUBUZSJUNYDMKHPZRMONKFMIFZIDBWVTYFPAZFUNFLBKLSVULDURBPISWZRENXDVBHZIETRCPWOPJOEIPOWYUZSL
TAQSUZSJYMKHRMNFIFZDBWTYANFVUUPSWZENXDHERJOEIWYSLZUOPPOWPCTIZBVRIBRDLSLKBLUFZPFVIMKOZPDNUBUPBOPXBAR
TAQSUZSJYMKHRMNFIFZDBWTYANFVUUPSWZENXDHERJOEIWYSLZUOPPOWPCTIZBVRIBRDLSLKBLUFZPFVIMKOZPDNUBUPBOPXBAR
TASJYFFWTYNFVUUZNXDEJEUPPOWCTIVRSLPVIKOZPDNUBBRABXPOPUMFZFUBKLLDRBIBZPOZLSYWIORHEWSPABDZINMRHKMSZUQ
TASJYFFWTYNFVUUZNXDEJEUPPOWCTIVRSLPVIKOZPDNUBBRABXPOPUMFZFUBKLLDRBIBZPOZLSYWIORHEWSPABDZINMRHKMSZUQ
AFYNFUZNEEPOCIVRLPVIOZNURAPOPFZFULLBBZPZLSYRSADIRHKQUZSMMNZBPWEHOIWOIRDKBMUXBBBDPKSTWPUJDXUVTWFYJST
KQUZSMMNZBPWEHOIWOIRDKBMUXBBBDPKSTWPUJDXUVTWFYJSTHAFYNFUZNEEPOCIVRLPVIOZNURAPOPFZFULLBBZPZLSYRSADIR
MZBPWHIWIDKBMUXBPSTUJDUVSTYUZEEOIRPIOZNURAFZULBPZRADRISYSLZBLFPOPVLVCPNFNFAHJYFWTXPWKDBBROOENMSZUQK
MZBPWHIWIDKBMUXBPSTUJDUVSTYUZEEOIRPIOZNURAFZULBPZRADRISYSLZBLFPOPVLVCPNFNFAHJYFWTXPWKDBBROOENMSZUQK
MZBPHIBMBUDVUOIRPIOZNFZLBPZRDIYFOPCPFFJFWPBROMZUKQSNEOBDKWXTYHANNVLVPLBZLSSRAUARUEEZYTSUJTSPXUKDIWW
SNEOBDKWXTYHANNVLVPLBZLSSRAUARUEEZYTSUJTSPXUKDIWWQMZBPHIBMBUDVUOIRPIOZNFZLBPZRDIYFOPCPFFJFWPBROMZUK
SNEBKWXTYHAVBZSAUARUEEZYSUTSPKDWWQBHIBBUDVUOPIZNFZPDIYFWBROUKZMPFJFPCPOFRZBLORIMPZMIUXJTRSLLPLVNNDO
SNEBKWXTYHAVBZSAUARUEEZYSUTSPKDWWQBHIBBUDVUOPIZNFZPDIYFWBROUKZMPFJFPCPOFRZBLORIMPZMIUXJTRSLLPLVNNDO
NBKWXTVZAUARUEZSUSPDWHIUDVUOPIZNFZPDFBRKMPFPOFBLRIMMIUJTRSLLPVODNNLXZPOZRCPFJZUOWYIBBBQWKTYESBAHYES
MMIUJTRSLLPVODNNLXZPOZRCPFJZUOWYIBBBQWKTYESBAHYESINBKWXTVZAUARUEZSUSPDWHIUDVUOPIZNFZPDFBRKMPFPOFBLR
MIJRLPONNZOZFJWBWKTYESBHYWXVZAUUSDUDUIZFFRMPFPFLRBOKBDPZNPOVIHWPSUZERATKBNISEAQBBIYOUZPCRPXLDVLSTUM
OKBDPZNPOVIHWPSUZERATKBNISEAQBBIYOUZPCRPXLDVLSTUMBMIJRLPONNZOZFJWBWKTYESBHYWXVZAUUSDUDUIZFFRMPFPFLR
OKBDZPUEABNISEQBBYOPRLDVTBMJLONZOFWBTYSBYUSDUDUZPRLFPFMRFFIUAZVXWHEKWJZNPRIMUSLXPCZUIAKTRZSPWHIVONP
LFPFMRFFIUAZVXWHEKWJZNPRIMUSLXPCZUIAKTRZSPWHIVONPROKBDZPUEABNISEQBBYOPRLDVTBMJLONZOFWBTYSBYUSDUDUZP
PFRFIZXWHEKWZRIZUIKTRSIVONROKDUABIQBBYOTBMJLOOFWTSUSDUPZUDYBYBZNVDLRPESNEPZBPHWPZACPXLSUMPNJVAUFMFL
USDUPZUDYBYBZNVDLRPESNEPZBPHWPZACPXLSUMPNJVAUFMFLSPFRFIZXWHEKWZRIZUIKTRSIVONROKDUABIQBBYOTBMJLOOFWT
USUYBZDENEPPWPZAPSUAFMFLPFIZXWIUITSIVRKUABIQOMWTFOOLJBTYBBDONORKZRZKEHWRFSUVJNPMLXCHBZSPRLVNBYDZPUD
OLJBTYBBDONORKZRZKEHWRFSUVJNPMLXCHBZSPRLVNBYDZPUDOUSUYBZDENEPPWPZAPSUAFMFLPFIZXWIUITSIVRKUABIQOMWTF
LTYBBDNORKZZEHFSUVJMLHPLNZOUSUBZDEEPZUFMIZXWUITSVRBIOFTWMQAUKIIFPLFASPAPWPNYDUPDYBVRSZBCXPNRWKROBJO
BIOFTWMQAUKIIFPLFASPAPWPNYDUPDYBVRSZBCXPNRWKROBJORLTYBBDNORKZZEHFSUVJMLHPLNZOUSUBZDEEPZUFMIZXWUITSV
BITMQUIIPLAPAPPYDUPVSZPNRRBOTOREFSJMHPNOUSDEPZUFMIZXWTSVIUEZBUZLLVUHZZKNDBBYLRJOKWXCBRBYDNWSFFKAWFO
BITMQUIIPLAPAPPYDUPVSZPNRRBOTOREFSJMHPNOUSDEPZUFMIZXWTSVIUEZBUZLLVUHZZKNDBBYLRJOKWXCBRBYDNWSFFKAWFO
TMQUIPLAPYVSZNRROOEFSJHSPUTSVIULVUHZZKNDLOWXBRYNFOFWAKFSWDBCKJRYBBLZUBZEWXZIMFZEDUONPMRTBPPUDPPAIIB
FWAKFSWDBCKJRYBBLZUBZEWXZIMFZEDUONPMRTBPPUDPPAIIBOTMQUIPLAPYVSZNRROOEFSJHSPUTSVIULVUHZZKNDLOWXBRYNF
FWDBKYLZZMNPPPIBTMUIPPVSOOESJSPUSVUHZORYNFBXWLDNKZVLUITHFRRNZYALQOIAPDUPBTRMOUDEZFIZXWEBUBBRJCSKAWF
VLUITHFRRNZYALQOIAPDUPBTRMOUDEZFIZXWEBUBBRJCSKAWFZFWDBKYLZZMNPPPIBTMUIPPVSOOESJSPUSVUHZORYNFBXWLDNK
VIHRRNZYLQOPDMUEZFXWECSKAFZFWBYZMPMIPVSOEJSPSVUWLDKNXBFNYROZHUSOPUTBIPPNZLKDWJRBBUBZIDORTBPUAIAFTUL
KNXBFNYROZHUSOPUTBIPPNZLKDWJRBBUBZIDORTBPUAIAFTULDVIHRRNZYLQOPDMUEZFXWECSKAFZFWBYZMPMIPVSOEJSPSVUWL
NFNRPIPNLWJRBBUBZOBIFHRRLPDMUFXWSZWZPVSOJSLWUVSPEPIMMYBFFAKCEZEOQYZNIVDLUTAAUPTRDIDKZPBTUOSUHZOYBXK
IMMYBFFAKCEZEOQYZNIVDLUTAAUPTRDIDKZPBTUOSUHZOYBXKPNFNRPIPNLWJRBBUBZOBIFHRRLPDMUFXWSZWZPVSOJSLWUVSPE
MBFAEZEOYZIVLAAURDPBTUHZOYKPNRJRBBBOBIFRRPDUFWZVSOWVEPSULSJPWZSXMLHZUWLNPIPNFXBUSOZKDITPTUDNQCKFYMI
WVEPSULSJPWZSXMLHZUWLNPIPNFXBUSOZKDITPTUDNQCKFYMIOMBFAEZEOYZIVLAAURDPBTUHZOYKPNRJRBBBOBIFRRPDUFWZVS
WVPULJWMLHULPNXBUZTDNKFMMBEZEYZVLDPTUHZOYKPJRBOIFRRPUZVSWFDBBBRNBRUAAIOAFOIYCQUTPIDKOSFIPNWZXSZPSSE
WVPULJWMLHULPNXBUZTDNKFMMBEZEYZVLDPTUHZOYKPJRBOIFRRPUZVSWFDBBBRNBRUAAIOAFOIYCQUTPIDKOSFIPNWZXSZPSSE
WVPJUXBUTDNMEZZVDUZPRIRVSDBBRNBRUOAFYCQUDKIPNWSESSPZXZFSOIPTIOIAABFWZUPRFOBJKYOHTPLYEBMFKZNPLHLMWLU
WVPJUXBUTDNMEZZVDUZPRIRVSDBBRNBRUOAFYCQUDKIPNWSESSPZXZFSOIPTIOIAABFWZUPRFOBJKYOHTPLYEBMFKZNPLHLMWLU
WVPUXBUMVDPRIRSDBRNOACQUPNESPXSOAZUPRFBYPYEKZNPHMWULLLFMBLTHOKJOWFBAIOITPIFZZSSWIKDYFURBBVZUZZENDTJ
WVPUXBUMVDPRIRSDBRNOACQUPNESPXSOAZUPRFBYPYEKZNPHMWULLLFMBLTHOKJOWFBAIOITPIFZZSSWIKDYFURBBVZUZZENDTJ
WVPXMISBRUPNPSOPRFBYKNPHMWUMBOWATPIFZZKDBVZENDJTZUZBRUFYIWSSIOIBFOJKHTLFLLLZEYPUZAXSEQCAONDRRPDVUBU
ZBRUFYIWSSIOIBFOJKHTLFLLLZEYPUZAXSEQCAONDRRPDVUBUUWVPXMISBRUPNPSOPRFBYKNPHMWUMBOWATPIFZZKDBVZENDJTZ
BFIIOILFLLLEYUAXSDBVPXMISPSPRYKPHWUMBOWIFKDVNDTZJEZBZZPTAMNBFOPNURBWUUUVDPRRNOACQEZPZTHKJOFBSSWYURZ
ZBZZPTAMNBFOPNURBWUUUVDPRRNOACQEZPZTHKJOFBSSWYURZEBFIIOILFLLLEYUAXSDBVPXMISPSPRYKPHWUMBOWIFKDVNDTZJ
BPAMNBFBWUUVDRNPZHKFYURZEFIOIEADBMPSPRKPHWUIFKDDTJZNVWOBMYSIXPVSXUYLLLFLIBWSSBOJTZEQCAORPURUNPOTZZZ
BPAMNBFBWUUVDRNPZHKFYURZEFIOIEADBMPSPRKPHWUIFKDDTJZNVWOBMYSIXPVSXUYLLLFLIBWSSBOJTZEQCAORPURUNPOTZZZ
BPANBUDRZUFIOEAPPKHWUFTJZVBMYIVYLLIBWSECRRUNPOTZZZUPOAQZTJOBSFLLUXSPXSOWNDDKIPRSMBDIEZRYFKHPNVUWBFM
UPOAQZTJOBSFLLUXSPXSOWNDDKIPRSMBDIEZRYFKHPNVUWBFMZBPANBUDRZUFIOEAPPKHWUFTJZVBMYIVYLLIBWSECRRUNPOTZZ
PATOLUSSOWNDDKPRMBDIEYFKUWFMZPUZUFIOAKHUFTZVBVLLBWSRNPOTZZURCEIYIYMJWPPERDBNABBVNPHRZSIXPXLFSBJZQOU
SRNPOTZZURCEIYIYMJWPPERDBNABBVNPHRZSIXPXLFSBJZQOUWPATOLUSSOWNDDKPRMBDIEYFKUWFMZPUZUFIOAKHUFTZVBVLLB
RNPOTRIYPPEBABVNPHZXLFQOPALUSONDKRDIYFFMZPUUIOHUFBBLLVVZTKAFZWUKEBMPDWSOTWUZJBSXPISRBNDRWJMYIECUZZS
RNPOTRIYPPEBABVNPHZXLFQOPALUSONDKRDIYFFMZPUUIOHUFBBLLVVZTKAFZWUKEBMPDWSOTWUZJBSXPISRBNDRWJMYIECUZZS
NORIYPPBNPXLQOAUNDKZPOHULLTFKMPWSOWZBSPISRRJESZZUCIYMWDNBXJUTDBEUWZAKZVVBBFIUUMFFYIDROSLPFZHVABETPR
NORIYPPBNPXLQOAUNDKZPOHULLTFKMPWSOWZBSPISRRJESZZUCIYMWDNBXJUTDBEUWZAKZVVBBFIUUMFFYIDROSLPFZHVABETPR
ORIBNPXLODKZLFKPWOWBISRRZIYWNBXJTDEWKZVBFIUMFROLABPRTEVHZFPSDIYFUBVAZUBUDMCUZSEJPSZSMTLUHOPNUAQPPYN
PRTEVHZFPSDIYFUBVAZUBUDMCUZSEJPSZSMTLUHOPNUAQPPYNBORIBNPXLODKZLFKPWOWBISRRZIYWNBXJTDEWKZVBFIUMFROLA
TEHFDIUBAUBCUEJPZSTLUHOPNAPYNRBNXLODKFKPWOWBRZIWNBJDEWKZVIUMFRALOFBTXYRSILZPIOBPQUMSSZMDUZVFYSPZVRP
TEHFDIUBAUBCUEJPZSTLUHOPNAPYNRBNXLODKFKPWOWBRZIWNBJDEWKZVIUMFRALOFBTXYRSILZPIOBPQUMSSZMDUZVFYSPZVRP
THDUBAUBCUSTUHONAPYNRBXLODOBIWBWZVUMAOFBTXYPMSMDVSPZPRVYFZUZSUQPBOIZLISRLRFIKEDJNZRWWPKFKNPLZPJEIFE
PZPRVYFZUZSUQPBOIZLISRLRFIKEDJNZRWWPKFKNPLZPJEIFESTHDUBAUBCUSTUHONAPYNRBXLODOBIWBWZVUMAOFBTXYPMSMDV
RSUPBZSRLFIKEDJZRWPKFPFEDUBCTHNAPNRBLODOWZUMAFBYMVDMSPXTOVWBIBXYOUSUUABHTSIEJZLPNKWNRILIOQZUZFYVPZP
DMSPXTOVWBIBXYOUSUUABHTSIEJZLPNKWNRILIOQZUZFYVPZPVRSUPBZSRLFIKEDJZRWPKFPFEDUBCTHNAPNRBLODOWZUMAFBYM
DTVWBOSUUAHTSIJZLKNIFZVUPBRLFIKZRPKFPFEUCNPRLOWMABMYFUZDOBNAHTBDWJDESZSRPPVYZUZQOILRWNPEBUYXBIOXPSM
MYFUZDOBNAHTBDWJDESZSRPPVYZUZQOILRWNPEBUYXBIOXPSMBDTVWBOSUUAHTSIJZLKNIFZVUPBRLFIKZRPKFPFEUCNPRLOWMA
ZDOAHBJDESPVZUOIWNPXBIPMDTVWOSHIJZNUPFECPRLAMWONUPFKRZKIFLRBPVZFIKLSTAUUBBSXOYUBERLQZYPRZSWDTNBUFYM
ZDOAHBJDESPVZUOIWNPXBIPMDTVWOSHIJZNUPFECPRLAMWONUPFKRZKIFLRBPVZFIKLSTAUUBBSXOYUBERLQZYPRZSWDTNBUFYM
DOABSPZUOWBIMDHIJNUPPWUFRKFRBPVZFKSBXUBRQZRSTBUMYFNDWZPYLEYOSBUUATLILIZKPNOMALRCEFZSOWVTPXPNIVEDJHZ
DOABSPZUOWBIMDHIJNUPPWUFRKFRBPVZFKSBXUBRQZRSTBUMYFNDWZPYLEYOSBUUATLILIZKPNOMALRCEFZSOWVTPXPNIVEDJHZ
OSPZUWBIMDHIUPUPVFKRSBYFNWZPOSUATLLZPOMZOVPXPNJHZDEVITWSFECRLANKIIUBYELYDMUTZQRBUXBSZBRFKRFWPNJOBAD
EVITWSFECRLANKIIUBYELYDMUTZQRBUXBSZBRFKRFWPNJOBADDOSPZUWBIMDHIUPUPVFKRSBYFNWZPOSUATLLZPOMZOVPXPNJHZ
ETSFERAIIUYEMUQRXSWPNAOUWIUSFNOSULPMZOVNHZJPXPOZLTAPZWYBRKFVPUPIHDMBZPSDDBOJFRKFRBZBUBZTDYLBKNLCWIV
ETSFERAIIUYEMUQRXSWPNAOUWIUSFNOSULPMZOVNHZJPXPOZLTAPZWYBRKFVPUPIHDMBZPSDDBOJFRKFRBZBUBZTDYLBKNLCWIV
TFAIIYURXSWNOUWSFSMZOVNHJPPTAZWYRKFPIMZPDBKRZBUBBCVIWLNKLYDTZBFRFJODSBDHPUVBPLZOXZPLUONUIAPQMEURESE
VIWLNKLYDTZBFRFJODSBDHPUVBPLZOXZPLUONUIAPQMEURESECTFAIIYURXSWNOUWSFSMZOVNHJPPTAZWYRKFPIMZPDBKRZBUBB
VLLYTZFODSBPVPOXPUPMURECTFIYRWNWFMZVPPAKFPIZPZBBUBRKBDMRYWZTJHNOSSUOSXUIAESEQAINOULZZLBUHDJFRBDKNWI
RKBDMRYWZTJHNOSSUOSXUIAESEQAINOULZZLBUHDJFRBDKNWIBVLLYTZFODSBPVPOXPUPMURECTFIYRWNWFMZVPPAKFPIZPZBBU
MRYWZTJNOXUAOZLHFRKVLTODSBVPOXPPMECIYRWNWFVPAKFZBUBZPIPPZMFTRUUPFZYLBIWNDBJDUBZLUNIQESEAISOUSSHDBKR
MRYWZTJNOXUAOZLHFRKVLTODSBVPOXPPMECIYRWNWFVPAKFZBUBZPIPPZMFTRUUPFZYLBIWNDBJDUBZLUNIQESEAISOUSSHDBKR
YZTJAOLFRKVTDSBOPPMINFPFBUBPRUUFYIDULNIESEAIUHKRBDSSOSQUZBDJBNWBLZPTFMZPPIZZKAVWWRYCEXPVOLHZUXONWRM
YZTJAOLFRKVTDSBOPPMINFPFBUBPRUUFYIDULNIESEAIUHKRBDSSOSQUZBDJBNWBLZPTFMZPPIZZKAVWWRYCEXPVOLHZUXONWRM
YAKVTSBONPFBPUUFYLNIEEAIUHRDOQZDJBLPFZPIAWCLOMRWNXUZHOVPXEYRWVKZZPMTZWNBBUSSSBKSUDIRBUFIMPPDRFLOJTZ
YAKVTSBONPFBPUUFYLNIEEAIUHRDOQZDJBLPFZPIAWCLOMRWNXUZHOVPXEYRWVKZZPMTZWNBBUSSSBKSUDIRBUFIMPPDRFLOJTZ
AKVSBNPBPUFYIEEAIURDBLZPLORXXEMZBBUSSSBKUIRBIPFZTJOLRDPMFUDSNWTPZZKVWRYPVOHZUNWMCWAIFPJZQODHNLUFOTY
AKVSBNPBPUFYIEEAIURDBLZPLORXXEMZBBUSSSBKUIRBIPFZTJOLRDPMFUDSNWTPZZKVWRYPVOHZUNWMCWAIFPJZQODHNLUFOTY
ANBYRLZPOXUSKUIRFDFUSNWTPVWPOHUNMCFJZQLUFOYTNHDOPIAWWZVYRKZZDMPRLOJTZPIBBSSBBZMEXRLBDUIAEEIFUPPBSVK
AWWZVYRKZZDMPRLOJTZPIBBSSBBZMEXRLBDUIAEEIFUPPBSVKIANBYRLZPOXUSKUIRFDFUSNWTPVWPOHUNMCFJZQLUFOYTNHDOP
AWYZDPJTZPBSSBMLDUAIBSVBRLPOXUIRDFUSNWPHUNCFJZQLOYDPOHNTFUMOWVPTFUKSZYNAIKPPUFEEIBRXEZBBIOLRMZKRVZW
AWYZDPJTZPBSSBMLDUAIBSVBRLPOXUIRDFUSNWPHUNCFJZQLOYDPOHNTFUMOWVPTFUKSZYNAIKPPUFEEIBRXEZBBIOLRMZKRVZW
WYDJTBSBMAIBRLPODWCQLYPNFMVTKSIPPBBBOLMKZWVRZRIZEXRIEEFUKANYZUFPWOUTHODOZJFNUHPNSUFRIUXVSBUDLSPZPZA
RIEEFUKANYZUFPWOUTHODOZJFNUHPNSUFRIUXVSBUDLSPZPZAXWYDJTBSBMAIBRLPODWCQLYPNFMVTKSIPPBBBOLMKZWVRZRIZE
REEKANUFPWODOJNHUFRDSZZXWDJTMRLPODCLNPBLMKWREZIRZVZOBBPISKTVMFPYQWBIABSBYAPPLUBSVXUISNPUFZOHTUZYUFI
ZOBBPISKTVMFPYQWBIABSBYAPPLUBSVXUISNPUFZOHTUZYUFIVREEKANUFPWODOJNHUFRDSZZXWDJTMRLPODCLNPBLMKWREZIRZ
BBPISTMFPBBSBYALUVISNFZOTUZYUREKFODJNHRDSZXDJTMLOCLKWRZZRIEMBPNLDPRWZFUOWPUNAEVIFHUPUXSBPPAIWQYVKOZ
BBPISTMFPBBSBYALUVISNFZOTUZYUREKFODJNHRDSZXDJTMLOCLKWRZZRIEMBPNLDPRWZFUOWPUNAEVIFHUPUXSBPPAIWQYVKOZ
BBPIMBYAUIFZOREKFDJHRDXDJLCWZRIBPNDFUOPUAEIFHPYVZOKQWIAPBSXUPUVNWZWRPLMEZRKLOMTZSNOUYZUTNSVLBSBPFTS
BBPIMBYAUIFZOREKFDJHRDXDJLCWZRIBPNDFUOPUAEIFHPYVZOKQWIAPBSXUPUVNWZWRPLMEZRKLOMTZSNOUYZUTNSVLBSBPFTS
BBZRFDJCWRIBPNUPEIFVZQISXUPNWZPMEZLTSOYUPSTFBSBLVSNTZUNZMOKRLRWVUBPAWKOYPHAUOFDZLDXRHJDKEOFIUAYBMIP
NTZUNZMOKRLRWVUBPAWKOYPHAUOFDZLDXRHJDKEOFIUAYBMIPSBBZRFDJCWRIBPNUPEIFVZQISXUPNWZPMEZLTSOYUPSTFBSBLV
NUMOKVUBPAODDHJDEIUABMIPBFDRIBPUPEFVQISXPWZPLTSOUSTFBVLBSPYZEMNUZINWCJRZBSYFOKRXLZFUAHPYOKWWRLRZNZT
NUMOKVUBPAODDHJDEIUABMIPBFDRIBPUPEFVQISXPWZPLTSOUSTFBVLBSPYZEMNUZINWCJRZBSYFOKRXLZFUAHPYOKWWRLRZNZT
UPADDJDIUABIPBFDBUPFIPZSOUSBVLBYZNCJRZYOLHYOKWLZZTNRRWPAUFZXRKFSBWIUNMEZPSFTTLPWXSQVEPIRMEHOBVKOMUN
NRRWPAUFZXRKFSBWIUNMEZPSFTTLPWXSQVEPIRMEHOBVKOMUNTUPADDJDIUABIPBFDBUPFIPZSOUSBVLBYZNCJRZYOLHYOKWLZZ
RPXFSBWUMEZSPXQEPIMEHBKMUTUPDBPBDBPPZSOUVZCJRHYKZZLWOLOYZNYBLBSIFUFIAUIDJDANOVORVSWLTTFPNIKRZFUAWRN
LWOLOYZNYBLBSIFUFIAUIDJDANOVORVSWLTTFPNIKRZFUAWRNZRPXFSBWUMEZSPXQEPIMEHBKMUTUPDBPBDBPPZSOUVZCJRHYKZ
WOLYZYBIFFIUIDJNOSWTKRUARNZPBWUESPPKPPBDBPZSUJYZKHRCZVOPBDUTUMBHEMIEQXZMSFXRWFZINPFTLVRVOADAUSLBNOL
WOLYZYBIFFIUIDJNOSWTKRUARNZPBWUESPPKPPBDBPZSUJYZKHRCZVOPBDUTUMBHEMIEQXZMSFXRWFZINPFTLVRVOADAUSLBNOL
YZYIFIJOKUARZPSPPBPJYZRCPUMBQXZMFRWFIPFLVRVDUSNOLBLAAOTNZXSEIMEHTUDBOVZHKUSZBDPKPEUWBNRTWSNDUIFBLOW
LAAOTNZXSEIMEHTUDBOVZHKUSZBDPKPEUWBNRTWSNDUIFBLOWBYZYIFIJOKUARZPSPPBPJYZRCPUMBQXZMFRWFIPFLVRVDUSNOL
AZXEIETVHKUBKUBNRSNDUFOZFIPPJYRPBXZFWFVRVSOLNUDLFPIRMQMUCZBPSPZRAUKOJIYYBWLBIWTWEPPDZSZOBDUHMSNTOAL
AZXEIETVHKUBKUBNRSNDUFOZFIPPJYRPBXZFWFVRVSOLNUDLFPIRMQMUCZBPSPZRAUKOJIYYBWLBIWTWEPPDZSZOBDUHMSNTOAL
XEIEHUBSNDFOZFIYPWFVRVSQMSZRAOYYLITWEPDUHMTALONSBOZSZDPWBWBIJKUPPBZCUMRIPFLDUNLOFZXBRJPPURNUKBKVTZA
XEIEHUBSNDFOZFIYPWFVRVSQMSZRAOYYLITWEPDUHMTALONSBOZSZDPWBWBIJKUPPBZCUMRIPFLDUNLOFZXBRJPPURNUKBKVTZA
XEIEHUBSNDFOZFIYPWFVRVSQMSZRAOYYLITWEPDUHMTALONSBOZSZDPWBWBIJKUPPBZCUMRIPFLDUNLOFZXBRJPPURNUKBKVTZA
