
OPFHWBIRTDZVBJNKQGTJQNEMNHBMXUBGJUNNMTVOSHYGGQYLSDJOWWJIPRVDHWFMECEFRZRQULXYQTQYCQNGEBDGAUCUXJADKMZ
OPFHWBIRTDZVBJNKQGTJQNEMNHBMXUBGJUNNMTVOSHYGGQYLSDJOWWJIPRVDHWFMECEFRZRQULXYQTQYCQNGEBDGAUCUXJADKMZ
PHBITDJNGTQNEMNBXUJUNMTVYGGQYLSDJOWWPHMECEFYQCQGBGUXADZMKJCUADENYTQXLUQRZRFWDVRIJHSONGBMHJQKBVZRWFO
UXADZMKJCUADENYTQXLUQRZRFWDVRIJHSONGBMHJQKBVZRWFOGPHBITDJNGTQNEMNBXUJUNMTVYGGQYLSDJOWWPHMECEFYQCQGB
ZMEQLFDRIJMHQKWFOPITJNQNENTYLWWEFYQGBCQCEMHPOJDSYQGGVMNUJUXBMTGDBHGRZVBJBGNOSHVWRZRQUXTYNDAUCJKDAXU
ZMEQLFDRIJMHQKWFOPITJNQNENTYLWWEFYQGBCQCEMHPOJDSYQGGVMNUJUXBMTGDBHGRZVBJBGNOSHVWRZRQUXTYNDAUCJKDAXU
MEQLDHQFPJYLWFQGQCMOJSYGGJXZVGNOWRQUYNCDAXUKJUADTXRZVHSBJBRGHBDGTMBUUNMVQDPHECBYEWTNENQNTIOWKMJIRFZ
RZVHSBJBRGHBDGTMBUUNMVQDPHECBYEWTNENQNTIOWKMJIRFZXMEQLDHQFPJYLWFQGQCMOJSYGGJXZVGNOWRQUYNCDAXUKJUADT
RZHSBBGHDTMUNMVQPYTNENNWXMEQLPQGCMOJSGJXGOYNXUUADTJKADCUQRWNVZGYQFWLYJFQHDZFRIJMKOITQWEBCEHDUBGBRJV
JKADCUQRWNVZGYQFWLYJFQHDZFRIJMKOITQWEBCEHDUBGBRJVTRZHSBBGHDTMUNMVQPYTNENNWXMEQLPQGCMOJSGJXGOYNXUUAD
CRNVZWYFHDFRJMKOTECDRTRHBDTMNQPYENPGCOJNUDAUXYOGXJGSMQLQEMXWNNTVMUHGBSZVJBGBUHEBWQIIZQJLFQYGWQUDAKJ
CRNVZWYFHDFRJMKOTECDRTRHBDTMNQPYENPGCOJNUDAUXYOGXJGSMQLQEMXWNNTVMUHGBSZVJBGBUHEBWQIIZQJLFQYGWQUDAKJ
RFDREDRTBTMNPENPGCONUDYGJSQEMXWNTMHGBZJBGEWIQJFQYGWQDJKAULZIQBHUBVSUVNLQMGXOXUAJYQDHRCTOKMJFHYWZVNC
RFDREDRTBTMNPENPGCONUDYGJSQEMXWNTMHGBZJBGEWIQJFQYGWQDJKAULZIQBHUBVSUVNLQMGXOXUAJYQDHRCTOKMJFHYWZVNC
RFDRBMENGCOYGJMXGZGEQJWDJKAUQBHUBVQMGXUAJYDHRCOKMJFNCVZWYHTQXOLNVUSIZLQGYQFIWBJBHMTNWEQSDUNPPNTTDER
FNCVZWYHTQXOLNVUSIZLQGYQFIWBJBHMTNWEQSDUNPPNTTDERJRFDRBMENGCOYGJMXGZGEQJWDJKAUQBHUBVQMGXUAJYDHRCOKM
FZWHTXOLNSIGYIWJBHMNEQUPPTJRDRMGCOMXZEQWDJAQBVQMXUJHRCMKODYAGUHBUKJGGJGYNEBFREDTNNDSWTBFQQLZUVQYVCN
FZWHTXOLNSIGYIWJBHMNEQUPPTJRDRMGCOMXZEQWDJAQBVQMXUJHRCMKODYAGUHBUKJGGJGYNEBFREDTNNDSWTBFQQLZUVQYVCN
ZWHNIGIWNQTRDRMMEQAQBVQXUJCMOGUHBUKJEDTDSTBFQQQYCNVVUZLWNNRFBENYGJGGAYDKRHMJDWZXOCGJPPUEMHBJYSLOXTF
VVUZLWNNRFBENYGJGGAYDKRHMJDWZXOCGJPPUEMHBJYSLOXTFNZWHNIGIWNQTRDRMMEQAQBVQXUJCMOGUHBUKJEDTDSTBFQQQYC
VLNRBEYGJGYDHMJWZXOGJPPUMHJYLOTNWIWQDMEQQBQXJMOGDTDSQCYQQFBTEJKUBHUCUVAMRRTNGINHZFXSBECDRKAGNFNWZUV
DSQCYQQFBTEJKUBHUCUVAMRRTNGINHZFXSBECDRKAGNFNWZUVTVLNRBEYGJGYDHMJWZXOGJPPUMHJYLOTNWIWQDMEQQBQXJMOGD
DCYQBEUBUCUMRTNGNSBECDKWULRYGGDXGPPHYOWIDMQQXJMODGBQEQWNTLJMUJOZWJMHYJEBNVTVZNFNGARXFZHIRAVHKJTFQQS
DCYQBEUBUCUMRTNGNSBECDKWULRYGGDXGPPHYOWIDMQQXJMODGBQEQWNTLJMUJOZWJMHYJEBNVTVZNFNGARXFZHIRAVHKJTFQQS
DUCMRNSCWLDXPHYOWDXQEWNLJMUJMYBVTVGAZIHKJQSQFTVARHFXRNFNZNEJHJWZOTQBGDOMJQQMIPGGGYRUKDEBGNTUBUEBQYC
FXRNFNZNEJHJWZOTQBGDOMJQQMIPGGGYRUKDEBGNTUBUEBQYCHDUCMRNSCWLDXPHYOWDXQEWNLJMUJMYBVTVGAZIHKJQSQFTVAR
FXRFNZNEHJWTDOMJQMIGYUDGTUBQUCMRNCWPHYOWDXQENJMVGAIHJQRAVTFQSKZVTBYJUMLWXDLSDHCYEUBNBEKRGGPQGBQOZJN
IHJQRAVTFQSKZVTBYJUMLWXDLSDHCYEUBNBEKRGGPQGBQOZJNAFXRFNZNEHJWTDOMJQMIGYUDGTUBQUCMRNCWPHYOWDXQENJMVG
IQAVTQSZVBJLDSUBNBKQGBQARFNZEJWTDOQIGTBQUCNCPOXNMVGJEQDWYHWRMUGDUYMJMHNXFNJZOPGGREEYCHDLXWMUYTKFRJH
GJEQDWYHWRMUGDUYMJMHNXFNJZOPGGREEYCHDLXWMUYTKFRJHVIQAVTQSZVBJLDSUBNBKQGBQARFNZEJWTDOQIGTBQUCNCPOXNM
GJQDHWGUYXFZOPGRCHDLXUYJVITZBJDSUBQQRFEIGCNXNMOPCUQBTQODTWJZNABGKNBLVSQVAQHRFKTMWYEEGJNNHMJMDUMRYWE
GJQDHWGUYXFZOPGRCHDLXUYJVITZBJDSUBQQRFEIGCNXNMOPCUQBTQODTWJZNABGKNBLVSQVAQHRFKTMWYEEGJNNHMJMDUMRYWE
GJDHWGXFZGRHUYVTZBJSUBQQEGCNXPCUBTDTWZNBGVQVAQMGNNHMJUMWEYRDMJEEYWTKFRHSLBNKAJOQQOMNIFRDIJXLDCPOYUQ
HMJUMWEYRDMJEEYWTKFRHSLBNKAJOQQOMNIFRDIJXLDCPOYUQNGJDHWGXFZGRHUYVTZBJSUBQQEGCNXPCUBTDTWZNBGVQVAQMGN
HJUMWDJEWKSLBNAJOOIFDXLYGJFZGRYZJSUBENXPUBTDTNGVQVAQMGNBZWCCGQQBTVUHXGWHDNQUOPCDJIRNMQQKHRFTYEMRYEM
AQMGNBZWCCGQQBTVUHXGWHDNQUOPCDJIRNMQQKHRFTYEMRYEMVHJUMWDJEWKSLBNAJOOIFDXLYGJFZGRYZJSUBENXPUBTDTNGVQ
AQMGNZCQBTVUHXWNUODIRYRYEHJUWKLJOOFDLFZRYZJSXDTNQVGTBUPNEBUGJGYXIANBSEJDWMVMMETFRHKQQMNJCPQDHGQGCWB
GTBUPNEBUGJGYXIANBSEJDWMVMMETFRHKQQMNJCPQDHGQGCWBVAQMGNZCQBTVUHXWNUODIRYRYEHJUWKLJOOFDLFZRYZJSXDTNQ
GPNEBGJYXAEJMVMTHKMJPQDHGCWBQMCQBTWNURYRYEKLOOFLRZJSDTNQXYZFDJWUJHIDOXHUVZNGAVGQCNQQRFEMWDSBNIGUUBT
GPNEBGJYXAEJMVMTHKMJPQDHGCWBQMCQBTWNURYRYEKLOOFLRZJSDTNQXYZFDJWUJHIDOXHUVZNGAVGQCNQQRFEMWDSBNIGUUBT
PNEBGJXAEJTKJPDGCQQWNURRYEOFLRZJTFJWUHIDHUVNGVCNQRFESBNIGUUTBDWMQQGAZXOJDZYXQNDSOLKYTBCMBWHQMHMVMYG
FESBNIGUUTBDWMQQGAZXOJDZYXQNDSOLKYTBCMBWHQMHMVMYGRPNEBGJXAEJTKJPDGCQQWNURRYEOFLRZJTFJWUHIDHUVNGVCNQ
FEIGUTBDQQGAZXDXNSYBHMVYGRPNEBJAJDQQNUEOFZTFJWUHIDCQNVGNVUHJRLYRRWCGPJKTEXGMHMQWBMCTKLODQYZJOMWUNBS
CQNVGNVUHJRLYRRWCGPJKTEXGMHMQWBMCTKLODQYZJOMWUNBSDFEIGUTBDQQGAZXDXNSYBHMVYGRPNEBJAJDQQNUEOFZTFJWUHI
CNGVURRWJKTEMHTKODYJOWNBFIUTDAZXDXNBHMVYPBJDQEFZTFJUHIWOUNQJAENRGYSGQQBGEDSUMZQLCMBWQMGXPGCYLRJHNVQ
JUHIWOUNQJAENRGYSGQQBGEDSUMZQLCMBWQMGXPGCYLRJHNVQFCNGVURRWJKTEMHTKODYJOWNBFIUTDAZXDXNBHMVYPBJDQEFZT
JUIWOUNQJRGQUMZQLCWQXPYLJHNVCGURJEKOJBFIUTAXXHMVPTZFEQDJBYBNDZDNWOYDTHMTKWRVNFQRCGGMBMSDEGBQSYGNEAH
ZFEQDJBYBNDZDNWOYDTHMTKWRVNFQRCGGMBMSDEGBQSYGNEAHTJUIWOUNQJRGQUMZQLCWQXPYLJHNVCGURJEKOJBFIUTAXXHMVP
QDYZNODHTVFBMSDEGBNAHTUOQULCWXJVGRJEJBFTXMVPHXAUIOKUCNHLYPQQZMQGRJNUWIJEGYSQMGGCRQNRWKMTYWDDNBBJEFZ
KUCNHLYPQQZMQGRJNUWIJEGYSQMGGCRQNRWKMTYWDDNBBJEFZOQDYZNODHTVFBMSDEGBNAHTUOQULCWXJVGRJEJBFTXMVPHXAUI
CNYQZMQGRJNUJGYQGGRKMWDDJZOQYOHVBSDBNAHUQULWJVGJBXMVPHXAIUTFJERXCOTGEMFTDNZDFEBBNYTWRNQCMSEIWQPLHUK
MVPHXAIUTFJERXCOTGEMFTDNZDFEBBNYTWRNQCMSEIWQPLHUKXCNYQZMQGRJNUJGYQGGRKMWDDJZOQYOHVBSDBNAHUQULWJVGJB
VXAJERXTGEMFDZDFNTWNCMEIPHKQZMQJUGQGRKMWJOQOBWJBJGVLUQUHANDSBVHYZDDGYJNRGYNCXULQWSQRYBBENTOCFTUIHPM
VXAJERXTGEMFDZDFNTWNCMEIPHKQZMQJUGQGRKMWJOQOBWJBJGVLUQUHANDSBVHYZDDGYJNRGYNCXULQWSQRYBBENTOCFTUIHPM
VAREDDWNMQQJUGRKWOQWJGLUADSBVZJGYXQWBENTOCIHPMUTFBYRQSLUCNRNYGDDYHNHUQVBJBOJMQGMZKHPIECTNFZFMGTXEJX
YRQSLUCNRNYGDDYHNHUQVBJBOJMQGMZKHPIECTNFZFMGTXEJXBVAREDDWNMQQJUGRKWOQWJGLUADSBVZJGYXQWBENTOCIHPMUTF
RUNNYDDHVJBQGMZHPIENFZXEJXQQUGOWUADSBVZGXBENTIMUFTPHCOWQYJLGJQWKRJMNWDDERAVBTGMFTCKMJOBQUHNYGRCLSQY
PHCOWQYJLGJQWKRJMNWDDERAVBTGMFTCKMJOBQUHNYGRCLSQYTRUNNYDDHVJBQGMZHPIENFZXEJXQQUGOWUADSBVZGXBENTIMUF
OQJGJRJMDVTGMTCKMRSQRDDMHIENXEXQOUSZTMUFINEBXGVBDAWGUQJZFPZGQBJVHYNNUTYLCGYNHUQBOJFBAREDWNKWQLYWCHP
WGUQJZFPZGQBJVHYNNUTYLCGYNHUQBOJFBAREDWNKWQLYWCHPAOQJGJRJMDVTGMTCKMRSQRDDMHIENXEXQOUSZTMUFINEBXGVBD
UJZFPQHNUTYLGYNBREDWQYCHJGJCMSQRDDHEXXQOUEXGVBDBNIFMTZSUENIMRKTMGTVDMRJQOAPWLWKNABFJOQUHCNYVJBGZQGW
UJZFPQHNUTYLGYNBREDWQYCHJGJCMSQRDDHEXXQOUEXGVBDBNIFMTZSUENIMRKTMGTVDMRJQOAPWLWKNABFJOQUHCNYVJBGZQGW
UPQNUYLGYNJGQDHEXGBIUNKTMGMQAPLKNABFOQUHYVJBGGWQZNCJWWOJRDVTRMIESZTMFNBDVUOQXXEDRSMCJHCYQWDERBTHFZJ
CJWWOJRDVTRMIESZTMFNBDVUOQXXEDRSMCJHCYQWDERBTHFZJNUPQNUYLGYNJGQDHEXGBIUNKTMGMQAPLKNABFOQUHYVJBGGWQZ
CWORTRMESTFNBUOQEDRMCJQDEHJNUYLGJGHEXGBUNKTGMQPLKNBOQUYVBGWZQGJHFAAMIDQNYUNQPZFTBRWYCHSXXVDMZIVDJWJ
CWORTRMESTFNBUOQEDRMCJQDEHJNUYLGJGHEXGBUNKTGMQPLKNBOQUYVBGWZQGJHFAAMIDQNYUNQPZFTBRWYCHSXXVDMZIVDJWJ
CORRMESTFURMCDEHJNUEBUTPLNBQUVBGZJFAADNUNPZTBWXVDMZIDJJWVXSHCYRFQYQIMHGQWYOKQMGKNGXHGJGLYQJDEQOBNTW
ZIDJJWVXSHCYRFQYQIMHGQWYOKQMGKNGXHGJGLYQJDEQOBNTWMCORRMESTFURMCDEHJNUEBUTPLNBQUVBGZJFAADNUNPZTBWXVD
IDWXSHCYRFQYIMGKMKXGJGLYQEOBNTMCRMSTFUREHJNUEUTNBVDNNDVXWBTZPUAAFJZGBUQLPBDCMEROWQDJHGNGQOYWQHQVJJZ
IDWXSHCYRFQYIMGKMKXGJGLYQEOBNTMCRMSTFUREHJNUEUTNBVDNNDVXWBTZPUAAFJZGBUQLPBDCMEROWQDJHGNGQOYWQHQVJJZ
IDWSCYRFKMKXGJLYBTMRHJUTNDDVXTZPAJUPBDCERDHGQOYWQVZJJQHGNJQWOMLQBGZFAUBWNNVBEUNEUFTSMRCNOEQGGMIYQHX
IDWSCYRFKMKXGJLYBTMRHJUTNDDVXTZPAJUPBDCERDHGQOYWQVZJJQHGNJQWOMLQBGZFAUBWNNVBEUNEUFTSMRCNOEQGGMIYQHX
DYFGYBMRJUTNDXTZPAUBDEQWQJQHQOLUNNUESROGYHXQIMGQENCMTFUNEBVWBAFZGBQMWJNGJZVYOGHDRCPJVDHTLJXKMKRCSWI
CMTFUNEBVWBAFZGBQMWJNGJZVYOGHDRCPJVDHTLJXKMKRCSWINDYFGYBMRJUTNDXTZPAUBDEQWQJQHQOLUNNUESROGYHXQIMGQE
CTFUNBWBAFGBQMJGJVYOGHDVHLKWNDGYMRUTDXTZAUBDWQJQQOLUESOYMQEGIQXHGRUNNHQEPNJBFYISCRMKXJTDJPCRZNWZVEM
CTFUNBWBAFGBQMJGJVYOGHDVHLKWNDGYMRUTDXTZAUBDWQJQQOLUESOYMQEGIQXHGRUNNHQEPNJBFYISCRMKXJTDJPCRZNWZVEM
CTFUBBABQMJVDVHWNDYMTDXBDQLSOYMQENHQPFSCMCRZWZMEVNPJDTJXKRIYBJNENURGHXQIGEUOQQJWUAZTURGKLHGOYGJGFWN
CTFUBBABQMJVDVHWNDYMTDXBDQLSOYMQENHQPFSCMCRZWZMEVNPJDTJXKRIYBJNENURGHXQIGEUOQQJWUAZTURGKLHGOYGJGFWN
TABQHWXBMQENQPFCMCWMEVPJTRJNNURXQEUQQJUAURGFWNJGYOGHLKGTZWOGIHGEBYIKXJDNZZRSHYOSLQDDTMYDNVDVJMBBUFC
TABQHWXBMQENQPFCMCWMEVPJTRJNNURXQEUQQJUAURGFWNJGYOGHLKGTZWOGIHGEBYIKXJDNZZRSHYOSLQDDTMYDNVDVJMBBUFC
TQHWXBNQPFCMEPTRJNQEUQUAUNJYGHLTZWOIHEYIKJDNZZSQDTMDNVDVBUFCBMJYDLOYHSRXBGGGKOGWFGRJQXRUNJVWCMEQMBA
TQHWXBNQPFCMEPTRJNQEUQUAUNJYGHLTZWOIHEYIKJDNZZSQDTMDNVDVBUFCBMJYDLOYHSRXBGGGKOGWFGRJQXRUNJVWCMEQMBA
HWXPFCRNEQGHLZWIKJDZSQMNVUFCBJLHSRBGKOFGRUNJQMBAEMCWVXQJRWGGGXYODYMBVDDTDZNIYEHOTYJNUAUUQJTPEMQNBQT
CWVXQJRWGGGXYODYMBVDDTDZNIYEHOTYJNUAUUQJTPEMQNBQTMHWXPFCRNEQGHLZWIKJDZSQMNVUFCBJLHSRBGKOFGRUNJQMBAE
WVXQRWGGXYYMBDDTNIEHOTYJNUAQJMQBQTHWCEGLZKZSNCBSRGRUJQBEAMNGFOKBHLJFUVMQDJIWHQNRFPXMNEPTUUYZDVDOGJC
RUJQBEAMNGFOKBHLJFUVMQDJIWHQNRFPXMNEPTUUYZDVDOGJCGWVXQRWGGXYYMBDDTNIEHOTYJNUAQJMQBQTHWCEGLZKZSNCBSR
RUQAMFBHJFUMDHNXMEPYZDDGGRWXYMDDTNEHYAJQHCEGZKBSRCNSZLWTQBMQUNJTOIBYGGQXVWCJOVUUTNPFRQWIJQVLKOGNEBJ
NSZLWTQBMQUNJTOIBYGGQXVWCJOVUUTNPFRQWIJQVLKOGNEBJCRUQAMFBHJFUMDHNXMEPYZDDGGRWXYMDDTNEHYAJQHCEGZKBSR
ZWQUNOIBGQJOUTFQWJVLOCRUQFBHJUMDNXMEPYDGGRWXMDNAQGZSRBKECHJYHETDYDZHFMAJBENGKQIRPNUVCWVXGYTJMBQTLSN
ZSRBKECHJYHETDYDZHFMAJBENGKQIRPNUVCWVXGYTJMBQTLSNGZWQUNOIBGQJOUTFQWJVLOCRUQFBHJUMDNXMEPYDGGRWXMDNAQ
SKCHHYDHFBNKQNUXTJBSGZWQOOTQWLCUFHUMDNXMYGWXNQADMRGDPEJBQROVJFUJQGBINUNLTQMYGVWCVPRIGEJAMZDTEYJEBRZ
SKCHHYDHFBNKQNUXTJBSGZWQOOTQWLCUFHUMDNXMYGWXNQADMRGDPEJBQROVJFUJQGBINUNLTQMYGVWCVPRIGEJAMZDTEYJEBRZ
SKCDFBXJBSZQOQWLUFUXYGWXMRDJBRVJFUJINNLTQGVCVPRIEEEZRBJYTDZMAJGWYMUBGQOQEPGDAQNMNDMHCTOWGTUNQKNHYHH
SKCDFBXJBSZQOQWLUFUXYGWXMRDJBRVJFUJINNLTQGVCVPRIEEEZRBJYTDZMAJGWYMUBGQOQEPGDAQNMNDMHCTOWGTUNQKNHYHH
SKCFBWLUYXMRDJBVFJINGVRIEZRBJWUBGDMDMHTOWUNQHHYHNKTGCNNQAPEQOQGMYGAMZDTYJEEPVCQTLNUJRWGXUFQOQZSJXBD
TGCNNQAPEQOQGMYGAMZDTYJEEPVCQTLNUJRWGXUFQOQZSJXBDKSKCFBWLUYXMRDJBVFJINGVRIEZRBJWUBGDMDMHTOWUNQHHYHN
TGNQPOZDJEPVCQTLGXUOSJBSCFWYRFJIGVEJUGMDHOWQHYNHHNUTMDBWBRZIRNVBJDMXULBKKDXZQQFWRJUNEYTMAGYMGQQEANC
TGNQPOZDJEPVCQTLGXUOSJBSCFWYRFJIGVEJUGMDHOWQHYNHHNUTMDBWBRZIRNVBJDMXULBKKDXZQQFWRJUNEYTMAGYMGQQEANC
TZDJVCTLSJCFJIGVEMWHYNHHUTMBRNVJDUBKDXZQQWRJUYTAGYQQCNAEGMMENFKLXMBIZRWBDNQOHDGUJFRYWSBOUXGQPEOPQNG
TZDJVCTLSJCFJIGVEMWHYNHHUTMBRNVJDUBKDXZQQWRJUYTAGYQQCNAEGMMENFKLXMBIZRWBDNQOHDGUJFRYWSBOUXGQPEOPQNG
ZDJVCTSCJIEWHNHHUTBNJDBKDXWRTAYCAEMMENKLBZRQOGUJYWBUGQENGQPOPXOSRFDHNDBWIMXFGNQQGYUJQQZUVRMYMVGFJLT
BUGQENGQPOPXOSRFDHNDBWIMXFGNQQGYUJQQZUVRMYMVGFJLTWZDJVCTSCJIEWHNHHUTBNJDBKDXWRTAYCAEMMENKLBZRQOGUJY
BUQEQPOXSFDHNDWMXGQQGQZRYMGTWEWHUTJDKWRAMKLZRQYJUGOBNEMECYATXDBNBHNHIJCSTCVJDZLJFVMVUQJUYNFIBROPGNG
OBNEMECYATXDBNBHNHIJCSTCVJDZLJFVMVUQJUYNFIBROPGNGGBUQEQPOXSFDHNDWMXGQQGQZRYMGTWEWHUTJDKWRAMKLZRQYJU
ONEMECTXDBNJCSTVJDLFMVUQUYNIBROGGQEQDDWGQGZRGWEWHUJDKWRMLZJUYQRKATTMYQQXMNHFSXOPUBNGPFJVJZCIHHNBAYB
ONEMECTXDBNJCSTVJDLFMVUQUYNIBROGGQEQDDWGQGZRGWEWHUJDKWRMLZJUYQRKATTMYQQXMNHFSXOPUBNGPFJVJZCIHHNBAYB
OEECTXDBNJCSTVJLMUNIGQQDWGGWEWJDWLZUYQTTMYQMHFPUBNGPFJCHBYABNHIZVJOXSNXQAKRJMRKUHRZQGDEGORBYQUVFDMN
GPFJCHBYABNHIZVJOXSNXQAKRJMRKUHRZQGDEGORBYQUVFDMNNOEECTXDBNJCSTVJLMUNIGQQDWGGWEWJDWLZUYQTTMYQMHFPUB
GFJCYNHVJOSQKJRZGDGRQFDMNOEEBTVJLWJDWLZQTMYHUBPFMQTYUWEWGGDQQGINUMSCJNDXTCNVUYBOEQRHUKMRAXNXZIBABHP
GFJCYNHVJOSQKJRZGDGRQFDMNOEEBTVJLWJDWLZQTMYHUBPFMQTYUWEWGGDQQGINUMSCJNDXTCNVUYBOEQRHUKMRAXNXZIBABHP
FJYHVJQKZGDGRQFDOETJLDWLMFMQYEWQGIUMSCNTYEUMNBBHPAIZXXARKHRQOBUVNCXDJNQDGGWUTPBUHYTQZJWVBENMRJSONCG
IZXXARKHRQOBUVNCXDJNQDGGWUTPBUHYTQZJWVBENMRJSONCGAFJYHVJQKZGDGRQFDOETJLDWLMFMQYEWQGIUMSCNTYEUMNBBHP
ZAKRONXNQDGUTPBUHZWVNMROAKZRJLDLMQEWQUMNTYEPHBBNMUCSIGYMFWTEODFQGDGQJVHYJFGCNSJEBJQTYWGJDCVUBQHRXXI
CSIGYMFWTEODFQGDGQJVHYJFGCNSJEBJQTYWGJDCVUBQHRXXIUZAKRONXNQDGUTPBUHZWVNMROAKZRJLDLMQEWQUMNTYEPHBBNM
CSGYMTFQGDVHFCNSEJTYGJDUBHXIUZAKXNQUPBHZMOAJLDLMQEWUNTYPHBMNBEMQRZKRNVWUTGDNORXRQVCWQBJGJYJQGDOEWFI
CSGYMTFQGDVHFCNSEJTYGJDUBHXIUZAKXNQUPBHZMOAJLDLMQEWUNTYPHBMNBEMQRZKRNVWUTGDNORXRQVCWQBJGJYJQGDOEWFI
GYTHCNETYGJDBIQBHMDMEWTYPBERZRWUTDNXRQVWQDOEWFIGQJYJGJBCROGVNKQMBNMHNUQLLJAOZPUNXKAZUXHUJSFVDGQFMSC
GYTHCNETYGJDBIQBHMDMEWTYPBERZRWUTDNXRQVWQDOEWFIGQJYJGJBCROGVNKQMBNMHNUQLLJAOZPUNXKAZUXHUJSFVDGQFMSC
GHNYGBIQMDEYRZUVDOWGJGCGQBNMHNULLJZUXKZUVDSCMFQGFSJHXUANPOAQMKNVORBJJYQIFEQWQRXNDTWREBPTWMHBDJTECTY
JHXUANPOAQMKNVORBJJYQIFEQWQRXNDTWREBPTWMHBDJTECTYSGHNYGBIQMDEYRZUVDOWGJGCGQBNMHNULLJZUXKZUVDSCMFQGF
JANMVJJYQIFEQXTEMHBDTCTSNGIQDEZVDOWGGMHLJKVDSCMFQFGUZXUZLUNNBQCGJURYMBYHGYEJWTPBRWDNRWQBRONKQAOPUXH
GUZXUZLUNNBQCGJURYMBYHGYEJWTPBRWDNRWQBRONKQAOPUXHFJANMVJJYQIFEQXTEMHBDTCTSNGIQDEZVDOWGGMHLJKVDSCMFQ
GUXUZLNQJMBEPRWDWQBOQOUXHVJJYIFEQTEMDCSNGQVDOWGMJKSMFQCDVLHGZEDITTBHXQMNAJFPAKNRRNBTWJYGHYYRUGCBNUZ
SMFQCDVLHGZEDITTBHXQMNAJFPAKNRRNBTWJYGHYYRUGCBNUZKGUXUZLNQJMBEPRWDWQBOQOUXHVJJYIFEQTEMDCSNGQVDOWGMJ
CHGEITHXMNPANRBJYHYYGBZKGUXUZLNQBPWDQBOQOHVJYIEMDNGQVDWMJGOSCETQFJXUWREMJUNCURGWTNRKFJAQBTDZLVDQFMS
CHGEITHXMNPANRBJYHYYGBZKGUXUZLNQBPWDQBOQOHVJYIEMDNGQVDWMJGOSCETQFJXUWREMJUNCURGWTNRKFJAQBTDZLVDQFMS
ITXPABYGUXZLQBDBOQYEDNGVWOQFWEMJUCRGTNKFJQBTDLVDSMFQZARWUNRUXJTECSGJMDQMIJVHOQWPNUGKZBYHYJRNNMHEGHC
FQZARWUNRUXJTECSGJMDQMIJVHOQWPNUGKZBYHYJRNNMHEGHCMITXPABYGUXZLQBDBOQYEDNGVWOQFWEMJUCRGTNKFJQBTDLVDS
FQZWUNRUXJEGJDIJHQGKZJNMEGMXABYZLBOEGVOQMJCGTNFJVSDLDTBQKRUEWFWNDYQDBQXUGPTICHHNRYHYBUNPWOVMQMSCTRA
FQZWUNRUXJEGJDIJHQGKZJNMEGMXABYZLBOEGVOQMJCGTNFJVSDLDTBQKRUEWFWNDYQDBQXUGPTICHHNRYHYBUNPWOVMQMSCTRA
FZWUEIHQZNEXBYZLBEGOMJCGNJSLDQWWYDXUCHUNPOVQCRATSMMWBYHYRNHITPGQBQDNFEURKBTDVFTQVOAMGMJKGJDJGJXURNQ
FZWUEIHQZNEXBYZLBEGOMJCGNJSLDQWWYDXUCHUNPOVQCRATSMMWBYHYRNHITPGQBQDNFEURKBTDVFTQVOAMGMJKGJDJGJXURNQ
FZUIQZNEXYLEOGJDWWDUPOVQCANHIGQNFERKBVTQVMGMJGJGXUNQRJDJKAOFDTUDBQPTRYHYBWMMSTRNUHCXYQLSNCJMGBZBHEW
NQRJDJKAOFDTUDBQPTRYHYBWMMSTRNUHCXYQLSNCJMGBZBHEWUFZUIQZNEXYLEOGJDWWDUPOVQCANHIGQNFERKBVTQVMGMJGJGX
NQRJKFDBTYHYBMMRUCXYCJMHEWZUQYGJDWOVQANHERKBQMMJXGJGGVTVFNQGICPUDWOELXENZIFUBZBGNSLQHNTSWRPQDUTOAJD
NQRJKFDBTYHYBMMRUCXYCJMHEWZUQYGJDWOVQANHERKBQMMJXGJGGVTVFNQGICPUDWOELXENZIFUBZBGNSLQHNTSWRPQDUTOAJD
KFBHBMXCHUQYWOANHERKQMJXGGVTVCUDOXZIFUBBGLQHNTWPDTAJDOUQRSSNZNELEWPIGQNFGJMBQVDJGZWEMJYCURMYYTDJRQN
AJDOUQRSSNZNELEWPIGQNFGJMBQVDJGZWEMJYCURMYYTDJRQNTKFBHBMXCHUQYWOANHERKQMJXGGVTVCUDOXZIFUBBGLQHNTWPD
DUQNZPIGGJQVJZEJYRTDQNMXCHWOAHERKQMGGVTCUDXHNWDPTQLGBBUFIZOVXJNYQUBHBFKTRJYYMUCMWGDBMFNQWELENSSROJA
DUQNZPIGGJQVJZEJYRTDQNMXCHWOAHERKQMGGVTCUDXHNWDPTQLGBBUFIZOVXJNYQUBHBFKTRJYYMUCMWGDBMFNQWELENSSROJA
UZPGJVZEJYQNHQMGTCUDXHWDPQLGBBZVYBHBYYMCWBNWELNSOJARSEQFMDGMUJRTKFUQNJXOIFUTNVGKREHAOWCXMDTRJQGINQD
ARSEQFMDGMUJRTKFUQNJXOIFUTNVGKREHAOWCXMDTRJQGINQDJUZPGJVZEJYQNHQMGTCUDXHWDPQLGBBZVYBHBYYMCWBNWELNSO
ASEMDJNJUTNGKEHAWCRGIQJUGJEYNGTUDDLGBBZYBMLNSOEWNBWCYYHBVQPWHXCMQHQJZVPZDNQJTDMXORVFIOXQUFKTRUMGFQR
WCYYHBVQPWHXCMQHQJZVPZDNQJTDMXORVFIOXQUFKTRUMGFQRBASEMDJNJUTNGKEHAWCRGIQJUGJEYNGTUDDLGBBZYBMLNSOEWN
WYHVPHQJZVPZDNQTXUFTMFQBMDJUTNKEWCRGGEYTULBZYMLENWOSNBBGDDGNJUJQIAHGNJESARGURKQXOIFVROMDJHQMCXWQBYC
OSNBBGDDGNJUJQIAHGNJESARGURKQXOIFVROMDJHQMCXWQBYCWWYHVPHQJZVPZDNQTXUFTMFQBMDJUTNKEWCRGGEYTULBZYMLEN
BDGJAHGNJEGRKQXFVRDXWBWHNFFDCGETLYENLMZBUYGRWEKNTUJMBQMTUXTQDZPVZJQHPVYWCYQCMQHJMOIOURASIQUJNDGBNSO
BDGJAHGNJEGRKQXFVRDXWBWHNFFDCGETLYENLMZBUYGRWEKNTUJMBQMTUXTQDZPVZJQHPVYWCYQCMQHJMOIOURASIQUJNDGBNSO
BDHGJEGRXFVRBWFFDCGYNLMUYREKNTUMMUXQDZPVJHVWQMQHMOOUASIQUJDGBNOSNRIJCYCYPQZTTQBJWGBZELTENHWXDQKNAJG
BDHGJEGRXFVRBWFFDCGYNLMUYREKNTUMMUXQDZPVJHVWQMQHMOOUASIQUJDGBNOSNRIJCYCYPQZTTQBJWGBZELTENHWXDQKNAJG
BHERRWFFGUYREKNTUUXQZJHQMQHMOASIQUJNSNJYPQQJLEHKNJGAQDXWNTEZBGWBTTZCYCIROBGDUOWVVPDMMMLNYCDBVFXGJGD
BHERRWFFGUYREKNTUUXQZJHQMQHMOASIQUJNSNJYPQQJLEHKNJGAQDXWNTEZBGWBTTZCYCIROBGDUOWVVPDMMMLNYCDBVFXGJGD
HRWFGEKTXQZHQQHOASJNYPQQJHKXWGWBZCCIROUOMNYCBVJGDGXFDLMMDPVVWDGBYTTBZETNDQAGJNELJSNUQIMMJUUNRYUFREB
HRWFGEKTXQZHQQHOASJNYPQQJHKXWGWBZCCIROUOMNYCBVJGDGXFDLMMDPVVWDGBYTTBZETNDQAGJNELJSNUQIMMJUUNRYUFREB
HRTXHQHOAYPQQJHKXWGBCCUYJDXMPVWYTETNAELSQIMURUEBRFYNUJMUNJNJGQDZBTBGDVDMLDFGGVBCNMOORIZWNJSQZQKEGFW
YNUJMUNJNJGQDZBTBGDVDMLDFGGVBCNMOORIZWNJSQZQKEGFWFHRTXHQHOAYPQQJHKXWGBCCUYJDXMPVWYTETNAELSQIMURUEBR
YNJMNJNGZTBGVDGBMZWNJSQKEGFRTXQOAYPQWGDWYTETRURBEUMIQSLEANVPMXJYUCCBXKHJQHHHWFQZIROONCVGFLMDDBDQJUU
MIQSLEANVPMXJYUCCBXKHJQHHHWFQZIROONCVGFLMDDBDQJUUUYNJMNJNGZTBGVDGBMZWNJSQKEGFRTXQOAYPQWGDWYTETRURBE
MISAVUCHHHWFQZRNCFDQUUYMNNGVDBMWJSQKEGFTXYDWYEUREBRTTGWQPAOQRNZGGBTZJJNUJDBDMLGVOOIHQJKXBCYJXMPNELQ
MISAVUCHHHWFQZRNCFDQUUYMNNGVDBMWJSQKEGFTXYDWYEUREBRTTGWQPAOQRNZGGBTZJJNUJDBDMLGVOOIHQJKXBCYJXMPNELQ
SUCHHFQZFDYMNDWKEGXYDWYERBRTTWNZBJUJBGOOQJXYXMNELQPJCBKHIVLMDDNJZTGGRQOAPQGEUTFQSJMBVGNUUQCNRWHVAIM
SUCHHFQZFDYMNDWKEGXYDWYERBRTTWNZBJUJBGOOQJXYXMNELQPJCBKHIVLMDDNJZTGGRQOAPQGEUTFQSJMBVGNUUQCNRWHVAIM
UHFQZFYMWKEDWERBTWNZBUJOOQXYNEPJVLMDNJGQOGEUTFBVGQWHAIMVRNCUUNMJSQQPARGTZDIHKBCQLMXJGBJTRYYXGDNDHCS
UHFQZFYMWKEDWERBTWNZBUJOOQXYNEPJVLMDNJGQOGEUTFBVGQWHAIMVRNCUUNMJSQQPARGTZDIHKBCQLMXJGBJTRYYXGDNDHCS
FYMDERBUYNVLMDQOFBVHIMRNCMJQPHKQMXGJRXGDDCSHNYYTBJLCBIDZTGRAQSNUUVAWQGTUEGGJNJPEXQOOJBZNWTWEKWFZQHU
FYMDERBUYNVLMDQOFBVHIMRNCMJQPHKQMXGJRXGDDCSHNYYTBJLCBIDZTGRAQSNUUVAWQGTUEGGJNJPEXQOOJBZNWTWEKWFZQHU
MDEUYNVDQFVHRCMQHKMDSYTJIDTGRNUTENPEXQOJBNEFZQUHWKWTWZOJJGGUGQWAVUSQAZBCLBYNHCDGXRJGXQPJNMIBOMLBRYF
MDEUYNVDQFVHRCMQHKMDSYTJIDTGRNUTENPEXQOJBNEFZQUHWKWTWZOJJGGUGQWAVUSQAZBCLBYNHCDGXRJGXQPJNMIBOMLBRYF
EYNQHMHKMDTJIDTGUEPXOBNEFQHKTWOJGUGQWAUSQAZCBYNCGXJQJMIBOMRFYBLNPXGRDHLBVGJZWWUZJQENTNRYSQCRVFDVUDM
EYNQHMHKMDTJIDTGUEPXOBNEFQHKTWOJGUGQWAUSQAZCBYNCGXJQJMIBOMRFYBLNPXGRDHLBVGJZWWUZJQENTNRYSQCRVFDVUDM
ENQHMIUPXBNKTJGUGQASCBYNCGIBOFLRDGJUZNYQVDVUMDFRCSRNTEQJWWZVBLHGXPNBYRMMJQJXZAQUWOWHQFEOEGTDJTDKHMY
ENQHMIUPXBNKTJGUGQASCBYNCGIBOFLRDGJUZNYQVDVUMDFRCSRNTEQJWWZVBLHGXPNBYRMMJQJXZAQUWOWHQFEOEGTDJTDKHMY
EQHIBKQSNOFLRDGUZQCREZXYRJZAOETMYHKDTJDGOEFQHWWUQXQJMMBNPGHLBVWWJQTNSRFDMUVDVYNJBIGCYBCAGUGJTNXPUMN
QJMMBNPGHLBVWWJQTNSRFDMUVDVYNJBIGCYBCAGUGJTNXPUMNXEQHIBKQSNOFLRDGUZQCREZXYRJZAOETMYHKDTJDGOEFQHWWUQ
QJBNPHVJTSFVYNBGCYBATNMIKQNOFDGUZXYZETMKTJGOQHWWUQFEDDHYOAJRERCQZRLSBHQEXNUPXJGUGCIJVDUMDRNQWWBLGMM
FEDDHYOAJRERCQZRLSBHQEXNUPXJGUGCIJVDUMDRNQWWBLGMMQQJBNPHVJTSFVYNBGCYBATNMIKQNOFDGUZXYZETMKTJGOQHWWU
FDHYRRCQZRLSQENUXUCVDUMDQWBGMQJNHTSYBNMDYTKJOQHWUWGTMEZXZUGFONQKITABYCGNVFJVPBQMLWNRJIGGJPXHBEJAODE
FDHYRRCQZRLSQENUXUCVDUMDQWBGMQJNHTSYBNMDYTKJOQHWUWGTMEZXZUGFONQKITABYCGNVFJVPBQMLWNRJIGGJPXHBEJAODE
FYRCRSNXUDUMBGBMDYOQUTMZZUFNQAVFJVMLIJPBJODEAEHXGGJRNWQBPNGCYBTIKOGXEGWWHJKTNYSTHNJQMWQDVCUEQLZQRHD
FYRCRSNXUDUMBGBMDYOQUTMZZUFNQAVFJVMLIJPBJODEAEHXGGJRNWQBPNGCYBTIKOGXEGWWHJKTNYSTHNJQMWQDVCUEQLZQRHD
FYRXDMBDYUTMUFNVPJDAEXGJRWPGCYIKOXEWJYSHNMWQVCLZRHDQQEUDQJTNTKHWGGTBNBQNGHEOBJILMJFVAQZZQOMBGUUNSRC
FYRXDMBDYUTMUFNVPJDAEXGJRWPGCYIKOXEWJYSHNMWQVCLZRHDQQEUDQJTNTKHWGGTBNBQNGHEOBJILMJFVAQZZQOMBGUUNSRC
FRBYUUNDXGJWIXEWJNWQVCDQQEUJNTGTBGHOBLMZBGUCRSNUMOQZQAVFJIJENQBNGWHKTQDHRZLMHSYOKYCGPREAJPVFMTDMDXY
QZQAVFJIJENQBNGWHKTQDHRZLMHSYOKYCGPREAJPVFMTDMDXYOFRBYUUNDXGJWIXEWJNWQVCDQQEUJNTGTBGHOBLMZBGUCRSNUM
ZQFIENNGHKYGPREVMFRYUIXEJQQQEUNTTGBLMUMNSRCUGBZOHBGJDCVWNWWJGXDNUBOYXDMDTFPJACKOYSHMLZRHDQTWBQJJVAQ
ZQFIENNGHKYGPREVMFRYUIXEJQQQEUNTTGBLMUMNSRCUGBZOHBGJDCVWNWWJGXDNUBOYXDMDTFPJACKOYSHMLZRHDQTWBQJJVAQ
QFNGHYPRVMUXEQETTGBLUMNUGBZHGVWNWGDNBXDMPJACSHZRHTBQJAQVJWQDLMYOKFTDYOUXJWCDJBOCRSMNUQQJIYRFEGKNEIZ
QFNGHYPRVMUXEQETTGBLUMNUGBZHGVWNWGDNBXDMPJACSHZRHTBQJAQVJWQDLMYOKFTDYOUXJWCDJBOCRSMNUQQJIYRFEGKNEIZ
NGYRVMUXQTTBGBVWNWGDBXDMPACHBQQDMYOKYOUXCJBCUIYRKEIZNGEFJQQNMSRODWJDTFLWJVQAJTRZHSJNGHZUNMULGEEPHFQ
IZNGEFJQQNMSRODWJDTFLWJVQAJTRZHSJNGHZUNMULGEEPHFQENGYRVMUXQTTBGBVWNWGDBXDMPACHBQQDMYOKYOUXCJBCUIYRK
IZGJQNSROJTFLWJVQAJTRZJNGHUGEPFGRVMUXQTTBGVWNWBDACQDMYKYOUXBCUYKRIJCOQBHPMXDGBYNEQHELMNUZSHDWDMQFEN
IZGJQNSROJTFLWJVQAJTRZJNGHUGEPFGRVMUXQTTBGVWNWBDACQDMYKYOUXBCUYKRIJCOQBHPMXDGBYNEQHELMNUZSHDWDMQFEN
IJNSRJTLWJQANGHGEPFRUXQGVWNWDADMUBUKJOQMXBYQHLUZSFNEQMDWDHNMEENGDPHBCIRYCXOYKYQCBBTTMVGUJZRTJVFOQGZ
IJNSRJTLWJQANGHGEPFRUXQGVWNWDADMUBUKJOQMXBYQHLUZSFNEQMDWDHNMEENGDPHBCIRYCXOYKYQCBBTTMVGUJZRTJVFOQGZ
IJTJQNGFUXDADMUUQMQLUZSFNQMDHNMNGPBXOKQBBGJFQGZOVJTRZUVMTTCYYCYRICHDEEWDEHYBXOJKBWNWVGQRPEHGAWLJRSN
IJTJQNGFUXDADMUUQMQLUZSFNQMDHNMNGPBXOKQBBGJFQGZOVJTRZUVMTTCYYCYRICHDEEWDEHYBXOJKBWNWVGQRPEHGAWLJRSN
IJTQNGXDAMUQMLFMDHNMNGPBOGJGZVZTCYCEEWDEHYJKBVQRPHWSNRJLAGEGWNWOXBDHIRYCYTMVURTJOQFBBQKXQNSZUQUDUFJ
IJTQNGXDAMUQMLFMDHNMNGPBOGJGZVZTCYCEEWDEHYJKBVQRPHWSNRJLAGEGWNWOXBDHIRYCYTMVURTJOQFBBQKXQNSZUQUDUFJ
JQGXAMLFMGPBOGGZVZTCEWEYJVQHSNAGENWOBDHCTVUQBQKXNSZQUDUFJUQBFOJTRMYYRIXWGLJRWPRBKHDEYCJNNHDMQUMDNTI
JQGXAMLFMGPBOGGZVZTCEWEYJVQHSNAGENWOBDHCTVUQBQKXNSZQUDUFJUQBFOJTRMYYRIXWGLJRWPRBKHDEYCJNNHDMQUMDNTI
JQGXAMLFMGPBOGGZVZTCEWEYJVQHSNAGENWOBDHCTVUQBQKXNSZQUDUFJUQBFOJTRMYYRIXWGLJRWPRBKHDEYCJNNHDMQUMDNTI
