
TSITRQAFRFUNJURJPVKZOUUYSACBFUABUTYWMVAUTLPEEEHPPHOIVFULUSHBQIDUVTGOOEYTTTGNKACXDXJFGXCFEQEKSMYUICL
OIVFULUSHBQIDUVTGOOEYTTTGNKACXDXJFGXCFEQEKSMYUICLHTSITRQAFRFUNJURJPVKZOUUYSACBFUABUTYWMVAUTLPEEEHPP
IVULUSHBQIDVGOEYKAXXEQUCITRQFFUNRJPVZOUUSACBUABUYMVAUTPEPPHEELWTFYKUJRASTHLIYMSKEFCGFJXDCNGTTTOTUFO
IVULUSHBQIDVGOEYKAXXEQUCITRQFFUNRJPVZOUUSACBUABUYMVAUTPEPPHEELWTFYKUJRASTHLIYMSKEFCGFJXDCNGTTTOTUFO
IVUBEYAXUCITRQFURVCBUBUYMVAUPEEELTFUJSYFCFNTOUOFTTTGCDXJGEKSMILHTARKYWHPPTAASUUOZPJNFQEXKOGVDIQHSUL
TGCDXJGEKSMILHTARKYWHPPTAASUUOZPJNFQEXKOGVDIQHSULTIVUBEYAXUCITRQFURVCBUBUYMVAUPEEELTFUJSYFCFNTOUOFT
TDGEKSMILYTASOZPJNFQXKODSLIUYUCIQRCUMAUELJSCOTFOUTNFFYUFTEEPVYBUBVUFRTXAEBVTUHQIVGEUUAPPHWKRATHJXCG
NFFYUFTEEPVYBUBVUFRTXAEBVTUHQIVGEUUAPPHWKRATHJXCGTTDGEKSMILYTASOZPJNFQXKODSLIUYUCIQRCUMAUELJSCOTFOU
NUTEVYBUBRTXEVQGUAKRHCTKMYSOPJFQXKSIUYQRCUMAULSTFUOOCJEICULDONZATLISEGDTGXJTAWHPPUEVIHUTBAFUVPEFYFF
NUTEVYBUBRTXEVQGUAKRHCTKMYSOPJFQXKSIUYQRCUMAULSTFUOOCJEICULDONZATLISEGDTGXJTAWHPPUEVIHUTBAFUVPEFYFF
YBUBRXVARTKOJFIQALFOJEDOZTAPEVHUTAUVFYFFEPFBIUPHWTJXGTDGESILANLUCICOUTSUMUCRYUSKXQPSYMCHKUGQETVETUN
YBUBRXVARTKOJFIQALFOJEDOZTAPEVHUTAUVFYFFEPFBIUPHWTJXGTDGESILANLUCICOUTSUMUCRYUSKXQPSYMCHKUGQETVETUN
BXVATKOJILFODOZEUTAYFEFIWGGILUCITMCPSYCHQETETUNVGUKMQXKSUYRUUSUOCNALSEDTXJTHPUBPFFVUHVPATEJAQFRRBUY
BXVATKOJILFODOZEUTAYFEFIWGGILUCITMCPSYCHQETETUNVGUKMQXKSUYRUUSUOCNALSEDTXJTHPUBPFFVUHVPATEJAQFRRBUY
TJIFZUTAYFIGCIMCCTGUQXSUYRNALXJTUFVVPJAQFBUYRRETAHUFPBPHTDESCOUSUUKMKVNUTEEQHYSPTULIGWFEEODOLOKAVXB
TJIFZUTAYFIGCIMCCTGUQXSUYRNALXJTUFVVPJAQFBUYRRETAHUFPBPHTDESCOUSUUKMKVNUTEEQHYSPTULIGWFEEODOLOKAVXB
IFUTAYFICICTQNTUFVVJAFBUYAUFBTDESSUKVUTEEQHTLWFEEOOOKXBVALDGIUPSYNMKUUOCHPPHTERRQPJXLARYUSXUGCMGZJT
IFUTAYFICICTQNTUFVVJAFBUYAUFBTDESSUKVUTEEQHTLWFEEOOOKXBVALDGIUPSYNMKUUOCHPPHTERRQPJXLARYUSXUGCMGZJT
IFICTTVVJBUFBTDEUKUTTWFEEOBADGUSYNKUCPPTERQJLARYUUCTJZGMGXSXPRHHOUMPILVXKOOLHQEEVSSAYUFAFUNQICFYATU
IFICTTVVJBUFBTDEUKUTTWFEEOBADGUSYNKUCPPTERQJLARYUUCTJZGMGXSXPRHHOUMPILVXKOOLHQEEVSSAYUFAFUNQICFYATU
IFBFBTEKUTFEOBADGSYNCPTQJLARYUCTGMGXROPIXOOLHEEYUAYTUAFCIQNUFFASSVQKVLMUHHPXSZJUREPUKUEWTUDUJVVTTCI
IFBFBTEKUTFEOBADGSYNCPTQJLARYUCTGMGXROPIXOOLHEEYUAYTUAFCIQNUFFASSVQKVLMUHHPXSZJUREPUKUEWTUDUJVVTTCI
IBUTBANCPTRYUCGGPIXHYUATUCQUFSSVKMPXSZJUKEWDVVCITTJUUTUUPERHHULVQAFNIFAYEELOOORXMTALJQYSGDOEFKETFBF
JUUTUUPERHHULVQAFNIFAYEELOOORXMTALJQYSGDOEFKETFBFTIBUTBANCPTRYUCGGPIXHYUATUCQUFSSVKMPXSZJUKEWDVVCIT
UTUPEHHLVAFNFELOXMTALYSOEFTFBTCPCGIXHYUATCQUFSKMPXSZWVVCITDEKUJVSUPGUYRTNABUITBFEKDGQJROOEYAIQURUUJ
SZWVVCITDEKUJVSUPGUYRTNABUITBFEKDGQJROOEYAIQURUUJXUTUPEHHLVAFNFELOXMTALYSOEFTFBTCPCGIXHYUATCQUFSKMP
WDKUJVSUGUNABIBKDGOOEQUUJXUTPHHLVAFLXMTYOFFCPGIHYCQUSKMPFTAUXCTBTESLAOEFNEURUIAYRJQEFTUTRYPETICVVZS
WDKUJVSUGUNABIBKDGOOEQUUJXUTPHHLVAFLXMTYOFFCPGIHYCQUSKMPFTAUXCTBTESLAOEFNEURUIAYRJQEFTUTRYPETICVVZS
KUJVSUUAIBDGQUJXTHHFXMYOPQKPTUXCBESLAEFERUAYRJETTRYPEVVSZCITUFQIUNOTTAFMSUCYHIGCFFTLAVLPUUEOOKBNGDW
YPEVVSZCITUFQIUNOTTAFMSUCYHIGCFFTLAVLPUUEOOKBNGDWRKUJVSUUAIBDGQUJXTHHFXMYOPQKPTUXCBESLAEFERUAYRJETT
EVITQINFMUHGCFLLUEOOKNGWRSUUABDUXTXYQPTXESLUARJTTEYREFEABCUKPOMFHHJQGIVJUKDBUPVATFIYCSATTOUFUCZSVPY
YREFEABCUKPOMFHHJQGIVJUKDBUPVATFIYCSATTOUFUCZSVPYEEVITQINFMUHGCFLLUEOOKNGWRSUUABDUXTXYQPTXESLUARJTT
REFEABUKPOMFHHJDBUATYCATUUCYIFMUHCLLORSUADTQTESLUAJTTRXPYXXUBUWGNKOEUFGNQTIVEEPVSZFOTSIFVPKUVIGQJCY
JTTRXPYXXUBUWGNKOEUFGNQTIVEEPVSZFOTSIFVPKUVIGQJCYAREFEABUKPOMFHHJDBUATYCATUUCYIFMUHCLLORSUADTQTESLU
JTRXUUWOFNIVEEPVTSPCAREFABUKPMFHDBATUUCIMCLORSUTQTELUSDALHUFYTACYUJHOEYJQGIVUKVFIOFZSTQGUEKNGBXXYPT
ELUSDALHUFYTACYUJHOEYJQGIVUKVFIOFZSTQGUEKNGBXXYPTTJTRXUUWOFNIVEEPVTSPCAREFABUKPMFHDBATUUCIMCLORSUTQ
UAFYCUOYQIUKFOZSQGKNXYTTJRXUUOFTPCAABPFHDBUUCISQTUROLCMTAMKUFERSVPEEVINWTPXBGEUTFIVVGJEHJYATUHLDSLE
UAFYCUOYQIUKFOZSQGKNXYTTJRXUUOFTPCAABPFHDBUUCISQTUROLCMTAMKUFERSVPEEVINWTPXBGEUTFIVVGJEHJYATUHLDSLE
UAUOYQKOSQTTJROFTPCHBUUCQTURLMTMKRSEEINTXBUTVVEHJYUDSELLHTAJGIFEGPWVPVEFUACOSIDFPBAAUUXYXNKGZFUICYF
UAUOYQKOSQTTJROFTPCHBUUCQTURLMTMKRSEEINTXBUTVVEHJYUDSELLHTAJGIFEGPWVPVEFUACOSIDFPBAAUUXYXNKGZFUICYF
AOKOSTOTPHUCULTKEIXVVJYSELLHJGIPWVEAOIDPAAXKICYFUFZGNXYUUBFSCUFPVGEFATDUHETUBTNESRMMRTQUBCFRJTQQYUU
ZGNXYUUBFSCUFPVGEFATDUHETUBTNESRMMRTQUBCFRJTQQYUUFAOKOSTOTPHUCULTKEIXVVJYSELLHJGIPWVEAOIDPAAXKICYFU
UUFSCUFPEFDHETBTNRMMRTJQYUUAKSPKEIXVYSEEAOIAXCYUFIKAPDVWPIGJHLLJVTLUCUHTOTOOFQTRFCBUQSEUUTAGVBYXNGZ
KAPDVWPIGJHLLJVTLUCUHTOTOOFQTRFCBUQSEUUTAGVBYXNGZIUUFSCUFPEFDHETBTNRMMRTJQYUUAKSPKEIXVYSEEAOIAXCYUF
PPTLCHTOTFBUEUGVBGIUSFFDHBTNRMMRQYUUAKSPKEIXSAIACYFUXOEEYVJTTEEPUCFUZNXYATUSQCRQFOTOUUVJLLHJGIWVDAK
PPTLCHTOTFBUEUGVBGIUSFFDHBTNRMMRQYUUAKSPKEIXSAIACYFUXOEEYVJTTEEPUCFUZNXYATUSQCRQFOTOUUVJLLHJGIWVDAK
THTOUEUGIUSFFDBTNRMYUAKSEIYYVJTUFUZNYUQQTUVJLHDKAVWIGJLUOOFRCSTAXCPEETEEOXUFCAIASXKPUQRMHGBVBFTCLPP
THTOUEUGIUSFFDBTNRMYUAKSEIYYVJTUFUZNYUQQTUVJLHDKAVWIGJLUOOFRCSTAXCPEETEEOXUFCAIASXKPUQRMHGBVBFTCLPP
THTOGFTYUASJTUNUQULDAIJRSTAXCPEEOUFXURMBTCLPPFVBGHQPKSAIACXETECFOOULGWVKHJVTQYZUFVYYIEKMRNBDFSUIUEU
THTOGFTYUASJTUNUQULDAIJRSTAXCPEEOUFXURMBTCLPPFVBGHQPKSAIACXETECFOOULGWVKHJVTQYZUFVYYIEKMRNBDFSUIUEU
THTTYUQAJRTACPUFURPBGHPSIXOOLGWVHJVQFYYIRBDFIUEUUSNMKEVUZYTKUFCETECAAKQVFPLCTBMXOEEXSIDLUUNUTJSAFGO
THTTYUQAJRTACPUFURPBGHPSIXOOLGWVHJVQFYYIRBDFIUEUUSNMKEVUZYTKUFCETECAAKQVFPLCTBMXOEEXSIDLUUNUTJSAFGO
THYJPFUPBHPSIOOLWVHJQYYIRIUENKEZYKUECAKQVPBMESDUUNUTJGOFASLIXEOXTCLFAETCFTUVMSUUFDBFVGXGRUCATRAQUTT
UTJGOFASLIXEOXTCLFAETCFTUVMSUUFDBFVGXGRUCATRAQUTTNTHYJPFUPBHPSIOOLWVHJQYYIRIUENKEZYKUECAKQVPBMESDUU
JGOFASLIXETCETFTVUUFDXGRUQUNTJFUPBSILWHIRENKEZYEAQBMESUUDPVKCUKUIYYQJVOOPHPYHTTARTACGVFBSMUCAFLXOTU
JGOFASLIXETCETFTVUUFDXGRUQUNTJFUPBSILWHIRENKEZYEAQBMESUUDPVKCUKUIYYQJVOOPHPYHTTARTACGVFBSMUCAFLXOTU
JGOFSCTTVUDGUNJFUSWHIREKYEEUDVKUUQVOOPTTCFBSMUAFOTUXLCVGARATHYPHJYYIKCPUSMBQAZENLIBPTUQRXFUFETEXILA
JGOFSCTTVUDGUNJFUSWHIREKYEEUDVKUUQVOOPTTCFBSMUAFOTUXLCVGARATHYPHJYYIKCPUSMBQAZENLIBPTUQRXFUFETEXILA
GFCTTVDUNUHIRYUDUUQVPTCFBSMUOTUCVGHYSBENITUQXUTXILAEEFFRPBLZAQMUPCKIYJPYHTARALXFATOOKVEEKEWSFJGUSOJ
AEEFFRPBLZAQMUPCKIYJPYHTARALXFATOOKVEEKEWSFJGUSOJLGFCTTVDUNUHIRYUDUUQVPTCFBSMUOTUCVGHYSBENITUQXUTXI
EFFPLZAQUPIYJTAATOEESFJGUOTVDURDVCBSMOCGHYSNXUXITQUTIEBVUTUFTPQUUUYIHNUTCFGLJSWEKVKOFXLRAHYPKCMBREA
UTIEBVUTUFTPQUUUYIHNUTCFGLJSWEKVKOFXLRAHYPKCMBREAQEFFPLZAQUPIYJTAATOEESFJGUOTVDURDVCBSMOCGHYSNXUXIT
TEBVUTQUUIHNUTGLJSWVFLAHPKMBRAPAQUYTAATOFUOVDVCBXUTIXNSYHGCOMSDRUTGJSEEJIPZLFFEQECYRXOKKEFCYUPTFUIU
TIXNSYHGCOMSDRUTGJSEEJIPZLFFEQECYRXOKKEFCYUPTFUIUUTEBVUTQUUIHNUTGLJSWVFLAHPKMBRAPAQUYTAATOFUOVDVCBX
TIXNYCSTGEZLFQEUPFUIUTUUUSWVAHPKMBRUTATOVBXCDVOUFAYQAPALFJLGTNHIUQTVBEUTYCFKKOXRYCEEFPIJESJURDMOGHS
YQAPALFJLGTNHIUQTVBEUTYCFKKOXRYCEEFPIJESJURDMOGHSATIXNYCSTGEZLFQEUPFUIUTUUUSWVAHPKMBRUTATOVBXCDVOUF
YAPALFGTQVBEUFKKXRYCIJROGATINYCSGEFQUPFITUUSVAHBRUAOBVUFODCXVTTMKPWUUUELZTXSHMDUJSEPFEEOCYTTUIHNLJQ
AOBVUFODCXVTTMKPWUUUELZTXSHMDUJSEPFEEOCYTTUIHNLJQUYAPALFGTQVBEUFKKXRYCIJROGATINYCSGEFQUPFITUUSVAHBR
AOBUVTKPUULZMUSPFOCTTINJQUATUKCGEFFIUBRHAVSUTPUQGSCYNITAORJIYRXKFEBVQGFLPAYLHUYEEEJDHSXTEUWMTXCDOFV
AOBUVTKPUULZMUSPFOCTTINJQUATUKCGEFFIUBRHAVSUTPUQGSCYNITAORJIYRXKFEBVQGFLPAYLHUYEEEJDHSXTEUWMTXCDOFV
VTKSPCTINJACFFIBRSQSCYNITRYXKFEVQLPAYUEEEDHXEWTFVODCXMUTSJYHLFGBRIJOAGUPTUVAHUEGKUTUQTOFUMZLUUPUBOA
VTKSPCTINJACFFIBRSQSCYNITRYXKFEVQLPAYUEEEDHXEWTFVODCXMUTSJYHLFGBRIJOAGUPTUVAHUEGKUTUQTOFUMZLUUPUBOA
TSCNJAFFIBCNIYKFEVLPDHETODXTJLBIOUPTAHUEGUUTFMUBOAUPULZUOQTKVUGAJRGFHYSUMCVFWXEEEUYAQXRTYSQSRCITPKV
TSCNJAFFIBCNIYKFEVLPDHETODXTJLBIOUPTAHUEGUUTFMUBOAUPULZUOQTKVUGAJRGFHYSUMCVFWXEEEUYAQXRTYSQSRCITPKV
TSCAFBCNIYKVHTODTJLBIOPTAGUTMOAUUVUGAJFUMVFXEEEAXTYQSRTKVPICSRQYUWCSYHGRKTQOUZLPBUFUEUHUXEDPLEFIFJN
YQSRTKVPICSRQYUWCSYHGRKTQOUZLPBUFUEUHUXEDPLEFIFJNTTSCAFBCNIYKVHTODTJLBIOPTAGUTMOAUUVUGAJFUMVFXEEEAX
YVPRQUCSGRKTZFUHUXPINTSCAFBNYHTOJBIAUOUUUJMXEEEXAFVUFAGVAMTGTPOLTDVKICTJFFELDEEUUBPLUOQHYWYSCIKTRSQ
VUFAGVAMTGTPOLTDVKICTJFFELDEEUUBPLUOQHYWYSCIKTRSQFYVPRQUCSGRKTZFUHUXPINTSCAFBNYHTOJBIAUOUUUJMXEEEXA
UFAGOLDVKCTFFLEUYSCKTQFVUCSRKFHUPINTCBOIAJMAXEEEXUUUOUBJTHYNFASXUZTGQRPYSRIWYHQOULPBUEDEJITPTTMVGAV
UFAGOLDVKCTFFLEUYSCKTQFVUCSRKFHUPINTCBOIAJMAXEEEXUUUOUBJTHYNFASXUZTGQRPYSRIWYHQOULPBUEDEJITPTTMVGAV
AGVKTFUSCKTKPINTCBMAXEUUUJTHUGPYSWQBUEDEITTGVAVMTPJPLUOHYIRRQTZXSAFNYBOUXEEJAIOUHFRSCUVFQYELFCDLOFU
JPLUOHYIRRQTZXSAFNYBOUXEEJAIOUHFRSCUVFQYELFCDLOFUPAGVKTFUSCKTKPINTCBMAXEUUUJTHUGPYSWQBUEDEITTGVAVMT
PLOHYRRQTXSNYOUXEEAIFRSUFLDOUGVFUKTINTCBMAUUTHUPYSWUITTAMTVVGEDEBQGJUEXPKCSTKAPFLCFEYQVCHUOJBFAZIUJ
WUITTAMTVVGEDEBQGJUEXPKCSTKAPFLCFEYQVCHUOJBFAZIUJSPLOHYRRQTXSNYOUXEEAIFRSUFLDOUGVFUKTINTCBMAUUTHUPY
WITMVGEBQGJCSKAPFLFYVCUJBFAZUSLOHRSYOUEIFRUUUKTIBUUTUPYHAMCTNFVGODLFSAEXNXTQRYPJIOHQECTKPXEUDEVTATU
UTUPYHAMCTNFVGODLFSAEXNXTQRYPJIOHQECTKPXEUDEVTATUUWITMVGEBQGJCSKAPFLFYVCUJBFAZUSLOHRSYOUEIFRUUUKTIB
UUPYMCTNFVODFSAENXQRPIHCKUDEITEBQSKALCFSLOSUEFRUKTIBUUIOYRHUZABJUVYFFPCJGGVMWUUTATVEXPTEQOJYTXLGAHT
IBUUIOYRHUZABJUVYFFPCJGGVMWUUTATVEXPTEQOJYTXLGAHTTUUPYMCTNFVODFSAENXQRPIHCKUDEITEBQSKALCFSLOSUEFRUK
IOYRHUAJVYFPCJGVWUTTVXPOYTTPMTNFVODFSNQRPIHCKUEBQSACFSSUFRKUEOLLKTIEDXEACYUUHAGLXTJQETEAUMGFUBZIUUB
ACFSSUFRKUEOLLKTIEDXEACYUUHAGLXTJQETEAUMGFUBZIUUBSIOYRHUAJVYFPCJGVWUTTVXPOYTTPMTNFVODFSNQRPIHCKUEBQ
FUKEOLLKIEDXEUHXTQEUMGFZUSFPVUXYTPTNFDNIKEBQUCHPRQSFOVMTOPVTTWGJCYVJAUHRYOIBUIBUATEJLGAUYCATURFSSCA
FUKEOLLKIEDXEUHXTQEUMGFZUSFPVUXYTPTNFDNIKEBQUCHPRQSFOVMTOPVTTWGJCYVJAUHRYOIBUIBUATEJLGAUYCATURFSSCA
FUKLXEHQGFVPNFIBQPRQOMOPVTJAHRIBBTJUTURACSSFACYAGLEAUIUOYUJVYCGWTTVFSHCUEKNDTTYXUPFSUZMUETXUDEIKLOE
EAUIUOYUJVYCGWTTVFSHCUEKNDTTYXUPFSUZMUETXUDEIKLOELFUKLXEHQGFVPNFIBQPRQOMOPVTJAHRIBBTJUTURACSSFACYAG
AIUOYJVYTVHEKTTXUPUETXUDKOEKXEQVPNBQRQMOTJHBBTURSSFYAGCACAUTJIRAVPOPIFFGHLUFLLIEUMZSFYDNUCSFTWGCUUE
AIUOYJVYTVHEKTTXUPUETXUDKOEKXEQVPNBQRQMOTJHBBTURSSFYAGCACAUTJIRAVPOPIFFGHLUFLLIEUMZSFYDNUCSFTWGCUUE
YYTVKTTPTXUEEQNQRMOJBSFYACAAAVPPIFGHUFLIUFUFTUEUCGWSCNDYSZMELLFORIJTUCGSRUTBHTQBPVXKOKDEUUXEHVJOUIA
WSCNDYSZMELLFORIJTUCGSRUTBHTQBPVXKOKDEUUXEHVJOUIAGYYTVKTTPTXUEEQNQRMOJBSFYACAAAVPPIFGHUFLIUFUFTUEUC
SCSZELFUSTBHTBPXKOKDEUUXIAGYTVTUEQQROJYACAVIFGHUFFUFTECUUUILPPAAFSBMNEXTPTKYUOJVHEVQURGCTJIROLMYDNW
SCSZELFUSTBHTBPXKOKDEUUXIAGYTVTUEQQROJYACAVIFGHUFFUFTECUUUILPPAAFSBMNEXTPTKYUOJVHEVQURGCTJIROLMYDNW
CSZEFTBPKKDEUXIYTUEQYVFGFFTECIAAFSMNETKUOJVEVUCJDWNYMLORITGRQHYPTXBPPLUUUUFUHIACAJORQTVGAUOXTHBSULS
NYMLORITGRQHYPTXBPPLUUUUFUHIACAJORQTVGAUOXTHBSULSWCSZEFTBPKKDEUXIYTUEQYVFGFFTECIAAFSMNETKUOJVEVUCJD
NMRTQHPBPLUFIAJQTVAUXLSSZTPKKDEUXIYUQYVGFIAFMNTKUVEUJDCVJOESACETFFETBFECWUSBHTOGROACHUUUUPXTYRGIOLY
EUJDCVJOESACETFFETBFECWUSBHTOGROACHUUUUPXTYRGIOLYVNMRTQHPBPLUFIAJQTVAUXLSSZTPKKDEUXIYUQYVGFIAFMNTKU
EOSAEFFETEUHTOGOACUUPXYROYNQHPAUXSZKEXIQYGIAFMKUTNFVUYUDKPTSLAVTQJIFULPBTRMVLIGTUUHRBSWCFBTCEJVCDJU
FVUYUDKPTSLAVTQJIFULPBTRMVLIGTUUHRBSWCFBTCEJVCDJUNEOSAEFFETEUHTOGOACUUPXYROYNQHPAUXSZKEXIQYGIAFMKUT
UUDKPSLQRMVTUSWCTCJCDJNSFTEUACXRHPAEXIYGAFMTUKIQKZSXUQNYOYPUUOGOTHEFEAOEUVEBFBRHUGILTBPLUFIJTVATYVF
SXUQNYOYPUUOGOTHEFEAOEUVEBFBRHUGILTBPLUFIJTVATYVFZUUDKPSLQRMVTUSWCTCJCDJNSFTEUACXRHPAEXIYGAFMTUKIQK
YOYGEUVEBBHGILTBUFIJTVATFUPSQRMSWCDJNFTECXHAIYIQKKUTMFAGXEPRAUSCJTCUTVLKDUZVYLPURFEOAFEHTOOUUPNQUXS
UTMFAGXEPRAUSCJTCUTVLKDUZVYLPURFEOAFEHTOOUUPNQUXSKYOYGEUVEBBHGILTBUFIJTVATFUPSQRMSWCDJNFTECXHAIYIQK
UTFAEPATUVVLPFEAFTOOPNQUSOGUELFIUSQRMWJNFEAIYKQIHXCTDCSPFTAVTJUBTIGHBBVEYYKXUUHEORUYZUDKLTCJCSURXGM
UTFAEPATUVVLPFEAFTOOPNQUSOGUELFIUSQRMWJNFEAIYKQIHXCTDCSPFTAVTJUBTIGHBBVEYYKXUUHEORUYZUDKLTCJCSURXGM
TFPVPFEFPUIQMWNEAIYQIHXCTDSAUBTIHYYXHRYZUKTCJCSUGMXRLDUOEUUKEVBBGJTVTFPCKFJRSUFLEGOSUQNOOTALVUTAEAU
TFPVPFEFPUIQMWNEAIYQIHXCTDSAUBTIHYYXHRYZUKTCJCSUGMXRLDUOEUUKEVBBGJTVTFPCKFJRSUFLEGOSUQNOOTALVUTAEAU
TVPFFPMEIQXUIHUCCGMXLUOEUKEGJTTFPCFJRFLEGQOOTALVUAEUATNUSOUSKVBBVUDRUSJTKZYRXYYHTBASDTCHIYANWQIUEPF
TVPFFPMEIQXUIHUCCGMXLUOEUKEGJTTFPCFJRFLEGQOOTALVUAEUATNUSOUSKVBBVUDRUSJTKZYRXYYHTBASDTCHIYANWQIUEPF
FFQICCGMUOEKEGFRFQOTVAEUTUVBVDRUZYXYYHASCHIYAIEPFUQWNTDBTRKTJSUBKSOSUNAULAOGELJCPFTTJULXUHUXIEMPPVT
FFQICCGMUOEKEGFRFQOTVAEUTUVBVDRUZYXYYHASCHIYAIEPFUQWNTDBTRKTJSUBKSOSUNAULAOGELJCPFTTJULXUHUXIEMPPVT
FCGOEAUTVDZYXYAIEFUNDBTRSKSOULGELCFTJLXPPVTMEIXUHUUTPJOAANUSBUJTKTWQPYIHCSAHYURBVUEVTOQFRFGEKUMCIQF
UTPJOAANUSBUJTKTWQPYIHCSAHYURBVUEVTOQFRFGEKUMCIQFUFCGOEAUTVDZYXYAIEFUNDBTRSKSOULGELCFTJLXPPVTMEIXUH
UTPJAANBUJKYIHYRBUVOQFRIFFCAUZANTRSELTXPVTMIXUHEPLJFCGLUOKSBDUFEIYXYDVTEOGUQCMUKEGFTEVUHASCPQWTTSUO
UTPJAANBUJKYIHYRBUVOQFRIFFCAUZANTRSELTXPVTMIXUHEPLJFCGLUOKSBDUFEIYXYDVTEOGUQCMUKEGFTEVUHASCPQWTTSUO
UJNKHRUVOIFAZTSELTXTMXUEPLJCGLOKSBEIXYDVTGUQCMKFEUHSQTSOUTWPCAVTGEUOEYFUDUFHIVPRNAUCFRFQBYIYJUBAAPT
HSQTSOUTWPCAVTGEUOEYFUDUFHIVPRNAUCFRFQBYIYJUBAAPTUUJNKHRUVOIFAZTSELTXTMXUEPLJCGLOKSBEIXYDVTGUQCMKFE
QOUCAVTEUOEUFIVRNAUCYJUBAAPTHVFZSTMUEJCGSBDTUQMEFKCGVYXIEKOLLPXXTLETAIOURKNJUUIYBQFRFPHDUFYGPWTSTSH
QOUCAVTEUOEUFIVRNAUCYJUBAAPTHVFZSTMUEJCGSBDTUQMEFKCGVYXIEKOLLPXXTLETAIOURKNJUUIYBQFRFPHDUFYGPWTSTSH
OUCTEUIVRNAUCUAATFTEJGDTUEFKCVIKOLXXLAURKJUUBFRFPHYGPWSHSTTFUDQYINOITETPLEXYGMQBSCUMSZVHPBJYFEOUVAQ
OUCTEUIVRNAUCUAATFTEJGDTUEFKCVIKOLXXLAURKJUUBFRFPHYGPWSHSTTFUDQYINOITETPLEXYGMQBSCUMSZVHPBJYFEOUVAQ
OCEUINACAFTGDTUEFKIKLXXLARKRHYPWSTTYINOITEPXGQSCMSZVPJFOAQVUEYBHUBMYELTQDUFSHGPFFBUUJUOVCJETAUURVTU
ZVPJFOAQVUEYBHUBMYELTQDUFSHGPFFBUUJUOVCJETAUURVTUSOCEUINACAFTGDTUEFKIKLXXLARKRHYPWSTTYINOITEPXGQSCM
ZVPFAVUEYBMYELQHGFUUJVUUVUUIATGTEFKIXLKRYPWTYIESCMQGXPTONITSHRAXLKUDFACNECOSTRATEJCOUBFPSFUDTBUHQOJ
ZVPFAVUEYBMYELQHGFUUJVUUVUUIATGTEFKIXLKRYPWTYIESCMQGXPTONITSHRAXLKUDFACNECOSTRATEJCOUBFPSFUDTBUHQOJ
ZAVEMYLHGUUUVUUTGTFKLRTYIESILFNEOTJFSUOJQHBTDUFPBUOCEARTSCCADUKXARHSTNOTPXGQMCWPYKXIEAIUVJFQEBYUFPV
ZAVEMYLHGUUUVUUTGTFKLRTYIESILFNEOTJFSUOJQHBTDUFPBUOCEARTSCCADUKXARHSTNOTPXGQMCWPYKXIEAIUVJFQEBYUFPV
ZAVMLGUUVUUTTFLRSFTSOJQHBTUPBOCETSCXRTNOTXQWPKIEAUVFEBYUFVPQJIXYCMGPSHAKUDACRAUFDUFJOENLIEIYTKGUHYE
VFEBYUFVPQJIXYCMGPSHAKUDACRAUFDUFJOENLIEIYTKGUHYEUZAVMLGUUVUUTTFLRSFTSOJQHBTUPBOCETSCXRTNOTXQWPKIEA
FEBUFPYMGSAKUARAUDUJOLIEIYGUYUVMGUUVTTFSSOQHBTBOCTSXTNOTXAEIKPWQRCEPUJTFRLUULAZEHKTNEFFCDHPCXIJQVYV
FEBUFPYMGSAKUARAUDUJOLIEIYGUYUVMGUUVTTFSSOQHBTBOCTSXTNOTXAEIKPWQRCEPUJTFRLUULAZEHKTNEFFCDHPCXIJQVYV
EFPSAKUARDJIEYGMUTTOQTBTSXTXAIEUJTFRULAEHTFFCDHPCXJYVVQIENKZULPCRQWPKETONCOBHSSFVUGVUYUILOUUAGMYUBF
JYVVQIENKZULPCRQWPKETONCOBHSSFVUGVUYUILOUUAGMYUBFXEFPSAKUARDJIEYGMUTTOQTBTSXTXAIEUJTFRULAEHTFFCDHPC
YVICRPOCOBSFVGVUYLOGMYUXPDIGMUTQTBTAIEJTRUEHFCDHPCFTALFUXXSTOTYEJRAUKASFEFBAUUIUUSHNTEKWQPLUZKNEQVJ
YVICRPOCOBSFVGVUYLOGMYUXPDIGMUTQTBTAIEJTRUEHFCDHPCFTALFUXXSTOTYEJRAUKASFEFBAUUIUUSHNTEKWQPLUZKNEQVJ
YVIPOSVVLGMUDUQTAETREHFCDTFXTOEUKABAUUUHNTWQZNQVJEKULPKESUIFEFSARJYTSXULAFCPHUJITBTMGIPXYOYUGFBCORC
YVIPOSVVLGMUDUQTAETREHFCDTFXTOEUKABAUUUHNTWQZNQVJEKULPKESUIFEFSARJYTSXULAFCPHUJITBTMGIPXYOYUGFBCORC
VPSMUDQAETETKABAUUNTWNVJUPESUFEFRTSUPJITGYUFBRCOCGYOXPIMBTUHCFALXYJASIKLKEQZQHUUEOTXFDCFHRTUGLVVOIY
YOXPIMBTUHCFALXYJASIKLKEQZQHUUEOTXFDCFHRTUGLVVOIYGVPSMUDQAETETKABAUUNTWNVJUPESUFEFRTSUPJITGYUFBRCOC
XPTCFYASKLKEOTDCFVVIYGVPSMEEKBAUUJUPESFFRSUPIYUFBCOCRGTJTEUVNWTNATTAQDUOLGUTRHFXEUUHQZQIJXLAHUBMIOY
XPTCFYASKLKEOTDCFVVIYGVPSMEEKBAUUJUPESFFRSUPIYUFBCOCRGTJTEUVNWTNATTAQDUOLGUTRHFXEUUHQZQIJXLAHUBMIOY
PCFYLEOTCVVVMKBAUUPESFFRSPBTJTVNWTNATOLGHFXQQJXAHMOYIBULIZHUUERTUUDQATUEGRCOCFUYIUJUEESPGYIFDKKSATX
PCFYLEOTCVVVMKBAUUPESFFRSPBTJTVNWTNATOLGHFXQQJXAHMOYIBULIZHUUERTUUDQATUEGRCOCFUYIUJUEESPGYIFDKKSATX
PCFYETVKBAUUPERSPVWTNAOLGHFXXAHOBUZHTUUQAEGRCFUIJESPGYIDKSAXTKFEUUYCOUTDREUUILIYMJQQTNTJTBFFSMVVCOL
PCFYETVKBAUUPERSPVWTNAOLGHFXXAHOBUZHTUUQAEGRCFUIJESPGYIDKSAXTKFEUUYCOUTDREUUILIYMJQQTNTJTBFFSMVVCOL
PYTBAUUERPVWAOLHFXXTUERCFUIEPDKTEUUYUTREUILIMJTTBFSVCOLVMFJTNQQYUDOCFKXASIYGSJGAQUHZUBOHAGNTSPKVEFC
PYTBAUUERPVWAOLHFXXTUERCFUIEPDKTEUUYUTREUILIMJTTBFSVCOLVMFJTNQQYUDOCFKXASIYGSJGAQUHZUBOHAGNTSPKVEFC
TUUERWAOLFXUECIEPTUYUTEUIIMJTBVCOLVFJTQQUCKXSIYGJAGNTSPKCFEVAHOBUZHUQGSAFODYNMSFTLRUEKDUFRTXHVPABYP
GNTSPKCFEVAHOBUZHUQGSAFODYNMSFTLRUEKDUFRTXHVPABYPATUUERWAOLFXUECIEPTUYUTEUIIMJTBVCOLVFJTQQUCKXSIYGJ
NTCVBZQGSAFYNMFDUFHYATURAXUECIEUTEIMJTBVOFJTKXJGYISCUQQVLCIUYUTPFLOWEUPBAPVXTRKEURLTSDOUHUOHAEFKPSG
NTCVBZQGSAFYNMFDUFHYATURAXUECIEUTEIMJTBVOFJTKXJGYISCUQQVLCIUYUTPFLOWEUPBAPVXTRKEURLTSDOUHUOHAEFKPSG
NTCVBZQGSAYNFDUFHYATRAXUECEMJFJTKJICUQQVLCIULOWPBTRLDUOAEFGSPKHHUOSTUEKRXVPAUEFPTUYSYGXOVBTIETUIUMF
NTCVBZQGSAYNFDUFHYATRAXUECEMJFJTKJICUQQVLCIULOWPBTRLDUOAEFGSPKHHUOSTUEKRXVPAUEFPTUYSYGXOVBTIETUIUMF
TCVGANFTRUCEMFTJCQQLCIULPTLDUOEKHHUTRPFUSGXVBTIUMFUITEOYYTPEUAVXKEUSOPSGFARBWOVUIKJJEXAAYHUDFYSQZBN
UITEOYYTPEUAVXKEUSOPSGFARBWOVUIKJJEXAAYHUDFYSQZBNFTCVGANFTRUCEMFTJCQQLCIULPTLDUOEKHHUTRPFUSGXVBTIUM
ITYYPEAVKSOSFAOUJJXAYDYZBNFTVANRUCTJCQLLTLUTRSXTIUMBVGUFPHHKEOUDPUICQFMETFGCQSFUHAEKIVWBRGPUEXUTOEU
MBVGUFPHHKEOUDPUICQFMETFGCQSFUHAEKIVWBRGPUEXUTOEUUITYYPEAVKSOSFAOUJJXAYDYZBNFTVANRUCTJCQLLTLUTRSXTI
MBVPHHKUPCQETFCSUHEVWBRGPTEUIYPEVKSAJJYDYBFTNRUCJCQLLRITXSTULTTAVNZAXUOFOSAYTUOUXEUIKAFQGMFIUDOEFUG
QLLRITXSTULTTAVNZAXUOFOSAYTUOUXEUIKAFQGMFIUDOEFUGCMBVPHHKUPCQETFCSUHEVWBRGPTEUIYPEVKSAJJYDYBFTNRUCJ
QLLUTANAUSAUXEIAFQGMIUEFUGMBPHHKUPQETCHEWBGTEIYKSJDYNRUJCTFBYJAVEPUPRVUSFCVCODFKUOUTYOFOXZVTLTSXTIR
QLLUTANAUSAUXEIAFQGMIUEFUGMBPHHKUPQETCHEWBGTEIYKSJDYNRUJCTFBYJAVEPUPRVUSFCVCODFKUOUTYOFOXZVTLTSXTIR
UTNASAUIFQGUEBHPTHEYKSJDNRUJTFBYJVPPUUOTYFOXZLTSXTIRTVOUKFDOCVCFSVRUEACYIETGBWCEQUKHPMGUFIMAEXUALLQ
UTNASAUIFQGUEBHPTHEYKSJDNRUJTFBYJVPPUUOTYFOXZLTSXTIRTVOUKFDOCVCFSVRUEACYIETGBWCEQUKHPMGUFIMAEXUALLQ
UNQGUHTHEKSDNRFBVZTSIOFDCFVRUCYETGWCEQKPGFMEULQLAXAIUMHUBIAESVCOKUVTRTXLXOFYTOUUPPJYTJUJYPBEFIUASAT
UNQGUHTHEKSDNRFBVZTSIOFDCFVRUCYETGWCEQKPGFMEULQLAXAIUMHUBIAESVCOKUVTRTXLXOFYTOUUPPJYTJUJYPBEFIUASAT
THKDNRFBVZTORCQKPGFULLXIUBIECOVRTXLOYUUJYUJPBEFUASATIYJTPPOTFXTUKVSAHMUAAQEMEWGTEYCUVFCDFISSEHUGQNU
THKDNRFBVZTORCQKPGFULLXIUBIECOVRTXLOYUUJYUJPBEFUASATIYJTPPOTFXTUKVSAHMUAAQEMEWGTEYCUVFCDFISSEHUGQNU
HKDNZORCQGXIBIECRLOYUJUPBEFASYPTFXTUKAQEMEEYVCFUNQGUHESSIDFUCTGWAAUMHSVOPTJITAUJYUXTVOULLUFPKTVBFRT
GUHESSIDFUCTGWAAUMHSVOPTJITAUJYUXTVOULLUFPKTVBFRTQHKDNZORCQGXIBIECRLOYUJUPBEFASYPTFXTUKAQEMEEYVCFUN
HSUTMVOPTTAUUXULLFBFRQHDNZORCQXICLOYUPEFASYXKQEEYUNFCVMEAUTFTPBJUREIBGKTVTKPUOVTYJIJSHUAAWGCFDISEUG
HSUTMVOPTTAUUXULLFBFRQHDNZORCQXICLOYUPEFASYXKQEEYUNFCVMEAUTFTPBJUREIBGKTVTKPUOVTYJIJSHUAAWGCFDISEUG
HSUTXLLBFQZORCICLOYASYEYUVMAFTBURIGTOVYISHAGCDEUGSIFWAUJJTUPKVTKBEJPTUECFNEQKXFEPUXQNDHRFUUUATPOVMT
IFWAUJJTUPKVTKBEJPTUECFNEQKXFEPUXQNDHRFUUUATPOVMTSHSUTXLLBFQZORCICLOYASYEYUVMAFTBURIGTOVYISHAGCDEUG
IFJJTPVTJPUECFNKXFEUHRUTOTSSLBFQZORILYYFRIGCDEGUGAHSIYVOTUBTAMVUEYSAOCCLXTUHMVPAUUFDNQXPQETEBKKUUAW
HSIYVOTUBTAMVUEYSAOCCLXTUHMVPAUUFDNQXPQETEBKKUUAWAIFJJTPVTJPUECFNKXFEUHRUTOTSSLBFQZORILYYFRIGCDEGUG
HSYOBTAUSOHPUUDXQETEBAWIFJJTPPUCFNKFEUHUTLBFZRILYYIGEUGGDCRFOQSSOTRXEJTVAUUKKPQNFAVMUTXLCCAYEVMUTVI
HSYOBTAUSOHPUUDXQETEBAWIFJJTPPUCFNKFEUHUTLBFZRILYYIGEUGGDCRFOQSSOTRXEJTVAUUKKPQNFAVMUTXLCCAYEVMUTVI
HOBTAUHUUXQTEBAWJUFHLLYDCFQSJTAKKNAVMXLCYEVUTIVMACTUFQPUUVEXRTOSORGGUEGIYIRZFBTUUEKNFCPPTJFIEDPOSYS
HOBTAUHUUXQTEBAWJUFHLLYDCFQSJTAKKNAVMXLCYEVUTIVMACTUFQPUUVEXRTOSORGGUEGIYIRZFBTUUEKNFCPPTJFIEDPOSYS
HBAHUUTJFLSJAKKAVCIACUFQUUXRTORUEYFTUKNPTIESSYOPDFJPCFEUBZRIIGGGOSEVPTMVTUVEYLXMNTQFCDYLHUWABEQXUTO
HBAHUUTJFLSJAKKAVCIACUFQUUXRTORUEYFTUKNPTIESSYOPDFJPCFEUBZRIIGGGOSEVPTMVTUVEYLXMNTQFCDYLHUWABEQXUTO
HAHUUTFLKKVCCUQUXTUYNPTDFPCURIGTMEYMNTYLUBEXOTUQAWHDCFQXLVUTVPVESOGGIZBEFJPOYSSEIKUTFERORUFAIAAJSJB
HAHUUTFLKKVCCUQUXTUYNPTDFPCURIGTMEYMNTYLUBEXOTUQAWHDCFQXLVUTVPVESOGGIZBEFJPOYSSEIKUTFERORUFAIAAJSJB
HHTFKVQTUPPTETYUEXOQAWDFQXVVOIEFPOSSKUERRFAIAJBJSAUOFTIEYJBZGGSEPTUVLCHUTBLNMYMGIRUCFDTNYXUUCCKLUUA
HHTFKVQTUPPTETYUEXOQAWDFQXVVOIEFPOSSKUERRFAIAJBJSAUOFTIEYJBZGGSEPTUVLCHUTBLNMYMGIRUCFDTNYXUUCCKLUUA
HHFKQTTETQAWFXVIFPSUERRFIBUOJGSETUVLCHBLYIUYXUCCLAUUKUNTDFCRGMMNTUPGZBYEITFASJJAAKSOEOVQDOXEUYPPUVT
HHFKQTTETQAWFXVIFPSUERRFIBUOJGSETUVLCHBLYIUYXUCCLAUUKUNTDFCRGMMNTUPGZBYEITFASJJAAKSOEOVQDOXEUYPPUVT
HKQTTETAVIPURFBUUCIUYXCLAUNDCMMUPBYIFJAEOVXUYPPVTUEODQOSKAJSATEZGTNGRFTUKUCUYLBHLVTESGJOIRESFXFWQFH
HKQTTETAVIPURFBUUCIUYXCLAUNDCMMUPBYIFJAEOVXUYPPVTUEODQOSKAJSATEZGTNGRFTUKUCUYLBHLVTESGJOIRESFXFWQFH
QTAPFBUCIUXLNCMMPBFJOVUYPPVUEOAJSAEGNUCULHEOSFFQFHWXERIJGSTVLBYKUTFRGTZTKSOQDTXEAIYUDUACYURUIVTETKH
QTAPFBUCIUXLNCMMPBFJOVUYPPVUEOAJSAEGNUCULHEOSFFQFHWXERIJGSTVLBYKUTFRGTZTKSOQDTXEAIYUDUACYURUIVTETKH
BIUCMBJUYPPEOAEUCLESFQFWXEJTKUTGTOQDTEAIYDUACRTTKHEVIUUYUXSKTZRFYBLVSGIRHFOHUNGSJAUVVOFPMNLXCUFPATQ
EVIUUYUXSKTZRFYBLVSGIRHFOHUNGSJAUVVOFPMNLXCUFPATQHBIUCMBJUYPPEOAEUCLESFQFWXEJTKUTGTOQDTEAIYDUACRTTK
EVIUUYUXSKTZRFYBLVSGIRHFOHUNGSJAUVVOFPMNLXCUFPATQHBIUCMBJUYPPEOAEUCLESFQFWXEJTKUTGTOQDTEAIYDUACRTTK
