
NYEWUMYUQUKVEUFELYMYGCVUQDKXZJQLJHVIQKFEJKZWDBQETLFDISTYPKYFCWEVQGSJSKAKNKUUGOKJSJHUWNBYQHOGNBQBWGY
NYEWUMYUQUKVEUFELYMYGCVUQDKXZJQLJHVIQKFEJKZWDBQETLFDISTYPKYFCWEVQGSJSKAKNKUUGOKJSJHUWNBYQHOGNBQBWGY
YEUMYUEUFLMYGVUDZQJHIQKFEJKDBETFDTPKFWEQSKUUGOSJWNBYQOGNBQYGWBHUHJKNKAKJSGVCYYSILQWZVLJXKQCYEVKQUWN
YEUMYUEUFLMYGVUDZQJHIQKFEJKDBETFDTPKFWEQSKUUGOSJWNBYQOGNBQYGWBHUHJKNKAKJSGVCYYSILQWZVLJXKQCYEVKQUWN
YMEUFMGZQJHIQFBETFDFWQSUOWNGQYGHKASVCYLQWXQCNWUQKVEYKJLVZISYGJKKNJHUBWBNOQYBJSGUKEKPTDKJEKDUVYLUYUE
EYKJLVZISYGJKKNJHUBWBNOQYBJSGUKEKPTDKJEKDUVYLUYUEVYMEUFMGZQJHIQFBETFDFWQSUOWNGQYGHKASVCYLQWXQCNWUQK
EJLSJNHBNOBJSGKPKJKVLUYYFMQJIEFDWQSWNQYACLQWNWQKUCQXYVSKHGGOUFTBFQHZGUEMVEUYUDEDTEKUYQBWUJKKGYIZVKY
QXYVSKHGGOUFTBFQHZGUEMVEUYUDEDTEKUYQBWUJKKGYIZVKYCEJLSJNHBNOBJSGKPKJKVLUYYFMQJIEFDWQSWNQYACLQWNWQKU
VSHGTQHGEVEUUEKQWKYIVCELJHNOSGKPJLYFMIDWSWNQLKUQWNWQCAYQFEJQYUVKKJBBNSJYKZGKJUBYUTDEDYMUZFBFUOGKYXQ
WQCAYQFEJQYUVKKJBBNSJYKZGKJUBYUTDEDYMUZFBFUOGKYXQNVSHGTQHGEVEUUEKQWKYIVCELJHNOSGKPJLYFMIDWSWNQLKUQW
WCAEUVKJBSJZGKUTDEYFBUOGKXQTHEVUKHGPLYFMISNQUQWKLWWDJKSONJLECVIYKWQEUEGQGHSVNYFZUMDYBUJKYNBKYQJFQYQ
WDJKSONJLECVIYKWQEUEGQGHSVNYFZUMDYBUJKYNBKYQJFQYQWWCAEUVKJBSJZGKUTDEYFBUOGKXQTHEVUKHGPLYFMISNQUQWKL
DOECIKWQHNYUMBUYNBKYJFYQWEUKJBSDEFGQHVUKHLYMISNQQLKWUFPGETXKOUBYTUKGZJVACWQQKJYDZFVSGGEUEQYVLJNSKJW
KWUFPGETXKOUBYTUKGZJVACWQQKJYDZFVSGGEUEQYVLJNSKJWLDOECIKWQHNYUMBUYNBKYJFYQWEUKJBSDEFGQHVUKHLYMISNQQ
WUFPETXBYTZVCWQKDFSGEYLJNKJDOEIKWQYUMBYBKFYQEUSFQKYMQQNSILHUVHGEDBJKWJYNUNHCLWSVQUEGVZYJQAJGKUUOKGK
WUFPETXBYTZVCWQKDFSGEYLJNKJDOEIKWQYUMBYBKFYQEUSFQKYMQQNSILHUVHGEDBJKWJYNUNHCLWSVQUEGVZYJQAJGKUUOKGK
WFETXYTZVKDGLJNQYMBKFYUFQKYMQNIHUHJWJYNUCLWQEGYJGUOGKKUKAQJZVUVSHNKBDEGVLSQSEQYBUWKIEODJKYESFQWCBPU
WFETXYTZVKDGLJNQYMBKFYUFQKYMQNIHUHJWJYNUCLWQEGYJGUOGKKUKAQJZVUVSHNKBDEGVLSQSEQYBUWKIEODJKYESFQWCBPU
WTXYTZVKDGLNYFYUKYMQNIHUHJWJYNULQEGJGUOUKAQJZVSHNKBDGEQYBUKIEDJKYEFQCPUBWSOWSQSLVEVUKKGYWCQFKBMQJEF
WTXYTZVKDGLNYFYUKYMQNIHUHJWJYNULQEGJGUOUKAQJZVSHNKBDGEQYBUKIEDJKYEFQCPUBWSOWSQSLVEVUKKGYWCQFKBMQJEF
YTKDYUKYMNIWNUQEGAQSNDEQYBKDKYQPUSOWSQSEUKYWCQQJFEMBKFGKVVLWBCFEJEIUGBKHVZJKUOUJGLYJJHUHQFYNLGVZXTW
MBKFGKVVLWBCFEJEIUGBKHVZJKUOUJGLYJJHUHQFYNLGVZXTWEYTKDYUKYMNIWNUQEGAQSNDEQYBKDKYQPUSOWSQSEUKYWCQQJF
KFGKVVLBCFEUKJKUJYJHQYNLVXTWEDEAQEYBKDKYQPUSOEUYWCQFJQKSQSWQDNSGQUNWINMYKUYKTYZGFUHJLGOUZVHBGIEJWBM
QFJQKSQSWQDNSGQUNWINMYKUYKTYZGFUHJLGOUZVHBGIEJWBMCKFGKVVLBCFEUKJKUJYJHQYNLVXTWEDEAQEYBKDKYQPUSOEUYW
FJQKSQSNQNIKTHJLZHIJWBMKFKVLBCFUKJKUYJVTEBDUUYWEOSPQYKKYEQADEWXLNYQHJEVGCEGBVUOGUFGZYKYUYMNWUGSDQWQ
FJQKSQSNQNIKTHJLZHIJWBMKFKVLBCFUKJKUYJVTEBDUUYWEOSPQYKKYEQADEWXLNYQHJEVGCEGBVUOGUFGZYKYUYMNWUGSDQWQ
QSQITHJZHIWFVLCFUKJVTUUYSPYKKEQEJVBOGUYKYNDQWQSGUWMYUZGFUVGECGEHQYNLXWDAYQOEWDBEJYUKBKKMBJLKNNSQKJF
QSQITHJZHIWFVLCFUKJVTUUYSPYKKEQEJVBOGUYKYNDQWQSGUWMYUZGFUVGECGEHQYNLXWDAYQOEWDBEJYUKBKKMBJLKNNSQKJF
SQIWVLKUUPYKGUYYNQQUMZGUGQYWDEWBUKBKMBJNSQKFJNKLKYJEDOQYAXLNHECEGVFUYWGSWDKOBVJEQEKSYTVJUFCFIHZJHTQ
JEDOQYAXLNHECEGVFUYWGSWDKOBVJEQEKSYTVJUFCFIHZJHTQYSQIWVLKUUPYKGUYYNQQUMZGUGQYWDEWBUKBKMBJNSQKFJNKLK
JYALNHCEGFSKOJEEKTUFIHZJTQYQLUPKQMZGDUKMBNQKJNLKKFSJKBBWEWYQGUUQNYYUGYUKVWISHFCJVYSQVBDWGWYUVEXQODE
SJKBBWEWYQGUUQNYYUGYUKVWISHFCJVYSQVBDWGWYUVEXQODEFJYALNHCEGFSKOJEEKTUFIHZJTQYQLUPKQMZGDUKMBNQKJNLKK
BBWWQUYGYUKVSHVYSBWYUQODJHCEFKETTYUPKZDBQJNKKLKNMKUGMQLQQJZHIFUKEJOSGNLAYFEXEVWGDVQJCFIWUYNQUGYEKJS
UGMQLQQJZHIFUKEJOSGNLAYFEXEVWGDVQJCFIWUYNQUGYEKJSKBBWWQUYGYUKVSHVYSBWYUQODJHCEFKETTYUPKZDBQJNKKLKNM
UQJZIFKJGYFXEGVJCFUYNQJBBWUYUKSWUDJHEFKETTZQJKLKNMKNBDKPUYCOQYBSYVHVYGQWKSKEYGUWIQDWVEALNSOEUHQLQMG
UQJZIFKJGYFXEGVJCFUYNQJBBWUYUKSWUDJHEFKETTZQJKLKNMKNBDKPUYCOQYBSYVHVYGQWKSKEYGUWIQDWVEALNSOEUHQLQMG
QFJXVJUYNBBUKSWDJFTLKMKBDYQYSVHYGQKKUDWELNOUQMGQLHESAVQIWGYESWVYBOCUPKNNKJQZTEKEHUYUWJQFCGEFYGKIZJU
QFJXVJUYNBBUKSWDJFTLKMKBDYQYSVHYGQKKUDWELNOUQMGQLHESAVQIWGYESWVYBOCUPKNNKJQZTEKEHUYUWJQFCGEFYGKIZJU
JJYBBWTKMYVYGQKUWELNUQSVIWGEWVBPKNKJQTKEUYUWCGEFYKIZJUGFQJHEZNUCOYSYQAEHLQGMODKHSYQDBKLFJDSKUNUVXFQ
IZJUGFQJHEZNUCOYSYQAEHLQGMODKHSYQDBKLFJDSKUNUVXFQKJJYBBWTKMYVYGQKUWELNUQSVIWGEWVBPKNKJQTKEUYUWCGEFY
IJQHNCOEHLYKSNUFQKYBWTMYVGQKUWESIGEWBPKNYWCGFYEUUEKTQJKVWVQUNLYKBJJXVUKDJFLBDQSHKDOMGQAQYSYUZEJFGUZ
KTQJKVWVQUNLYKBJJXVUKDJFLBDQSHKDOMGQAQYSYUZEJFGUZEIJQHNCOEHLYKSNUFQKYBWTMYVGQKUWESIGEWBPKNYWCGFYEUU
KJKWLYKVUKJLQOMGQYSYUEJFGZJQNOYSNQBWTKUWESIEPNCGUUEYFWYKBWGQGVYMYKFUKLHECHIEUZAQDKHSDBFDXJJBNUQVVQT
KJKWLYKVUKJLQOMGQYSYUEJFGZJQNOYSNQBWTKUWESIEPNCGUUEYFWYKBWGQGVYMYKFUKLHECHIEUZAQDKHSDBFDXJJBNUQVVQT
KJKKOSUZYQBWESIEPCGUEYGYMKFULECHEAQDSDBFDJJNUVQTVQBXHKZUIHKYVGQWBKYWFUNUKTWNSONQJGFJEYYQGMQLJUVYLWK
KJKKOSUZYQBWESIEPCGUEYGYMKFULECHEAQDSDBFDJJNUVQTVQBXHKZUIHKYVGQWBKYWFUNUKTWNSONQJGFJEYYQGMQLJUVYLWK
KKSUZYQBWEEPCUYYUECAQDFDJJNVQTVQKUHKGWTNSNGFJQYWKLVUJLQMGYYEJQOWKUNUFYKBWQVYIZHXBUBSDEHLFKMGEGISOJK
VUJLQMGYYEJQOWKUNUFYKBWQVYIZHXBUBSDEHLFKMGEGISOJKLKKSUZYQBWEEPCUYYUECAQDFDJJNVQTVQKUHKGWTNSNGFJQYWK
LQYQOWUYWVZHXEFMESUZYWEPDFDJNVQTQKGTJQWKYFGNSNWHUKVJQACEUYYUCEBQKKLKJOSIGGKLHDSBUBIYQBKFUNKJEYGMJUV
VJQACEUYYUCEBQKKLKJOSIGGKLHDSBUBIYQBKFUNKJEYGMJUVKLQYQOWUYWVZHXEFMESUZYWEPDFDJNVQTQKGTJQWKYFGNSNWHU
JQACYCKKJIGHUBKFUKEGJUVLQYQWUHEMESWEPFDJVTGTJKGNSNHUWFYWQKQQNDYZUFXZVWYOKMYJNQYIBBSDLKGSOKLQBEUYUEV
JQACYCKKJIGHUBKFUKEGJUVLQYQWUHEMESWEPFDJVTGTJKGNSNHUWFYWQKQQNDYZUFXZVWYOKMYJNQYIBBSDLKGSOKLQBEUYUEV
CJGUUKELYWHMEWPFDVTGJGNHUWWKQDYZUXZWYBBSLKSOLQBUEVUYEKGDIQNJYMKOYVFNQQYFSNKTJESEUQQVUJGFKBHIKKYCAQJ
CJGUUKELYWHMEWPFDVTGJGNHUWWKQDYZUXZWYBBSLKSOLQBUEVUYEKGDIQNJYMKOYVFNQQYFSNKTJESEUQQVUJGFKBHIKKYCAQJ
LWEWPGWQZUXZYBSKBUVGIQOYYNTJEUQVUJKBHIKQJACYKFGQESKSFQQNFVKMYJNDKEYUEQLOSLBWYDKWUHNJGTVDFMHYEKUUGJC
KSFQQNFVKMYJNDKEYUEQLOSLBWYDKWUHNJGTVDFMHYEKUUGJCSLWEWPGWQZUXZYBSKBUVGIQOYYNTJEUQVUJKBHIKQJACYKFGQE
KFKNDYUEQOBYWHNJTVDFMEUUJCLPGWZXYUVGQOEUQJKBHIKKFQEGYCAJQUVJTNYYIBKSBZUQWEWSGKYHGUKDWLSLEKJYMVFNQQS
KFKNDYUEQOBYWHNJTVDFMEUUJCLPGWZXYUVGQOEUQJKBHIKKFQEGYCAJQUVJTNYYIBKSBZUQWEWSGKYHGUKDWLSLEKJYMVFNQQS
FNDYUQWNTVFMUJPXVQOEUJBKEGCJQVTNYYBKSBQWEWSHDKSQQNFVMYJELSLWKUGYKGUZIJUAYQFKIHKQGUYZWGLCUEDJHYBOEKK
FNDYUQWNTVFMUJPXVQOEUJBKEGCJQVTNYYBKSBQWEWSHDKSQQNFVMYJELSLWKUGYKGUZIJUAYQFKIHKQGUYZWGLCUEDJHYBOEKK
NDYUTVFUJXVOEJKECNBKBEHDSQQNVYSLKUGYKZIJAYIQGYLCDYBKKEOHJEUGWZUKHKFQUUGWLEJMFKSWWQSYYTVQJGBUQPMNWQF
NDYUTVFUJXVOEJKECNBKBEHDSQQNVYSLKUGYKZIJAYIQGYLCDYBKKEOHJEUGWZUKHKFQUUGWLEJMFKSWWQSYYTVQJGBUQPMNWQF
DYUVOJECNBHDQNLKUGYZJIQGYCDKEOJGWZUHKUEJFWQVGBUQNWQFMPJQTYYSWSKMLWGUQFKUEHKBYLYAIKSYVQSEKBKEVXJUFTN
QFMPJQTYYSWSKMLWGUQFKUEHKBYLYAIKSYVQSEKBKEVXJUFTNWDYUVOJECNBHDQNLKUGYZJIQGYCDKEOJGWZUHKUEJFWQVGBUQN
PJQYYSWKLUFUEHYLYAKSYVEKBKEXJUTYUVEBHDQNLKUYIGYCDKOWZHKWVGQNUBQFJEUUGJEQJZGNCJODWNFVSQIBKKQGWMSTMFQ
PJQYYSWKLUFUEHYLYAKSYVEKBKEXJUTYUVEBHDQNLKUYIGYCDKOWZHKWVGQNUBQFJEUUGJEQJZGNCJODWNFVSQIBKKQGWMSTMFQ
YSWLUYAKYBJTBDLKIYDZHQNUGQNCIKMTMFQSWGQKBQSVFNWDOJGZJEJUEJFQBUGVWKWOKCGYUNQHEVUYUXEKKEVSLYHEFUKYQJP
GZJEJUEJFQBUGVWKWOKCGYUNQHEVUYUXEKKEVSLYHEFUKYQJPJYSWLUYAKYBJTBDLKIYDZHQNUGQNCIKMTMFQSWGQKBQSVFNWDO
GZUEFUGGYUNQHEVUXKVLYHEFUKYQJJWYAKTLKIDZHQNNCIMTMFQSWGQKFNDOWVSQBKQGUYDBJBYULSYPSEKEUYCKOWKWVBQJJEJ
QSWGQKFNDOWVSQBKQGUYDBJBYULSYPSEKEUYCKOWKWVBQJJEJFGZUEFUGGYUNQHEVUXKVLYHEFUKYQJJWYAKTLKIDZHQNNCIMTM
GFNDKGDJBYUEEUCOWKJEUUGGYNQEULYHEFUYQJWALHQNNIMMTCZDIKTKYJKVKXVHUFEZGFJJQBVWKYKSPYSLBYUQBQSVWOKQWSQ
ZDIKTKYJKVKXVHUFEZGFJJQBVWKYKSPYSLBYUQBQSVWOKQWSQCGFNDKGDJBYUEEUCOWKJEUUGGYNQEULYHEFUYQJWALHQNNIMMT
ZKTKVKVFZGFJQBWKSPYUQBQSWOKSQNDKJBYUEOKUGGNEUYHEFUQJWALHQNNTMMIYLQYUEJWCUEDGFGCWQVBLSYKYVJEUHXJYKID
QJWALHQNNTMMIYLQYUEJWCUEDGFGCWQVBLSYKYVJEUHXJYKIDUZKTKVKVFZGFJQBWKSPYUQBQSWOKSQNDKJBYUEOKUGGNEUYHEF
ALNMQUEJWCUFGCWBYKYVHYZTKKFZFJQBWYBQSWKQNDKJBYUEKUGGNUHFEYEOSOQUPSKGVVKUDIKJXUEJSLVQGDEYLYIMTNQHWJQ
GGNUHFEYEOSOQUPSKGVVKUDIKJXUEJSLVQGDEYLYIMTNQHWJQUALNMQUEJWCUFGCWBYKYVHYZTKKFZFJQBWYBQSWKQNDKJBYUEK
GGNUHFEESOQUSKVUDKJLQDYYMTNQHQULJFCWVZKKZFJYBKQNDBUKEYJKWSQWBQFTYHYKYBGUCWEUQMNAJWILEGVSJEUXIKVGPOY
UKEYJKWSQWBQFTYHYKYBGUCWEUQMNAJWILEGVSJEUXIKVGPOYBGGNUHFEESOQUSKVUDKJLQDYYMTNQHQULJFCWVZKKZFJYBKQND
KYJWSBQTYUCWEILEGVSJEUKVGBGNHFEQSKQMQULCKNDQKBYJFZKZVWFJQHNTYYDLJKDUVUOSEUGYOPIXWJANMQUGBKYHYFWQKEU
KYJWSBQTYUCWEILEGVSJEUKVGBGNHFEQSKQMQULCKNDQKBYJFZKZVWFJQHNTYYDLJKDUVUOSEUGYOPIXWJANMQUGBKYHYFWQKEU
KYBTYCIJEUGBGNHFQSKLCKNDKBJKZWFJQHYDLJUVOEUPIXWJANMQUGBYFWEUKQHYKOYGSUDKYTNVZFYQUQMQEVKSVGELEWUQSWJ
MQUGBYFWEUKQHYKOYGSUDKYTNVZFYQUQMQEVKSVGELEWUQSWJNKYBTYCIJEUGBGNHFQSKLCKNDKBJKZWFJQHYDLJUVOEUPIXWJA
QWEQHKOSUDYTNVMVKSEWNYTYCUBGQSLKDBJZWJQHYDUVPAJWXIUEOJLFKKNCKFHNGEJIBKJSQUWELGVEQQUQYFZKGYYKUFYBGUM
QWEQHKOSUDYTNVMVKSEWNYTYCUBGQSLKDBJZWJQHYDUVPAJWXIUEOJLFKKNCKFHNGEJIBKJSQUWELGVEQQUQYFZKGYYKUFYBGUM
WKOYTNVMVSEYTYQLKDJZJQYAJOJLKNFNJSUELVEUQYZGYYUFYGUMBKKFQQGWQKBIJEGHKCKFEUIXWPVUDHWBSGBUCNWKDUSHQEQ
WKOYTNVMVSEYTYQLKDJZJQYAJOJLKNFNJSUELVEUQYZGYYUFYGUMBKKFQQGWQKBIJEGHKCKFEUIXWPVUDHWBSGBUCNWKDUSHQEQ
WKYNMVSYTYQLJJQAOJLKNJSELVEQYYUYGUBKKFQQGWQKBIKEXWVUSBCKUEQQHSDWNUGBWHDPIUFCKHGEJMFGZYUUFNJYZDKEVTO
WKYNMVSYTYQLJJQAOJLKNJSELVEQYYUYGUBKKFQQGWQKBIKEXWVUSBCKUEQQHSDWNUGBWHDPIUFCKHGEJMFGZYUUFNJYZDKEVTO
WKNMTYQJJQLKNSLVEYYGBKKQQGWBIXSBUEQHDWNGBHICKHGZYNJYDVTOEKZFUUGFMJEFUPDWUSQKCUVWEKKQFUUYQEJJOALYSVY
JYDVTOEKZFUUGFMJEFUPDWUSQKCUVWEKKQFUUYQEJJOALYSVYNWKNMTYQJJQLKNSLVEYYGBKKQQGWBIXSBUEQHDWNGBHICKHGZY
YTOEKZUUGFMFUPWUKCWEKKQFUYQEJJLSVYNWYQJJKNLVEYYBKQQWISBQHDNICZYGHKHBGWEUXBGKGSLQTMNKYAOUVUQSDEJFVDJ
YTOEKZUUGFMFUPWUKCWEKKQFUYQEJJLSVYNWYQJJKNLVEYYBKQQWISBQHDNICZYGHKHBGWEUXBGKGSLQTMNKYAOUVUQSDEJFVDJ
ZGMUPWKEKKYJJLSYNWQJNLVKQIQHNCZYGBGKSLQTMKAQFVDJJEDSUVUOYNGGBXUEWHKHIDBSWQBYYEKJYVEQUFQWCUFFUUKEOTY
ZGMUPWKEKKYJJLSYNWQJNLVKQIQHNCZYGBGKSLQTMKAQFVDJJEDSUVUOYNGGBXUEWHKHIDBSWQBYYEKJYVEQUFQWCUFFUUKEOTY
ZGUWKYJJYNLVKQNCYGKSLQMKAFJDSVOGGXUIEKYQUQWCUEYTOKUFFUFEVJYYBQWSBDHKHWEBNYUUEJDVQTGBZHQINJQWSLKEKPM
UFFUFEVJYYBQWSBDHKHWEBNYUUEJDVQTGBZHQINJQWSLKEKPMKZGUWKYJJYNLVKQNCYGKSLQMKAFJDSVOGGXUIEKYQUQWCUEYTO
FUFEVYBQWSBDHEBYDQTGZNWLKEMKZGWJLVKCSLQMKAFSVGUEKQYOTEUCWQUYIXGODJKGYNQNYJYKUPKSQJIQHBVJEUUNWKHYJFU
YOTEUCWQUYIXGODJKGYNQNYJYKUPKSQJIQHBVJEUUNWKHYJFUQFUFEVYBQWSBDHEBYDQTGZNWLKEMKZGWJLVKCSLQMKAFSVGUEK
OUWQUYXDJKYNQNKUSQJQHJEUNHYJFUEVBQBDHEBDGNKMGJCQMAFEKUGVSKLSKVLWZKELWZTQYSWYFUFQKWUVBIKPYJYGOGICETY
OUWQUYXDJKYNQNKUSQJQHJEUNHYJFUEVBQBDHEBDGNKMGJCQMAFEKUGVSKLSKVLWZKELWZTQYSWYFUFQKWUVBIKPYJYGOGICETY
UQYXJYKUQEUNYJUEVBEBDGKMQFUGVSSKZKELWTYYKUVYJGICETYOGYPKIBWQFUFWSQZWLVLKKEAMCJGNHDBQFHJHQJSNQNKDUWO
UQYXJYKUQEUNYJUEVBEBDGKMQFUGVSSKZKELWTYYKUVYJGICETYOGYPKIBWQFUFWSQZWLVLKKEAMCJGNHDBQFHJHQJSNQNKDUWO
QXJYKEUNEVEBDGMQGVSSKZKELTYYJICETOYPKBFSQZLKKEAMGQHJQJNDWOUKQNSHFBDHNJCLVWWFUQWIGYGVUKYWUFKBUJYQUYU
HJQJNDWOUKQNSHFBDHNJCLVWWFUQWIGYGVUKYWUFKBUJYQUYUQQXJYKEUNEVEBDGMQGVSSKZKELTYYJICETOYPKBFSQZLKKEAMG
JUKQNSHBDHNLVWFWGGVUWUFUJYQUYXJKVBDGMQZETTYKBSZLKGMAEKQFPOECIJYYLKKSSVGEENUEYQQUBKYKYIQUWCJFOWDNQJH
JUKQNSHBDHNLVWFWGGVUWUFUJYQUYXJKVBDGMQZETTYKBSZLKGMAEKQFPOECIJYYLKKSSVGEENUEYQQUBKYKYIQUWCJFOWDNQJH
UHHNLVWFVUFYQYJBDGMZETYBZKGMAEQPOEIYLKSEEQUCJWDQJHNOFWUQIYKYKBQYEUNGVSKYJCFKLSKTQVKXUJUWUGGWDBSNQKJ
NOFWUQIYKYKBQYEUNGVSKYJCFKLSKTQVKXUJUWUGGWDBSNQKJHUHHNLVWFVUFYQYJBDGMZETYBZKGMAEQPOEIYLKSEEQUCJWDQJ
OFWEUYCKSKVKXJUGBQKHHWVFJMZTYZKAQELEUWDQJJCQESKYIOPEMGBEGDBYQYUFVLNUHJNSDWGUWUQTLFJKSVGNYQBKYKYIQUN
OFWEUYCKSKVKXJUGBQKHHWVFJMZTYZKAQELEUWDQJJCQESKYIOPEMGBEGDBYQYUFVLNUHJNSDWGUWUQTLFJKSVGNYQBKYKYIQUN
OFWUYCKSKKXUBQHHWFMKALEWDQJCQEIOPEGBYQYUFVNHJSDWGUJKSGQKKYIQNUYBYNVFLTQWUNULDEBGMYKSJUEQZYTZJVKGJVE
JKSGQKKYIQNUYBYNVFLTQWUNULDEBGMYKSJUEQZYTZJVKGJVEUOFWUYCKSKKXUBQHHWFMKALEWDQJCQEIOPEGBYQYUFVNHJSDWG
JSGKNVLTQNULBGKSJUQZGEUFYCKKXQHWLDJCEBQYUFNHDGWSJVYGEPOIQQWEAKMFHBUKSUWOVJKVJZTYEYMEDUWFYBYUNQIYKQK
JSGKNVLTQNULBGKSJUQZGEUFYCKKXQHWLDJCEBQYUFNHDGWSJVYGEPOIQQWEAKMFHBUKSUWOVJKVJZTYEYMEDUWFYBYUNQIYKQK
SGKNVTUUFYCKLDCUNDGSJVEPIQQWFBKSUZYEEDUWYBYQIKQKYNUFMYTJVKJVOWUHMKAEOGYWHFYQBEJWHQXKEGZQJSKGBLUNQLJ
SGKNVTUUFYCKLDCUNDGSJVEPIQQWFBKSUZYEEDUWYBYQIKQKYNUFMYTJVKJVOWUHMKAEOGYWHFYQBEJWHQXKEGZQJSKGBLUNQLJ
SGNTYCUNGSJIQWBKYEEDYQIYNUMYTJVKWUAOGYWYQBEWXKESKGBJLQNULJQZGQHJFHEKMHOVJFKQKYBWUZUSFQPEVDCDLKFUUVK
SGNTYCUNGSJIQWBKYEEDYQIYNUMYTJVKWUAOGYWYQBEWXKESKGBJLQNULJQZGQHJFHEKMHOVJFKQKYBWUZUSFQPEVDCDLKFUUVK
SNYCNGSJWBEYUMJUYWXSKGLUJGHJFKMVJFKKBUSQPVLFUKVUKDCDEFUZWYQOHEHQZQLNQJBEKEBQYWGOAWKVTYNYIQDEYKQIUTG
CDEFUZWYQOHEHQZQLNQJBEKEBQYWGOAWKVTYNYIQDEYKQIUTGDSNYCNGSJWBEYUMJUYWXSKGLUJGHJFKMVJFKKBUSQPVLFUKVUK
CYOEQJBKEGAWKNDEUTGDSNCNBEMJUWSKLUHJKVJFKBUSQPFKUVKULVKMFGJGXYUYWJSGYIQKYQIYYTVOWYQBEQNLZQHHQWZUFED
CYOEQJBKEGAWKNDEUTGDSNCNBEMJUWSKLUHJKVJFKBUSQPFKUVKULVKMFGJGXYUYWJSGYIQKYQIYYTVOWYQBEQNLZQHHQWZUFED
COQBEGAWKNUGSNNBUWSKKVJUQFKUULGGYYJGIQYTWYBEQNZHQWZUDEFHQLQOVYYIQKYSWUXJFMKVKVPSBKFJHULJMECDTEDKJEY
ZUDEFHQLQOVYYIQKYSWUXJFMKVKVPSBKFJHULJMECDTEDKJEYWCOQBEGAWKNUGSNNBUWSKKVJUQFKUULGGYYJGIQYTWYBEQNZHQ
ZFHOYWUXJFMKVVKFJUJETJCOGWKUSNBUWSKKVJQFUGYJGQYBNZHQQEYWTIYGLUKUNGNAEBQWYEKDEDCMLHBSPKSYKQIYVQLQEDU
ZFHOYWUXJFMKVVKFJUJETJCOGWKUSNBUWSKKVJQFUGYJGQYBNZHQQEYWTIYGLUKUNGNAEBQWYEKDEDCMLHBSPKSYKQIYVQLQEDU
ZFOYUVFJJETCGWSBSVQFUGQYNHQQEYWTKNNBWEKEDCMLPKSYIVLEUDQQYQKSBHDYQEAGUULGYIZBGJYJKKWUNUKOJUKVKMFJXWH
LEUDQQYQKSBHDYQEAGUULGYIZBGJYJKKWUNUKOJUKVKMFJXWHVZFOYUVFJJETCGWSBSVQFUGQYNHQQEYWTKNNBWEKEDCMLPKSYI
QKDEAUULGYBJJKJKHVFJTWSVQQEWKNNBEEMPKYISLCDKWTYQHNYGUFQSBGCEJVUYOFZWXJFMKVUOKUNUWKYGZIGQYHBSYQQDUEL
YGUFQSBGCEJVUYOFZWXJFMKVUOKUNUWKYGZIGQYHBSYQQDUELNQKDEAUULGYBJJKJKHVFJTWSVQQEWKNNBEEMPKYISLCDKWTYQH
YGUFQBEJVUYOXJOUWKYZIYHBSYQUNQKDAGBJJJKVFTWQEWNBEMILCDKWTYHQSYKPENKQVSJHKYLUUELEDQQGGUNKUVKMFWZFCGS
ILCDKWTYHQSYKPENKQVSJHKYLUUELEDQQGGUNKUVKMFWZFCGSMYGUFQBEJVUYOXJOUWKYZIYHBSYQUNQKDAGBJJJKVFTWQEWNBE
ICKTYYNVKUUELEQUKMFWCGGBUYJUWYBNQKAJJVWENEBWQTFKJBGDUQYSHIZYKOXOVJEQFUYMSFZVUKNGGQDLYHJSQKEPKSQHWDL
GDUQYSHIZYKOXOVJEQFUYMSFZVUKNGGQDLYHJSQKEPKSQHWDLBICKTYYNVKUUELEQUKMFWCGGBUYJUWYBNQKAJJVWENEBWQTFKJ
GDUHIYKOOVJEQFFZVUNDLSEPQLCYVKEQKMFWCBWBNQKJVENQFJKTWBEWJAYUJYUGGULEUUNYTKIBDWHSKKQJHYQGGKSMYUXZSYQ
KTWBEWJAYUJYUGGULEUUNYTKIBDWHSKKQJHYQGGKSMYUXZSYQJGDUHIYKOOVJEQFFZVUNDLSEPQLCYVKEQKMFWCBWBNQKJVENQF
TWBWAYUYUGKIBKQYQGYUXZQGUOOEFVUNLSEPQCYQKMFBKVENQFJQNWBCWEKVLDZFQJVKYIHDJYSMSKGHJKSHWDTYNUUELUGJJEK
JQNWBCWEKVLDZFQJVKYIHDJYSMSKGHJKSHWDTYNUUELUGJJEKFTWBWAYUYUGKIBKQYQGYUXZQGUOOEFVUNLSEPQCYQKMFBKVENQ
QNWWEVLDZFQJYDYSMGJHDTYUEUJEKFTWAYUUGKIBKQYQYZUOUNLEQQMFBKNQEVKYCPSVFEOGQXUGYWBJGLUNWSKHKSJHIKVKCBJ
LEQQMFBKNQEVKYCPSVFEOGQXUGYWBJGLUNWSKHKSJHIKVKCBJNQNWWEVLDZFQJYDYSMGJHDTYUEUJEKFTWAYUUGKIBKQYQYZUOU
EQMFBKNSVFQWBJNWSJHCBNQNWLDFQYSMHTYUEUJKFTUGIKQYUUOZYQBKUYAWEDJGDYJZVEWJKVKISKHKULGYGUXGOEPCYKVEQQL
OZYQBKUYAWEDJGDYJZVEWJKVKISKHKULGYGUXGOEPCYKVEQQLUEQMFBKNSVFQWBJNWSJHCBNQNWLDFQYSMHTYUEUJKFTUGIKQYU
ZQUAJGDYEWJKIKLGYGGPYKQLUQFBKSVFWSJHNDYHTEFUKQYUIGTKJUUYMSQFLWQNBCWNJBQNMEQEVCEOXUUKHSVKVZJDEWYKBYO
TKJUUYMSQFLWQNBCWNJBQNMEQEVCEOXUUKHSVKVZJDEWYKBYOGZQUAJGDYEWJKIKLGYGGPYKQLUQFBKSVFWSJHNDYHTEFUKQYUI
KUSQJQEVEXUHSVZWKBYOGZUADWJKIYGYKLQFBSWJHNYEFUKQUIYTHDSFVKUQPGGLKEYGJQYEDJKVKUOCQEMNBNWCBNWLFQMYUJT
YTHDSFVKUQPGGLKEYGJQYEDJKVKUOCQEMNBNWCBNWLFQMYUJTIKUSQJQEVEXUHSVZWKBYOGZUADWJKIYGYKLQFBSWJHNYEFUKQU
YHDQGEYGJQYJKVUCQNLFMYJEUHSKYOZUDYGKLQBJNFUUQKEYHWSFYIKJWAGBWZVXEVQQSUKITJUQWNBCWNBMEOKDEKLGPUKVFST
YHDQGEYGJQYJKVUCQNLFMYJEUHSKYOZUDYGKLQBJNFUUQKEYHWSFYIKJWAGBWZVXEVQQSUKITJUQWNBCWNBMEOKDEKLGPUKVFST
YHQEYGQYJKVCLFYJEUKUYBJNUYHWSIGZVXEQQSUKTJQWNWKDKUVTSFKPGLEOEMBNCBUIVWBAWJKYFEKQUFQLKGDZOYSHMNQUJGD
VTSFKPGLEOEMBNCBUIVWBAWJKYFEKQUFQLKGDZOYSHMNQUJGDUYHQEYGQYJKVCLFYJEUKUYBJNUYHWSIGZVXEQQSUKTJQWNWKDK
GEEMNIVBAWJKEQFQKOYHMNQDUHEYGQYJVCLYJBSZQSKTJQWKDKNWUQEXVGIWHYUNJYUKUEFKQYGJUSZDGLUKFYWUBCBOLPKFSTV
NWUQEXVGIWHYUNJYUKUEFKQYGJUSZDGLUKFYWUBCBOLPKFSTVKGEEMNIVBAWJKEQFQKOYHMNQDUHEYGQYJVCLYJBSZQSKTJQWKD
NWQXVGIHYJKUFKQUUKFCPFSTVGVAJFQYMNHQJBSQSTWKDQJKZJYLCVYGYEUDQHOKQEKWBINMEEKKLOBBUWYLGDZSJGYEUYNUWEU
NWQXVGIHYJKUFKQUUKFCPFSTVGVAJFQYMNHQJBSQSTWKDQJKZJYLCVYGYEUDQHOKQEKWBINMEEKKLOBBUWYLGDZSJGYEUYNUWEU
QXVGIHYJKUKQUUKFSVVAFHKDJZLVYYQQEKWNMEOBULDSGEUYEUWUNYJZGYWBLKKEIBKOHDUEGCYJKQWTSQSBJQNMYQJGTFPCFWN
QXVGIHYJKUKQUUKFSVVAFHKDJZLVYYQQEKWNMEOBULDSGEUYEUWUNYJZGYWBLKKEIBKOHDUEGCYJKQWTSQSBJQNMYQJGTFPCFWN
QXVGHUKQUUVFKDJVQWBUSEUJGYBLKODUECYKQWTQSBQYQGTPFWNCFJMNJSJGHKBIEKWZYNWUEYUGDLOEMNKEQYYLZHAVSFKKJYI
QXVGHUKQUUVFKDJVQWBUSEUJGYBLKODUECYKQWTQSBQYQGTPFWNCFJMNJSJGHKBIEKWZYNWUEYUGDLOEMNKEQYYLZHAVSFKKJYI
QXVGHUKUUFDVBUEKUKTQSBQNCMSHIWZUEUOEEQYLAVFKJYIKSHZYKNMLDGYWNYKEBKGJJNJFWFPTGYQWQYCEDOLBYGJUSWQJKVQ
ZYKNMLDGYWNYKEBKGJJNJFWFPTGYQWQYCEDOLBYGJUSWQJKVQHQXVGHUKUUFDVBUEKUKTQSBQNCMSHIWZUEUOEEQYLAVFKJYIKS
KMLYWKGNJPTYCEDOLJUSWQKHQXKUUFDUEUTQSQCMHUEUOEQFKSKIYJVALYEZWISNBKKBVUHGVQVJGYBQWQYGFWFJJKBEYNGDNYZ
KIYJVALYEZWISNBKKBVUHGVQVJGYBQWQYGFWFJJKBEYNGDNYZSKMLYWKGNJPTYCEDOLJUSWQKHQXKUUFDUEUTQSQCMHUEUOEQFK
YJVEWBKBVUHGVBWFJKBENDNYSYWKGJPYCSQKQKUFEMHUEOEKFQUCQSQTUUDUXHWUJLODETNLMKZGYJFWGYQQYGJQVKNSIZYLAIK
YJVEWBKBVUHGVBWFJKBENDNYSYWKGJPYCSQKQKUFEMHUEOEKFQUCQSQTUUDUXHWUJLODETNLMKZGYJFWGYQQYGJQVKNSIZYLAIK
YVBKVUHBWFENDNYYWKGCKKMUOKFQUUDXLODENLKZJFWYYJQNSZAIKLYIKVGQQGYGMTJUWHUTQSQCUEEHEFUQQSYPJSBKJVGBWEJ
YVBKVUHBWFENDNYYWKGCKKMUOKFQUUDXLODENLKZJFWYYJQNSZAIKLYIKVGQQGYGMTJUWHUTQSQCUEEHEFUQQSYPJSBKJVGBWEJ
YKHBFNDKKMOQDXLODNLFYYJSAIIVQGGMJUHUTQEHESPSBJVEJWBGKJYQQUFEUCQSWTYQGKYLKZNQWJZKEUUFKUKCGWYYNEWUVBV
YKHBFNDKKMOQDXLODNLFYYJSAIIVQGGMJUHUTQEHESPSBJVEJWBGKJYQQUFEUCQSWTYQGKYLKZNQWJZKEUUFKUKCGWYYNEWUVBV
YKBKDLFYSAIGGMJUQEEPBEBGKJQUWTYQGKYNQJKUFKCGYNBVVUWEYWKUUEZWZKLSQCUEFQYWJVJSSHTUHQVIJYNDOLXQOMKDNFH
YKBKDLFYSAIGGMJUQEEPBEBGKJQUWTYQGKYNQJKUFKCGYNBVVUWEYWKUUEZWZKLSQCUEFQYWJVJSSHTUHQVIJYNDOLXQOMKDNFH
YKBLFYSAIMJQEBJWQGYJUFKNVUYKUEZWZLQCUVJSSHHJYNOKFHNDMOQXLDIVQUTJWYQFESKUWEWVBYGCKQNKYTUQKGBPEEUGGDK
NDMOQXLDIVQUTJWYQFESKUWEWVBYGCKQNKYTUQKGBPEEUGGDKHYKBLFYSAIMJQEBJWQGYJUFKNVUYKUEZWZLQCUVJSSHHJYNOKF
DLDIVUTJWQFESWBYKQKTUQBPEUGYKBLSAIMQYFKNVUYEZWZLHHYFKONJSSJVUCQUKUJGWJBEQJYFHKDGEGKYNCGVWEUKYQXQOMN
DLDIVUTJWQFESWBYKQKTUQBPEUGYKBLSAIMQYFKNVUYEZWZLHHYFKONJSSJVUCQUKUJGWJBEQJYFHKDGEGKYNCGVWEUKYQXQOMN
DDVTWQFSWYKKUUGSAYNVUEWLHFKNVUCUKUJBEJKGYNCKQQNMOXYUEWVGKEGDHFYQWGJQJSSJOYHZZYKFQMILBKYEPBQTQBEJUIL
DDVTWQFSWYKKUUGSAYNVUEWLHFKNVUCUKUJBEJKGYNCKQQNMOXYUEWVGKEGDHFYQWGJQJSSJOYHZZYKFQMILBKYEPBQTQBEJUIL
DTFWUGSANVUWLFVUKJBJKGYKNMYWGGDHYQGJSYZZYKFMKBQTLIUJEBQPEYBLIQHOJSQJWFEKVEUXOQQCNEUCUNKHEYUKKYSQWVD
DTFWUGSANVUWLFVUKJBJKGYKNMYWGGDHYQGJSYZZYKFMKBQTLIUJEBQPEYBLIQHOJSQJWFEKVEUXOQQCNEUCUNKHEYUKKYSQWVD
TUGSAULJKGKYGGSKFKBQJEBQEYBLHOQJWFEXQQEUUKEYUKYSWVDQKHNCNCOUEVKSJQIPUILTMYZZYJQYHDGWMNYJBKUVFWVNWFD
DQKHNCNCOUEVKSJQIPUILTMYZZYJQYHDGWMNYJBKUVFWVNWFDVTUGSAULJKGKYGGSKFKBQJEBQEYBLHOQJWFEXQQEUUKEYUKYSW
DQKHCNOESIUTYYYHDGJUVVNFDVGUGKGSKFBEBJWFXQKUYWSKYEUUEQEQOHLYQBEJQKGYKJLASUTWWFKBYNMWQJZZMLIPQJKVUCN
DQKHCNOESIUTYYYHDGJUVVNFDVGUGKGSKFBEBJWFXQKUYWSKYEUUEQEQOHLYQBEJQKGYKJLASUTWWFKBYNMWQJZZMLIPQJKVUCN
DHCNOIYDUNUGKGSKFBJFXKUYWSYEUEOQBEJQKGJLAUTFKYJMIQJKUCNVPLZZQWMNBWWSKYYLHQQEUKQWBEGVDFVVJGHYYTUSEKQ
JKUCNVPLZZQWMNBWWSKYYLHQQEUKQWBEGVDFVVJGHYYTUSEKQQDHCNOIYDUNUGKGSKFBJFXKUYWSYEUEOQBEJQKGJLAUTFKYJMI
UNVPLZWBKYQEUKWBEDFVVGYTUEDCNUUGFBFKUWSEEQEJQKAUTIMJYKFLJGBOUYYXJKSKGNDYIOHQQKSYHJVGQQHLYSWWNMQZCKJ
MJYKFLJGBOUYYXJKSKGNDYIOHQQKSYHJVGQQHLYSWWNMQZCKJIUNVPLZWBKYQEUKWBEDFVVGYTUEDCNUUGFBFKUWSEEQEJQKAUT
JKFOGOHHJVHWNJIVPBYQEUKEFVGDCNUGBWSEEQEJAUTKQUKFFUEUTYVDBWKWZLNUKCZQMWSYLQQGYSKQQIYDNKSKJXYYUBGJLYM
EUTYVDBWKWZLNUKCZQMWSYLQQGYSKQQIYDNKSKJXYYUBGJLYMUJKFOGOHHJVHWNJIVPBYQEUKEFVGDCNUGBWSEEQEJAUTKQUKFF
UTDBZLNKCWSYQYKIDNKJYYJYMJKGOHHJVHWNVPBQEFVDUGWSEJTQUFFKKUAEQEBNCGEKUYIJOFULGBUXKSYQQSGQLMQZUWKWVYE
TQUFFKKUAEQEBNCGEKUYIJOFULGBUXKSYQQSGQLMQZUWKWVYEJUTDBZLNKCWSYQYKIDNKJYYJYMJKGOHHJVHWNVPBQEFVDUGWSE
TFFKKUEBNKIJOGBXSYGLMQZUWYEUTBNKYKNKYJJKGOHVHWNQEFVDGWESUBPVJHMYYJDIQYSWCLZDJVWKQSQQKULUFYUEGCQEAUQ
TFFKKUEBNKIJOGBXSYGLMQZUWYEUTBNKYKNKYJJKGOHVHWNQEFVDGWESUBPVJHMYYJDIQYSWCLZDJVWKQSQQKULUFYUEGCQEAUQ
TFKUEBNOGBYGMZTBKYJGOVHNQFVWESBDQSKSQLUYEGCEUQAQUFUKQQWVJDZLCWYIJYYMHJVPUGDEWHKJYKNKNUEYWUQLSXJIKKF
TFKUEBNOGBYGMZTBKYJGOVHNQFVWESBDQSKSQLUYEGCEUQAQUFUKQQWVJDZLCWYIJYYMHJVPUGDEWHKJYKNKNUEYWUQLSXJIKKF
FKEOGBYGYGONQFVWEBDSQLUEUQQKQQWVYYMHVPGDEWKJKNEYWUQJKFKIXSLUNKYHUJJIYWCLZDJUFUAECGYKSQSHVJKBTZMNBUT
QJKFKIXSLUNKYHUJJIYWCLZDJUFUAECGYKSQSHVJKBTZMNBUTUFKEOGBYGYGONQFVWEBDSQLUEUQQKQQWVYYMHVPGDEWKJKNEYW
JFISNKYHIYLDJECYKSHKBTUFEBYGYONQWDSUQKQQYGWKNEWYKJEDPVHMYVWQUELQBEVFGGOKUBNMZTJVQSGAUFUZCWJJUULXKKQ
JFISNKYHIYLDJECYKSHKBTUFEBYGYONQWDSUQKQQYGWKNEWYKJEDPVHMYVWQUELQBEVFGGOKUBNMZTJVQSGAUFUZCWJJUULXKKQ
FIKYLJCYSHKBTUFBNUKQQYNEWJPMYWUEQOKUMTJVSGWJJUUXKQKLCZUFUAQZNBGGFVEBLQVHVDEKYKWGQSDWQOYGYEKEDYIHNSJ
FIKYLJCYSHKBTUFBNUKQQYNEWJPMYWUEQOKUMTJVSGWJJUUXKQKLCZUFUAQZNBGGFVEBLQVHVDEKYKWGQSDWQOYGYEKEDYIHNSJ
FIKYLJCYSHKBTUFBNUKQQYNEWJPMYWUEQOKUMTJVSGWJJUUXKQKLCZUFUAQZNBGGFVEBLQVHVDEKYKWGQSDWQOYGYEKEDYIHNSJ
